###############################################################################
#
# IAR ELF Linker V9.60.3.422/W64 for ARM                  24/Jul/2025  18:35:04
# Copyright 2007-2024 IAR Systems AB.
#
#    Output file  =
#        D:\Study_resources\电赛\TSP\TSP3519\iar\Debug\Exe\empty_mspm0g3519_nortos_iar.out
#    Map file     =
#        D:\Study_resources\电赛\TSP\TSP3519\iar\Debug\List\empty_mspm0g3519_nortos_iar.map
#    Command line =
#        -f
#        D:\Study_resources\电赛\TSP\TSP3519\iar\Debug\Exe\empty_mspm0g3519_nortos_iar.out.rsp
#        (D:\Study_resources\电赛\TSP\TSP3519\iar\Debug\Obj\iar_102420246905159791.dir\startup_mspm0g351x_iar.o
#        "D:\Study_resources\电赛\TSP\TSP3519\iar\Debug\Obj\SysConfig Generated
#        Files_5435349133262493662.dir\ti_msp_dl_config.o"
#        D:\Study_resources\电赛\TSP\TSP3519\iar\Debug\Obj\empty_mspm0g3519_13168490636323535303.dir\TSP3519.o
#        D:\Study_resources\电赛\TSP\TSP3519\iar\Debug\Obj\TSP3519_9401757970942732151.dir\tsp_adc.o
#        D:\Study_resources\电赛\TSP\TSP3519\iar\Debug\Obj\TSP3519_9401757970942732151.dir\tsp_gpio.o
#        D:\Study_resources\电赛\TSP\TSP3519\iar\Debug\Obj\TSP3519_9401757970942732151.dir\tsp_i2c.o
#        D:\Study_resources\电赛\TSP\TSP3519\iar\Debug\Obj\NUEDU2025_11847588325976546582.dir\tsp_isr.o
#        D:\Study_resources\电赛\TSP\TSP3519\iar\Debug\Obj\TSP3519_9401757970942732151.dir\TSP_MPU6050.o
#        D:\Study_resources\电赛\TSP\TSP3519\iar\Debug\Obj\TSP3519_9401757970942732151.dir\tsp_pwm.o
#        D:\Study_resources\电赛\TSP\TSP3519\iar\Debug\Obj\TSP3519_9401757970942732151.dir\tsp_qei.o
#        D:\Study_resources\电赛\TSP\TSP3519\iar\Debug\Obj\NUEDU2025_11847588325976546582.dir\tsp_servo.o
#        D:\Study_resources\电赛\TSP\TSP3519\iar\Debug\Obj\TSP3519_9401757970942732151.dir\TSP_TFT18.o
#        D:\Study_resources\电赛\TSP\TSP3519\iar\Debug\Obj\TSP3519_9401757970942732151.dir\tsp_uart.o
#        --redirect _Printf=_PrintfFullNoMb --redirect _Scanf=_ScanfFullNoMb
#        --no_out_extension -o
#        D:\Study_resources\电赛\TSP\TSP3519\iar\Debug\Exe\empty_mspm0g3519_nortos_iar.out
#        --map
#        D:\Study_resources\电赛\TSP\TSP3519\iar\Debug\List\empty_mspm0g3519_nortos_iar.map
#        --config D:\Study_resources\电赛\TSP\TSP3519\iar/mspm0g3519.icf
#        D:\ti\mspm0_sdk_2_05_01_00/source/ti/driverlib/lib/iar/m0p/mspm0gx51x/driverlib.a
#        --silent --semihosting --entry __iar_program_start --vfe --text_out
#        locale --cpu=Cortex-M0+ --fpu=None) --dependencies=n
#        D:\Study_resources\电赛\TSP\TSP3519\iar\Debug\Exe\empty_mspm0g3519_nortos_iar.out.iar_deps
#
###############################################################################

*******************************************************************************
*** RUNTIME MODEL ATTRIBUTES
***

CppFlavor       = *
__CPP_Runtime   = 1
__SystemLibrary = DLib
__dlib_version  = 6


*******************************************************************************
*** HEAP SELECTION
***

The basic heap was selected because no calls to memory allocation
functions were found in the application outside of system library
functions, there are calls to deallocation functions in the
application, and the application appears to be primarily
optimized for speed.


*******************************************************************************
*** PLACEMENT SUMMARY
***

"A0":  place at address 0x0 { ro section .intvec };
define block ALIGNED_ROM with end alignment = 8 { ro };
"P1":  place in [from 0x0 to 0x7'ffff] { block ALIGNED_ROM };
define block CSTACK with size = 512, alignment = 8 { };
define block PROC_STACK with size = 0, alignment = 8 { };
define block TRIM_TABLE with alignment = 8 { rw code section .TrimTable };
define block HEAP with size = 1K, alignment = 8 { };
"P2":  place in [from 0x2020'0000 to 0x2020'ffff] {
          rw, block CSTACK, block PROC_STACK, block TRIM_TABLE, block HEAP };
initialize by copy { rw };

No sections matched the following patterns:

  rw code section .TrimTable  in block TRIM_TABLE
  section BCRCONFIG           in "P3"
  section BSLCONFIG           in "P4"
  section DataBank            in "P5"


  Section              Kind         Address  Alignment    Size  Object
  -------              ----         -------  ---------    ----  ------
"A0":                                                     0xc0
  .intvec              const            0x0          4    0xc0  startup_mspm0g351x_iar.o [5]
                                     - 0xc0               0xc0

"P1", part 1 of 2:                                      0x4080
  ALIGNED_ROM                          0xc0             0x4080  <Block>
    .rodata            const           0xc0          4    0x28  ti_msp_dl_config.o [2]
    .rodata            const           0xe8          4    0x48  ti_msp_dl_config.o [2]
    .rodata            const          0x130          4   0x5f0  TSP_TFT18.o [3]
    .rodata            const          0x720          4    0x6a  xprintffull_nomb.o [6]
    .rodata            const          0x78a          2     0x2  xlocale_c.o [6]
    .text              ro code        0x78c          4   0x42c  ti_msp_dl_config.o [2]
    .text              ro code        0xbb8          4    0x50  ti_msp_dl_config.o [2]
    .text              ro code        0xc08          4    0xc4  ti_msp_dl_config.o [2]
    .text              ro code        0xccc          4   0x21c  ti_msp_dl_config.o [2]
    .text              ro code        0xee8          4    0x40  ti_msp_dl_config.o [2]
    .text              ro code        0xf28          4    0x90  ti_msp_dl_config.o [2]
    .text              ro code        0xfb8          4    0xd4  ti_msp_dl_config.o [2]
    .text              ro code       0x108c          4    0x4c  ti_msp_dl_config.o [2]
    .text              ro code       0x10d8          4    0x44  ti_msp_dl_config.o [2]
    .text              ro code       0x111c          4    0x50  ti_msp_dl_config.o [2]
    .text              ro code       0x116c          4    0x44  ti_msp_dl_config.o [2]
    .text              ro code       0x11b0          4    0x3c  ti_msp_dl_config.o [2]
    .text              ro code       0x11ec          4    0x9c  ti_msp_dl_config.o [2]
    .text              ro code       0x1288          4    0x10  ti_msp_dl_config.o [2]
    .text              ro code       0x1298          4     0xa  dl_common.o [7]
    .text              ro code       0x12a2          2     0x2  startup_mspm0g351x_iar.o [5]
    .text              ro code       0x12a4          4   0x184  dl_sysctl_mspm0gx51x.o [7]
    .text              ro code       0x1428          4   0x17c  dl_timer.o [7]
    .text              ro code       0x15a4          4    0xc8  dl_i2c.o [7]
    .text              ro code       0x166c          4    0x60  dl_uart.o [7]
    .text              ro code       0x16cc          4    0x84  dl_spi.o [7]
    .text              ro code       0x1750          4    0x4c  dl_adc12.o [7]
    .text              ro code       0x179c          4    0x58  dl_factoryregion.o [7]
    .text              ro code       0x17f4          4   0x168  TSP3519.o [4]
    .text              ro code       0x195c          4    0x22  tsp_gpio.o [3]
    .text              ro code       0x197e          2     0xa  xsprout.o [6]
    .text              ro code       0x1988          4   0x3b0  TSP_TFT18.o [3]
    .text              ro code       0x1d38          4   0x274  TSP_MPU6050.o [3]
    .text              ro code       0x1fac          4    0x32  FltToDbl.o [8]
    .text              ro code       0x1fde          2    0x3e  packbits_init_single.o [9]
    .text              ro code       0x201c          4    0x40  sprintf.o [6]
    .text              ro code       0x205c          4   0x1d4  tsp_isr.o [1]
    .text              ro code       0x2230          2    0xe0  I32DivModFast.o [9]
    .text              ro code       0x2310          4   0x364  tsp_i2c.o [3]
    .text              ro code       0x2674          4    0x3a  FltToS32.o [8]
    .rodata            const         0x26ae                0x1  xlocale_c.o [6]
    .text              ro code       0x26b0          4    0x36  IxxToFlt.o [8]
    .text              ro code       0x26e6          2   0x120  FltAddSub.o [8]
    .text              ro code       0x2806          2    0xa4  FltDiv.o [8]
    .text              ro code       0x28ac          4    0x3a  ABImemset.o [9]
    .text              ro code       0x28e6          2    0xb0  FltMul.o [8]
    .text              ro code       0x2998          4   0xf86  xprintffull_nomb.o [6]
    .text              ro code       0x3920          4     0x2  IntDivZer.o [9]
    .text              ro code       0x3924          4    0x12  strchr.o [9]
    .text              ro code       0x3938          4    0x48  xfail_s.o [6]
    .text              ro code       0x3980          4     0xe  strlen.o [9]
    .text              ro code       0x3990          4    0x16  memchr.o [9]
    .text              ro code       0x39a8          4    0x4e  ABImemcpy.o [9]
    .text              ro code       0x39f6          2    0x2a  frexp.o [8]
    .text              ro code       0x3a20          2    0x32  DblCmpLe.o [8]
    .text              ro code       0x3a52          2    0x32  DblCmpGe.o [8]
    .text              ro code       0x3a84          2    0x70  ldexp.o [8]
    .text              ro code       0x3af4          4    0x52  DblToI32.o [8]
    .text              ro code       0x3b48          4    0x34  IxxToDbl.o [8]
    .text              ro code       0x3b7c          2   0x1a8  DblAddSub.o [8]
    .text              ro code       0x3d24          2    0xc2  DblDiv.o [8]
    .text              ro code       0x3de6          2   0x184  DblMul.o [8]
    .text              ro code       0x3f6c          4     0xc  xlocale_c.o [6]
    .text              ro code       0x3f78          2    0x7c  I64DivMod.o [9]
    .text              ro code       0x3ff4          2     0xa  abort.o [6]
    .text              ro code       0x4000          4     0x2  I64DivZer.o [9]
    .text              ro code       0x4004          4    0x14  exit.o [10]
    .text              ro code       0x4018          4    0x1c  cstartup_M.o [9]
    .text              ro code       0x4034          4    0x1e  cmain.o [9]
    .text              ro code       0x4052          2     0x4  low_level_init.o [6]
    .text              ro code       0x4058          4    0x28  data_init.o [9]
    .text              ro code       0x4080          2     0x8  exit.o [6]
    .text              ro code       0x4088          4     0xa  cexit.o [9]
    .text              ro code       0x4092          2     0x8  startup_mspm0g351x_iar.o [5]
    .text              ro code       0x409a          2    0x3c  zero_init3.o [9]
    .iar.init_table    const         0x40d8          4    0x20  - Linker created -
    .rodata            const         0x40f8                0x0  zero_init3.o [9]
    .rodata            const         0x40f8                0x0  packbits_init_single.o [9]
    Initializer bytes  const         0x40f8               0x46  <for P2-1>
                                   - 0x413e             0x407e

"P1", part 2 of 2:                                         0x0

"P2", part 1 of 3:                                        0x70
  P2-1                          0x2020'0000               0x70  <Init block>
    .data              inited   0x2020'0000          4    0x34  TSP_MPU6050.o [3]
    .data              inited   0x2020'0034          4     0x4  dl_factoryregion.o [7]
    .data              inited   0x2020'0038          4    0x38  xlocale_c.o [6]
                              - 0x2020'0070               0x70

"P2", part 2 of 3:                                       0x300
  .bss                 zero     0x2020'0070          4   0x224  ti_msp_dl_config.o [2]
  .bss                 zero     0x2020'0294          4    0x80  TSP3519.o [4]
  .TrimTable           zero     0x2020'0314          4    0x44  dl_factoryregion.o [7]
  .bss                 zero     0x2020'0358          4     0x8  TSP3519.o [4]
  .bss                 zero     0x2020'0360          4     0x8  tsp_isr.o [1]
  .bss                 zero     0x2020'0368          4     0x4  xfail_s.o [6]
  .bss                 zero     0x2020'036c          2     0x2  TSP3519.o [4]
  .bss                 zero     0x2020'036e                0x1  TSP3519.o [4]
                              - 0x2020'036f              0x2ff

"P2", part 3 of 3:                                       0x200
  CSTACK                        0x2020'0370          8   0x200  <Block>
    CSTACK             uninit   0x2020'0370              0x200  <Block tail>
                              - 0x2020'0570              0x200

Unused ranges:

         From           To      Size
         ----           --      ----
       0x4140     0x7'ffff  0x7'bec0
  0x2020'0570  0x2020'ffff    0xfa90


*******************************************************************************
*** INIT TABLE
***

          Address      Size
          -------      ----
Zero (__iar_zero_init3)
    1 destination range, total size 0x2ff:
          0x2020'0070  0x2ff

Copy/packbits (__iar_packbits_init_single3)
    1 source range, total size 0x46 (62% of destination):
               0x40f8   0x46
    1 destination range, total size 0x70:
          0x2020'0000   0x70



*******************************************************************************
*** MODULE SUMMARY
***

    Module                    ro code  ro data  rw data
    ------                    -------  -------  -------
command line/config:
    ---------------------------------------------------
    Total:

D:\Study_resources\电赛\TSP\TSP3519\iar\Debug\Obj\NUEDU2025_11847588325976546582.dir: [1]
    tsp_isr.o                     468                 8
    ---------------------------------------------------
    Total:                        468                 8

D:\Study_resources\电赛\TSP\TSP3519\iar\Debug\Obj\SysConfig Generated Files_5435349133262493662.dir: [2]
    ti_msp_dl_config.o          2'828      112      548
    ---------------------------------------------------
    Total:                      2'828      112      548

D:\Study_resources\电赛\TSP\TSP3519\iar\Debug\Obj\TSP3519_9401757970942732151.dir: [3]
    TSP_MPU6050.o                 628       32       52
    TSP_TFT18.o                   944    1'520
    tsp_gpio.o                     34
    tsp_i2c.o                     868
    ---------------------------------------------------
    Total:                      2'474    1'552       52

D:\Study_resources\电赛\TSP\TSP3519\iar\Debug\Obj\empty_mspm0g3519_13168490636323535303.dir: [4]
    TSP3519.o                     360               139
    ---------------------------------------------------
    Total:                        360               139

D:\Study_resources\电赛\TSP\TSP3519\iar\Debug\Obj\iar_102420246905159791.dir: [5]
    startup_mspm0g351x_iar.o       10      192
    ---------------------------------------------------
    Total:                         10      192

dl6M_tlf.a: [6]
    abort.o                        10
    exit.o                          8
    low_level_init.o                4
    sprintf.o                      64
    xfail_s.o                      72                 4
    xlocale_c.o                    12       38       56
    xprintffull_nomb.o          3'974      106
    xsprout.o                      10
    ---------------------------------------------------
    Total:                      4'154      144       60

driverlib.a: [7]
    dl_adc12.o                     76
    dl_common.o                    10
    dl_factoryregion.o             88        3       72
    dl_i2c.o                      200
    dl_spi.o                      132
    dl_sysctl_mspm0gx51x.o        388
    dl_timer.o                    380
    dl_uart.o                      96
    ---------------------------------------------------
    Total:                      1'370        3       72

m6M_tl.a: [8]
    DblAddSub.o                   424
    DblCmpGe.o                     50
    DblCmpLe.o                     50
    DblDiv.o                      194
    DblMul.o                      388
    DblToI32.o                     82
    FltAddSub.o                   288
    FltDiv.o                      164
    FltMul.o                      176
    FltToDbl.o                     50
    FltToS32.o                     58
    IxxToDbl.o                     52
    IxxToFlt.o                     54
    frexp.o                        42
    ldexp.o                       112
    ---------------------------------------------------
    Total:                      2'184

rt6M_tl.a: [9]
    ABImemcpy.o                    78
    ABImemset.o                    58
    I32DivModFast.o               224
    I64DivMod.o                   124
    I64DivZer.o                     2
    IntDivZer.o                     2
    cexit.o                        10
    cmain.o                        30
    cstartup_M.o                   28
    data_init.o                    40
    memchr.o                       22
    packbits_init_single.o         62
    strchr.o                       18
    strlen.o                       14
    zero_init3.o                   60
    ---------------------------------------------------
    Total:                        772

shb_l.a: [10]
    exit.o                         20
    ---------------------------------------------------
    Total:                         20

    Gaps                           25        2
    Linker created                          32      512
-------------------------------------------------------
    Grand Total:               14'665    2'037    1'391


*******************************************************************************
*** ENTRY LIST
***

Entry                       Address   Size  Type      Object
-----                       -------   ----  ----      ------
.iar.init_table$$Base        0x40d8          --   Gb  - Linker created -
.iar.init_table$$Limit       0x40f8          --   Gb  - Linker created -
?main                        0x4035         Code  Gb  cmain.o [9]
ADC0_IRQHandler              0x12a3    0x2  Code  Wk  startup_mspm0g351x_iar.o [5]
ADC1_IRQHandler              0x12a3    0x2  Code  Wk  startup_mspm0g351x_iar.o [5]
AESADV_IRQHandler            0x12a3    0x2  Code  Wk  startup_mspm0g351x_iar.o [5]
ALIGNED_ROM$$Base              0xc0          --   Gb  - Linker created -
ALIGNED_ROM$$Limit           0x4140          --   Gb  - Linker created -
CANFD0_IRQHandler            0x12a3    0x2  Code  Wk  startup_mspm0g351x_iar.o [5]
CANFD1_IRQHandler            0x12a3    0x2  Code  Wk  startup_mspm0g351x_iar.o [5]
CSTACK$$Base            0x2020'0370          --   Gb  - Linker created -
CSTACK$$Limit           0x2020'0570          --   Gb  - Linker created -
DAC0_IRQHandler              0x12a3    0x2  Code  Wk  startup_mspm0g351x_iar.o [5]
DL_ADC12_configConversionMem
                              0x861   0x28  Code  Lc  ti_msp_dl_config.o [2]
DL_ADC12_enableConversions
                              0x851   0x10  Code  Lc  ti_msp_dl_config.o [2]
DL_ADC12_enablePower          0x80b    0xa  Code  Lc  ti_msp_dl_config.o [2]
DL_ADC12_initSeqSample        0x81d   0x34  Code  Lc  ti_msp_dl_config.o [2]
DL_ADC12_reset                0x815    0x8  Code  Lc  ti_msp_dl_config.o [2]
DL_ADC12_setClockConfig
                             0x1751   0x3c  Code  Gb  dl_adc12.o [7]
DL_Common_delayCycles        0x1299    0xa  Code  Gb  dl_common.o [7]
DL_Common_updateReg           0x7ff    0xc  Code  Lc  ti_msp_dl_config.o [2]
DL_Common_updateReg          0x2311    0xc  Code  Lc  tsp_i2c.o [3]
DL_FACTORYREGION_TrimTable
                        0x2020'0314   0x44  Data  Gb  dl_factoryregion.o [7]
DL_FactoryRegion_initTrimTable
                             0x179d   0x58  Code  Gb  dl_factoryregion.o [7]
DL_GPIO_clearInterruptStatus
                              0x97f    0xc  Code  Lc  ti_msp_dl_config.o [2]
DL_GPIO_clearInterruptStatus
                             0x2073    0xc  Code  Lc  tsp_isr.o [1]
DL_GPIO_clearPins             0x947    0x8  Code  Lc  ti_msp_dl_config.o [2]
DL_GPIO_clearPins            0x1807    0x8  Code  Lc  TSP3519.o [4]
DL_GPIO_clearPins            0x2373    0x8  Code  Lc  tsp_i2c.o [3]
DL_GPIO_clearPins            0x198f    0x8  Code  Lc  TSP_TFT18.o [3]
DL_GPIO_enableHiZ             0x961   0x12  Code  Lc  ti_msp_dl_config.o [2]
DL_GPIO_enableHiZ            0x2381   0x12  Code  Lc  tsp_i2c.o [3]
DL_GPIO_enableInterrupt
                              0x973    0xc  Code  Lc  ti_msp_dl_config.o [2]
DL_GPIO_enableOutput          0x94f    0x6  Code  Lc  ti_msp_dl_config.o [2]
DL_GPIO_enableOutput         0x237b    0x6  Code  Lc  tsp_i2c.o [3]
DL_GPIO_enablePower           0x8c9    0xa  Code  Lc  ti_msp_dl_config.o [2]
DL_GPIO_getEnabledInterruptStatus
                             0x2069    0xa  Code  Lc  tsp_isr.o [1]
DL_GPIO_initDigitalInputFeatures
                              0x8e7   0x1a  Code  Lc  ti_msp_dl_config.o [2]
DL_GPIO_initDigitalInputFeatures
                             0x2329   0x1a  Code  Lc  tsp_i2c.o [3]
DL_GPIO_initDigitalOutput
                              0x8db    0xc  Code  Lc  ti_msp_dl_config.o [2]
DL_GPIO_initDigitalOutput
                             0x231d    0xc  Code  Lc  tsp_i2c.o [3]
DL_GPIO_initPeripheralAnalogFunction
                              0x93b    0xc  Code  Lc  ti_msp_dl_config.o [2]
DL_GPIO_initPeripheralInputFunction
                              0x90f    0xe  Code  Lc  ti_msp_dl_config.o [2]
DL_GPIO_initPeripheralInputFunctionFeatures
                              0x91d   0x1e  Code  Lc  ti_msp_dl_config.o [2]
DL_GPIO_initPeripheralInputFunctionFeatures
                             0x2343   0x1e  Code  Lc  tsp_i2c.o [3]
DL_GPIO_initPeripheralOutputFunction
                              0x901    0xe  Code  Lc  ti_msp_dl_config.o [2]
DL_GPIO_readPins             0x17f5    0xc  Code  Lc  TSP3519.o [4]
DL_GPIO_readPins             0x2361    0xc  Code  Lc  tsp_i2c.o [3]
DL_GPIO_readPins             0x205d    0xc  Code  Lc  tsp_isr.o [1]
DL_GPIO_reset                 0x8d3    0x8  Code  Lc  ti_msp_dl_config.o [2]
DL_GPIO_setLowerPinsPolarity
                              0x955    0xc  Code  Lc  ti_msp_dl_config.o [2]
DL_GPIO_setPins              0x1801    0x6  Code  Lc  TSP3519.o [4]
DL_GPIO_setPins              0x236d    0x6  Code  Lc  tsp_i2c.o [3]
DL_GPIO_setPins              0x1989    0x6  Code  Lc  TSP_TFT18.o [3]
DL_I2C_clearInterruptStatus
                             0x23ff    0x6  Code  Lc  tsp_i2c.o [3]
DL_I2C_enableAnalogGlitchFilter
                              0x9b7   0x12  Code  Lc  ti_msp_dl_config.o [2]
DL_I2C_enableController
                              0x9cf    0xe  Code  Lc  ti_msp_dl_config.o [2]
DL_I2C_enableControllerClockStretching
                              0x9dd    0xe  Code  Lc  ti_msp_dl_config.o [2]
DL_I2C_enablePower            0x993    0xa  Code  Lc  ti_msp_dl_config.o [2]
DL_I2C_enablePower           0x23cd    0xa  Code  Lc  tsp_i2c.o [3]
DL_I2C_fillControllerTXFIFO
                             0x15cf   0x74  Code  Gb  dl_i2c.o [7]
DL_I2C_flushControllerTXFIFO
                             0x1643   0x26  Code  Gb  dl_i2c.o [7]
DL_I2C_getControllerStatus
                             0x23df    0x6  Code  Lc  tsp_i2c.o [3]
DL_I2C_getRawInterruptStatus
                             0x23f5    0xa  Code  Lc  tsp_i2c.o [3]
DL_I2C_isControllerRXFIFOEmpty
                             0x2393   0x10  Code  Lc  tsp_i2c.o [3]
DL_I2C_receiveControllerData
                             0x23e5    0x8  Code  Lc  tsp_i2c.o [3]
DL_I2C_reset                  0x99d    0x8  Code  Lc  ti_msp_dl_config.o [2]
DL_I2C_reset                 0x23d7    0x8  Code  Lc  tsp_i2c.o [3]
DL_I2C_resetControllerTransfer
                              0x98b    0x8  Code  Lc  ti_msp_dl_config.o [2]
DL_I2C_setAnalogGlitchFilterPulseWidth
                              0x9a5   0x12  Code  Lc  ti_msp_dl_config.o [2]
DL_I2C_setClockConfig        0x15a5   0x2a  Code  Gb  dl_i2c.o [7]
DL_I2C_setControllerRXFIFOThreshold
                              0x9f9   0x10  Code  Lc  ti_msp_dl_config.o [2]
DL_I2C_setControllerTXFIFOThreshold
                              0x9eb    0xe  Code  Lc  ti_msp_dl_config.o [2]
DL_I2C_setTimerPeriod         0x9c9    0x6  Code  Lc  ti_msp_dl_config.o [2]
DL_I2C_startControllerTransfer
                             0x23a3   0x2a  Code  Lc  tsp_i2c.o [3]
DL_I2C_transmitControllerData
                             0x23ed    0x8  Code  Lc  tsp_i2c.o [3]
DL_Interrupt_getPendingGroup
                             0x2095   0x12  Code  Lc  tsp_isr.o [1]
DL_SPI_enable                 0xa1b    0xe  Code  Lc  ti_msp_dl_config.o [2]
DL_SPI_enablePower            0xa09    0xa  Code  Lc  ti_msp_dl_config.o [2]
DL_SPI_init                  0x16cd   0x44  Code  Gb  dl_spi.o [7]
DL_SPI_receiveDataBlocking8
                             0x1721   0x10  Code  Gb  dl_spi.o [7]
DL_SPI_reset                  0xa13    0x8  Code  Lc  ti_msp_dl_config.o [2]
DL_SPI_setBitRateSerialClockDivider
                              0xa3d    0xe  Code  Lc  ti_msp_dl_config.o [2]
DL_SPI_setClockConfig        0x1711   0x10  Code  Gb  dl_spi.o [7]
DL_SPI_setFIFOThreshold
                              0xa29   0x14  Code  Lc  ti_msp_dl_config.o [2]
DL_SPI_transmitDataBlocking8
                             0x1731    0xe  Code  Gb  dl_spi.o [7]
DL_SYSCTL_configSYSPLL       0x12a5   0xc2  Code  Gb  dl_sysctl_mspm0gx51x.o [7]
DL_SYSCTL_enableMFCLK         0x8ab    0xe  Code  Lc  ti_msp_dl_config.o [2]
DL_SYSCTL_setBORThreshold
                              0x889    0x6  Code  Lc  ti_msp_dl_config.o [2]
DL_SYSCTL_setFlashWaitState
                              0x8b9   0x10  Code  Lc  ti_msp_dl_config.o [2]
DL_SYSCTL_setHFCLKSourceHFXTParams
                             0x1395   0x68  Code  Gb  dl_sysctl_mspm0gx51x.o [7]
DL_SYSCTL_setSYSOSCFreq
                              0x88f    0xe  Code  Lc  ti_msp_dl_config.o [2]
DL_SYSCTL_setULPCLKDivider
                              0x89d    0xe  Code  Lc  ti_msp_dl_config.o [2]
DL_SYSCTL_switchMCLKfromSYSOSCtoHSCLK
                             0x1367   0x24  Code  Gb  dl_sysctl_mspm0gx51x.o [7]
DL_Timer_configQEI            0xaa1   0x1c  Code  Lc  ti_msp_dl_config.o [2]
DL_Timer_enableClock          0xa69    0x8  Code  Lc  ti_msp_dl_config.o [2]
DL_Timer_enablePower          0xa4b    0xa  Code  Lc  ti_msp_dl_config.o [2]
DL_Timer_initFourCCPWMMode
                             0x148d   0xf6  Code  Gb  dl_timer.o [7]
DL_Timer_reset                0xa55    0x8  Code  Lc  ti_msp_dl_config.o [2]
DL_Timer_setCCPDirection
                              0xa61    0x8  Code  Lc  ti_msp_dl_config.o [2]
DL_Timer_setCaptCompUpdateMethod
                             0x144f   0x1a  Code  Gb  dl_timer.o [7]
DL_Timer_setCaptureCompareOutCtl
                             0x1469   0x14  Code  Gb  dl_timer.o [7]
DL_Timer_setCaptureCompareValue
                             0x1445    0xa  Code  Gb  dl_timer.o [7]
DL_Timer_setClockConfig
                             0x1429   0x16  Code  Gb  dl_timer.o [7]
DL_Timer_setCounterControl
                              0xa77   0x16  Code  Lc  ti_msp_dl_config.o [2]
DL_Timer_setLoadValue         0xa71    0x6  Code  Lc  ti_msp_dl_config.o [2]
DL_Timer_startCounter         0xa8d    0xe  Code  Lc  ti_msp_dl_config.o [2]
DL_UART_enable                0xae5   0x10  Code  Lc  ti_msp_dl_config.o [2]
DL_UART_enableInterrupt
                              0xb45    0xc  Code  Lc  ti_msp_dl_config.o [2]
DL_UART_enablePower           0xabd    0xa  Code  Lc  ti_msp_dl_config.o [2]
DL_UART_init                 0x166d   0x48  Code  Gb  dl_uart.o [7]
DL_UART_isRXFIFOEmpty        0x207f    0xe  Code  Lc  tsp_isr.o [1]
DL_UART_receiveData          0x208d    0x8  Code  Lc  tsp_isr.o [1]
DL_UART_reset                 0xad1    0x8  Code  Lc  ti_msp_dl_config.o [2]
DL_UART_setBaudRateDivisor
                              0xb07   0x30  Code  Lc  ti_msp_dl_config.o [2]
DL_UART_setClockConfig       0x16b5   0x10  Code  Gb  dl_uart.o [7]
DL_UART_setOversampling
                              0xaf5   0x12  Code  Lc  ti_msp_dl_config.o [2]
DMA_IRQHandler               0x12a3    0x2  Code  Wk  startup_mspm0g351x_iar.o [5]
Default_Handler              0x12a3    0x2  Code  Lc  startup_mspm0g351x_iar.o [5]
Enable_GPIOA_INT             0x1975    0xa  Code  Gb  tsp_gpio.o [3]
FACTORYVALUE            0x2020'0034    0x4  Data  Gb  dl_factoryregion.o [7]
GROUP0_IRQHandler            0x12a3    0x2  Code  Wk  startup_mspm0g351x_iar.o [5]
GROUP1_IRQHandler            0x213d   0x8c  Code  Gb  tsp_isr.o [1]
HardFault_Handler            0x12a3    0x2  Code  Wk  startup_mspm0g351x_iar.o [5]
I2C0_IRQHandler              0x12a3    0x2  Code  Wk  startup_mspm0g351x_iar.o [5]
I2C1_IRQHandler              0x12a3    0x2  Code  Wk  startup_mspm0g351x_iar.o [5]
I2C2_IRQHandler              0x12a3    0x2  Code  Wk  startup_mspm0g351x_iar.o [5]
LFSS_IRQHandler              0x12a3    0x2  Code  Wk  startup_mspm0g351x_iar.o [5]
MPU6050GetRPY                0x1f51   0x46  Code  Gb  TSP_MPU6050.o [3]
MPU6050ReadGyro              0x1e05   0x50  Code  Gb  TSP_MPU6050.o [3]
MPU6050ReadID                0x1d6d   0x1e  Code  Gb  TSP_MPU6050.o [3]
MPU6050_Init                 0x1da1   0x64  Code  Gb  TSP_MPU6050.o [3]
MPU6050_ReadData             0x1d5d    0xe  Code  Gb  TSP_MPU6050.o [3]
MPU6050_ReadReg              0x1d49   0x14  Code  Gb  TSP_MPU6050.o [3]
MPU6050_WriteReg             0x1d39   0x10  Code  Gb  TSP_MPU6050.o [3]
NMI_Handler                  0x12a3    0x2  Code  Wk  startup_mspm0g351x_iar.o [5]
PendSV_Handler               0x12a3    0x2  Code  Wk  startup_mspm0g351x_iar.o [5]
RES_value               0x2020'035c    0x4  Data  Gb  TSP3519.o [4]
RPY_Update                   0x1ec5   0x8a  Code  Gb  TSP_MPU6050.o [3]
Region$$Table$$Base          0x40d8          --   Gb  - Linker created -
Region$$Table$$Limit         0x40f8          --   Gb  - Linker created -
Reset_Handler                0x4093    0x8  Code  Wk  startup_mspm0g351x_iar.o [5]
SPI0_IRQHandler              0x12a3    0x2  Code  Wk  startup_mspm0g351x_iar.o [5]
SPI1_IRQHandler              0x12a3    0x2  Code  Wk  startup_mspm0g351x_iar.o [5]
SPI2_IRQHandler              0x12a3    0x2  Code  Wk  startup_mspm0g351x_iar.o [5]
SVC_Handler                  0x12a3    0x2  Code  Wk  startup_mspm0g351x_iar.o [5]
SYSCFG_DL_CCD_init           0x11ed   0x9c  Code  Wk  ti_msp_dl_config.o [2]
SYSCFG_DL_GPIO_init           0xccd  0x21c  Code  Wk  ti_msp_dl_config.o [2]
SYSCFG_DL_K230_init          0x116d   0x44  Code  Wk  ti_msp_dl_config.o [2]
SYSCFG_DL_LCD_init           0x11b1   0x3c  Code  Wk  ti_msp_dl_config.o [2]
SYSCFG_DL_MPU6050_init       0x111d   0x50  Code  Wk  ti_msp_dl_config.o [2]
SYSCFG_DL_Motor_init          0xfb9   0xd4  Code  Wk  ti_msp_dl_config.o [2]
SYSCFG_DL_QEI_1_init         0x108d   0x4c  Code  Wk  ti_msp_dl_config.o [2]
SYSCFG_DL_QEI_2_init         0x10d9   0x44  Code  Wk  ti_msp_dl_config.o [2]
SYSCFG_DL_SYSCTL_init         0xee9   0x40  Code  Wk  ti_msp_dl_config.o [2]
SYSCFG_DL_SYSTICK_init       0x1289   0x10  Code  Wk  ti_msp_dl_config.o [2]
SYSCFG_DL_Servo_init          0xf29   0x90  Code  Wk  ti_msp_dl_config.o [2]
SYSCFG_DL_init                0xbb9   0x50  Code  Wk  ti_msp_dl_config.o [2]
SYSCFG_DL_initPower           0xc09   0xc4  Code  Wk  ti_msp_dl_config.o [2]
SysTick_Config                0x7d1   0x2e  Code  Lc  ti_msp_dl_config.o [2]
SysTick_Handler              0x20b3   0x2a  Code  Gb  tsp_isr.o [1]
TIMA0_IRQHandler             0x12a3    0x2  Code  Wk  startup_mspm0g351x_iar.o [5]
TIMA1_IRQHandler             0x12a3    0x2  Code  Wk  startup_mspm0g351x_iar.o [5]
TIMG0_IRQHandler             0x12a3    0x2  Code  Wk  startup_mspm0g351x_iar.o [5]
TIMG12_IRQHandler            0x12a3    0x2  Code  Wk  startup_mspm0g351x_iar.o [5]
TIMG14_IRQHandler            0x12a3    0x2  Code  Wk  startup_mspm0g351x_iar.o [5]
TIMG6_IRQHandler             0x12a3    0x2  Code  Wk  startup_mspm0g351x_iar.o [5]
TIMG7_IRQHandler             0x12a3    0x2  Code  Wk  startup_mspm0g351x_iar.o [5]
TIMG8_IRQHandler             0x12a3    0x2  Code  Wk  startup_mspm0g351x_iar.o [5]
TIMG9_IRQHandler             0x12a3    0x2  Code  Wk  startup_mspm0g351x_iar.o [5]
UART0_IRQHandler             0x12a3    0x2  Code  Wk  startup_mspm0g351x_iar.o [5]
UART1_IRQHandler             0x12a3    0x2  Code  Wk  startup_mspm0g351x_iar.o [5]
UART3_IRQHandler             0x12a3    0x2  Code  Wk  startup_mspm0g351x_iar.o [5]
UART4_IRQHandler             0x12a3    0x2  Code  Wk  startup_mspm0g351x_iar.o [5]
UART5_IRQHandler             0x12a3    0x2  Code  Wk  startup_mspm0g351x_iar.o [5]
UART6_IRQHandler             0x20ef   0x4a  Code  Gb  tsp_isr.o [1]
UART7_IRQHandler             0x12a3    0x2  Code  Wk  startup_mspm0g351x_iar.o [5]
_LC                          0x2999    0x8  Code  Lc  xprintffull_nomb.o [6]
_LitobFullNoMb               0x3779  0x124  Code  Lc  xprintffull_nomb.o [6]
_Locale_lconv           0x2020'0038   0x38  Data  Lc  xlocale_c.o [6]
_PrintfFullNoMb              0x29a1  0xdd8  Code  Gb  xprintffull_nomb.o [6]
_PutcharsFullNoMb            0x38e9   0x36  Code  Lc  xprintffull_nomb.o [6]
_SProut                      0x197f    0xa  Code  Gb  xsprout.o [6]
__NVIC_EnableIRQ             0x195d   0x12  Code  Lc  tsp_gpio.o [3]
__NVIC_SetPriority            0x78d   0x44  Code  Lc  ti_msp_dl_config.o [2]
__aeabi_cdcmple              0x3a21         Code  Gb  DblCmpLe.o [8]
__aeabi_cdrcmple             0x3a53         Code  Gb  DblCmpGe.o [8]
__aeabi_d2iz                 0x3af5         Code  Gb  DblToI32.o [8]
__aeabi_d2uiz                0x3b19         Code  Gb  DblToI32.o [8]
__aeabi_ddiv                 0x3d25         Code  Gb  DblDiv.o [8]
__aeabi_dmul                 0x3de7         Code  Gb  DblMul.o [8]
__aeabi_dsub                 0x3c37         Code  Gb  DblAddSub.o [8]
__aeabi_f2d                  0x1fad         Code  Gb  FltToDbl.o [8]
__aeabi_f2iz                 0x2675         Code  Gb  FltToS32.o [8]
__aeabi_fadd                 0x26e7         Code  Gb  FltAddSub.o [8]
__aeabi_fdiv                 0x2807         Code  Gb  FltDiv.o [8]
__aeabi_fmul                 0x28e7         Code  Gb  FltMul.o [8]
__aeabi_fsub                 0x2757         Code  Gb  FltAddSub.o [8]
__aeabi_i2d                  0x3b69         Code  Gb  IxxToDbl.o [8]
__aeabi_i2f                  0x26d1         Code  Gb  IxxToFlt.o [8]
__aeabi_idiv                 0x225d         Code  Gb  I32DivModFast.o [9]
__aeabi_idiv0                0x3921         Code  Gb  IntDivZer.o [9]
__aeabi_idivmod              0x225d         Code  Gb  I32DivModFast.o [9]
__aeabi_ldiv0                0x4001         Code  Gb  I64DivZer.o [9]
__aeabi_memcpy               0x39dd         Code  Gb  ABImemcpy.o [9]
__aeabi_memcpy4              0x39a9         Code  Gb  ABImemcpy.o [9]
__aeabi_memcpy8              0x39a9         Code  Gb  ABImemcpy.o [9]
__aeabi_memset4              0x28ad         Code  Gb  ABImemset.o [9]
__aeabi_memset8              0x28ad         Code  Gb  ABImemset.o [9]
__aeabi_ui2d                 0x3b49         Code  Gb  IxxToDbl.o [8]
__aeabi_ui2f                 0x26b1         Code  Gb  IxxToFlt.o [8]
__aeabi_uidiv                0x2263         Code  Gb  I32DivModFast.o [9]
__aeabi_uidivmod             0x2263         Code  Gb  I32DivModFast.o [9]
__aeabi_uldivmod             0x3f79         Code  Gb  I64DivMod.o [9]
__cmain                      0x4035         Code  Gb  cmain.o [9]
__exit                       0x4005   0x14  Code  Gb  exit.o [10]
__iar_Fail_s                 0x3939   0x22  Code  Gb  xfail_s.o [6]
__iar_Memchr                 0x3991         Code  Gb  memchr.o [9]
__iar_Memcpy                 0x39e9         Code  Gb  ABImemcpy.o [9]
__iar_Memset4_word           0x28b9         Code  Gb  ABImemset.o [9]
__iar_Strchr                 0x3925         Code  Gb  strchr.o [9]
__iar_d2uiz                  0x3b1d         Code  Gb  DblToI32.o [8]
__iar_data_init3             0x4059   0x28  Code  Gb  data_init.o [9]
__iar_frexp                  0x3a03         Code  Gb  frexp.o [8]
__iar_frexp64                0x39f7         Code  Gb  frexp.o [8]
__iar_frexpl                 0x3a03         Code  Gb  frexp.o [8]
__iar_ldexp64                0x3a85         Code  Gb  ldexp.o [8]
__iar_packbits_init_single3
                             0x1fdf   0x3e  Code  Gb  packbits_init_single.o [9]
__iar_program_start          0x4019         Code  Gb  cstartup_M.o [9]
__iar_scalbln64              0x3a85         Code  Gb  ldexp.o [8]
__iar_scalbn64               0x3a85         Code  Gb  ldexp.o [8]
__iar_zero_init3             0x409b   0x3c  Code  Gb  zero_init3.o [9]
__low_level_init             0x4053    0x4  Code  Gb  low_level_init.o [6]
__vector_table                  0x0   0xc0  Data  Gb  startup_mspm0g351x_iar.o [5]
_call_main                   0x4041         Code  Gb  cmain.o [9]
_exit                        0x4089         Code  Gb  cexit.o [9]
abort                        0x3ff5    0xa  Code  Gb  abort.o [6]
delay                   0x2020'0364    0x4  Data  Lc  tsp_isr.o [1]
delay_1ms                    0x20a7    0xc  Code  Gb  tsp_isr.o [1]
exInt                   0x2020'001c    0x4  Data  Lc  TSP_MPU6050.o [3]
exit                         0x4081    0x8  Code  Gb  exit.o [6]
eyInt                   0x2020'0020    0x4  Data  Lc  TSP_MPU6050.o [3]
ezInt                   0x2020'0024    0x4  Data  Lc  TSP_MPU6050.o [3]
flag_20_ms              0x2020'0358    0x1  Data  Gb  TSP3519.o [4]
frexp                        0x39f7         Code  Gb  frexp.o [8]
frexpl                       0x39f7         Code  Gb  frexp.o [8]
gCCDClockConfig               0x128    0x8  Data  Lc  ti_msp_dl_config.o [2]
gK230ClockConfig              0x10a    0x2  Data  Lc  ti_msp_dl_config.o [2]
gK230Config                   0x10c    0xc  Data  Lc  ti_msp_dl_config.o [2]
gLCDBackup              0x2020'026c   0x28  Data  Gb  ti_msp_dl_config.o [2]
gLCD_clockConfig              0x124    0x2  Data  Lc  ti_msp_dl_config.o [2]
gLCD_config                   0x118    0xc  Data  Lc  ti_msp_dl_config.o [2]
gMPU6050ClockConfig           0x108    0x2  Data  Lc  ti_msp_dl_config.o [2]
gMotorBackup            0x2020'0070   0xbc  Data  Gb  ti_msp_dl_config.o [2]
gMotorClockConfig              0xf4    0x4  Data  Lc  ti_msp_dl_config.o [2]
gMotorConfig                   0xf8    0x8  Data  Lc  ti_msp_dl_config.o [2]
gQEI_1ClockConfig             0x100    0x4  Data  Lc  ti_msp_dl_config.o [2]
gQEI_2Backup            0x2020'01cc   0xa0  Data  Gb  ti_msp_dl_config.o [2]
gQEI_2ClockConfig             0x104    0x4  Data  Lc  ti_msp_dl_config.o [2]
gSYSPLLConfig                  0xc0   0x28  Data  Lc  ti_msp_dl_config.o [2]
gServoBackup            0x2020'012c   0xa0  Data  Gb  ti_msp_dl_config.o [2]
gServoClockConfig              0xe8    0x4  Data  Lc  ti_msp_dl_config.o [2]
gServoConfig                   0xec    0x8  Data  Lc  ti_msp_dl_config.o [2]
gyro_bias               0x2020'0000    0xc  Data  Lc  TSP_MPU6050.o [3]
gyro_bias_update             0x1e55   0x64  Code  Gb  TSP_MPU6050.o [3]
ldexp                        0x3a85         Code  Gb  ldexp.o [8]
ldexpl                       0x3a85         Code  Gb  ldexp.o [8]
localeconv                   0x3f6d    0x4  Code  Gb  xlocale_c.o [6]
main                         0x1811   0xfa  Code  Gb  TSP3519.o [4]
memchr                       0x3991         Code  Gb  memchr.o [9]
mspm0_get_clock_ms           0x20dd   0x12  Code  Gb  tsp_isr.o [1]
mspm0_i2c_disable            0x2405   0x3a  Code  Gb  tsp_i2c.o [3]
mspm0_i2c_enable             0x243f   0x4c  Code  Gb  tsp_i2c.o [3]
mspm0_i2c_read               0x255d   0xce  Code  Gb  tsp_i2c.o [3]
mspm0_i2c_sda_unlock         0x248b   0x46  Code  Gb  tsp_i2c.o [3]
mspm0_i2c_write              0x24d1   0x84  Code  Gb  tsp_i2c.o [3]
pitch                   0x2020'002c    0x4  Data  Lc  TSP_MPU6050.o [3]
q0                      0x2020'000c    0x4  Data  Lc  TSP_MPU6050.o [3]
q1                      0x2020'0010    0x4  Data  Lc  TSP_MPU6050.o [3]
q2                      0x2020'0014    0x4  Data  Lc  TSP_MPU6050.o [3]
q3                      0x2020'0018    0x4  Data  Lc  TSP_MPU6050.o [3]
roll                    0x2020'0030    0x4  Data  Lc  TSP_MPU6050.o [3]
rx_buffer               0x2020'0294   0x80  Data  Gb  TSP3519.o [4]
rx_flag                 0x2020'036e    0x1  Data  Gb  TSP3519.o [4]
rx_idx                  0x2020'036c    0x2  Data  Gb  TSP3519.o [4]
scalbln                      0x3a85         Code  Gb  ldexp.o [8]
scalblnl                     0x3a85         Code  Gb  ldexp.o [8]
scalbn                       0x3a85         Code  Gb  ldexp.o [8]
scalbnl                      0x3a85         Code  Gb  ldexp.o [8]
scale                        0x389d   0x44  Code  Lc  xprintffull_nomb.o [6]
sec_hand                0x2020'0368    0x4  Data  Lc  xfail_s.o [6]
sprintf                      0x201d   0x40  Code  Gb  sprintf.o [6]
strchr                       0x3925         Code  Gb  strchr.o [9]
strlen                       0x3981         Code  Gb  strlen.o [9]
sys_tick_counter        0x2020'0360    0x4  Data  Gb  tsp_isr.o [1]
tft_ascii                     0x130  0x5f0  Data  Gb  TSP_TFT18.o [3]
tsp_spi_write_byte           0x1a9d   0x14  Code  Lc  TSP_TFT18.o [3]
tsp_tft18_clear              0x1b33   0x36  Code  Gb  TSP_TFT18.o [3]
tsp_tft18_init               0x1997  0x106  Code  Gb  TSP_TFT18.o [3]
tsp_tft18_set_region         0x1afd   0x36  Code  Gb  TSP_TFT18.o [3]
tsp_tft18_show_char          0x1b69   0x5a  Code  Gb  TSP_TFT18.o [3]
tsp_tft18_show_char_color
                             0x1bc3   0x72  Code  Gb  TSP_TFT18.o [3]
tsp_tft18_show_str           0x1c51   0x28  Code  Gb  TSP_TFT18.o [3]
tsp_tft18_show_str_color
                             0x1c79   0x40  Code  Gb  TSP_TFT18.o [3]
tsp_tft18_show_uint16        0x1cb9   0x7a  Code  Gb  TSP_TFT18.o [3]
tsp_tft18_write_2byte        0x1add   0x20  Code  Gb  TSP_TFT18.o [3]
tsp_tft18_write_byte         0x1ac7   0x16  Code  Gb  TSP_TFT18.o [3]
tsp_tft18_write_cmd          0x1ab1   0x16  Code  Gb  TSP_TFT18.o [3]
yaw                     0x2020'0028    0x4  Data  Lc  TSP_MPU6050.o [3]


[1] = D:\Study_resources\电赛\TSP\TSP3519\iar\Debug\Obj\NUEDU2025_11847588325976546582.dir
[2] = D:\Study_resources\电赛\TSP\TSP3519\iar\Debug\Obj\SysConfig Generated Files_5435349133262493662.dir
[3] = D:\Study_resources\电赛\TSP\TSP3519\iar\Debug\Obj\TSP3519_9401757970942732151.dir
[4] = D:\Study_resources\电赛\TSP\TSP3519\iar\Debug\Obj\empty_mspm0g3519_13168490636323535303.dir
[5] = D:\Study_resources\电赛\TSP\TSP3519\iar\Debug\Obj\iar_102420246905159791.dir
[6] = dl6M_tlf.a
[7] = driverlib.a
[8] = m6M_tl.a
[9] = rt6M_tl.a
[10] = shb_l.a

  14'665 bytes of readonly  code memory
   2'037 bytes of readonly  data memory
   1'391 bytes of readwrite data memory

Errors: none
Warnings: none
