###############################################################################
#
# IAR ELF Linker V9.60.3.422/W64 for ARM                  23/Jul/2025  21:04:53
# Copyright 2007-2024 IAR Systems AB.
#
#    Output file  =
#        D:\Study_resources\电赛\main\main\TSP3519\TSP3519\iar\Debug\Exe\empty_mspm0g3519_nortos_iar.out
#    Map file     =
#        D:\Study_resources\电赛\main\main\TSP3519\TSP3519\iar\Debug\List\empty_mspm0g3519_nortos_iar.map
#    Command line =
#        -f
#        D:\Study_resources\电赛\main\main\TSP3519\TSP3519\iar\Debug\Exe\empty_mspm0g3519_nortos_iar.out.rsp
#        (D:\Study_resources\电赛\main\main\TSP3519\TSP3519\iar\Debug\Obj\iar_102420246905159791.dir\startup_mspm0g351x_iar.o
#        "D:\Study_resources\电赛\main\main\TSP3519\TSP3519\iar\Debug\Obj\SysConfig
#        Generated Files_5435349133262493662.dir\ti_msp_dl_config.o"
#        D:\Study_resources\电赛\main\main\TSP3519\TSP3519\iar\Debug\Obj\empty_mspm0g3519_13168490636323535303.dir\TSP3519.o
#        D:\Study_resources\电赛\main\main\TSP3519\TSP3519\iar\Debug\Obj\TSP3519_9401757970942732151.dir\tsp_gpio.o
#        D:\Study_resources\电赛\main\main\TSP3519\TSP3519\iar\Debug\Obj\TSP3519_9401757970942732151.dir\tsp_i2c.o
#        D:\Study_resources\电赛\main\main\TSP3519\TSP3519\iar\Debug\Obj\NUEDU2025_11847588325976546582.dir\tsp_isr.o
#        D:\Study_resources\电赛\main\main\TSP3519\TSP3519\iar\Debug\Obj\TSP3519_9401757970942732151.dir\TSP_MPU6050.o
#        D:\Study_resources\电赛\main\main\TSP3519\TSP3519\iar\Debug\Obj\TSP3519_9401757970942732151.dir\tsp_pwm.o
#        D:\Study_resources\电赛\main\main\TSP3519\TSP3519\iar\Debug\Obj\TSP3519_9401757970942732151.dir\tsp_qei.o
#        D:\Study_resources\电赛\main\main\TSP3519\TSP3519\iar\Debug\Obj\TSP3519_9401757970942732151.dir\TSP_TFT18.o
#        D:\Study_resources\电赛\main\main\TSP3519\TSP3519\iar\Debug\Obj\TSP3519_9401757970942732151.dir\tsp_uart.o
#        --redirect _Printf=_PrintfFullNoMb --redirect _Scanf=_ScanfFullNoMb
#        --no_out_extension -o
#        D:\Study_resources\电赛\main\main\TSP3519\TSP3519\iar\Debug\Exe\empty_mspm0g3519_nortos_iar.out
#        --map
#        D:\Study_resources\电赛\main\main\TSP3519\TSP3519\iar\Debug\List\empty_mspm0g3519_nortos_iar.map
#        --config
#        D:\Study_resources\电赛\main\main\TSP3519\TSP3519\iar/mspm0g3519.icf
#        D:\ti\mspm0_sdk_2_05_01_00/source/ti/driverlib/lib/iar/m0p/mspm0gx51x/driverlib.a
#        --silent --semihosting --entry __iar_program_start --vfe --text_out
#        locale --cpu=Cortex-M0+ --fpu=None) --dependencies=n
#        D:\Study_resources\电赛\main\main\TSP3519\TSP3519\iar\Debug\Exe\empty_mspm0g3519_nortos_iar.out.iar_deps
#
###############################################################################

*******************************************************************************
*** RUNTIME MODEL ATTRIBUTES
***

CppFlavor       = *
__CPP_Runtime   = 1
__SystemLibrary = DLib
__dlib_version  = 6


*******************************************************************************
*** HEAP SELECTION
***

The basic heap was selected because no calls to memory allocation
functions were found in the application outside of system library
functions, there are calls to deallocation functions in the
application, and the application appears to be primarily
optimized for speed.


*******************************************************************************
*** PLACEMENT SUMMARY
***

"A0":  place at address 0x0 { ro section .intvec };
define block ALIGNED_ROM with end alignment = 8 { ro };
"P1":  place in [from 0x0 to 0x7'ffff] { block ALIGNED_ROM };
define block CSTACK with size = 512, alignment = 8 { };
define block PROC_STACK with size = 0, alignment = 8 { };
define block TRIM_TABLE with alignment = 8 { rw code section .TrimTable };
define block HEAP with size = 1K, alignment = 8 { };
"P2":  place in [from 0x2020'0000 to 0x2020'ffff] {
          rw, block CSTACK, block PROC_STACK, block TRIM_TABLE, block HEAP };
initialize by copy { rw };

No sections matched the following patterns:

  rw code section .TrimTable  in block TRIM_TABLE
  section BCRCONFIG           in "P3"
  section BSLCONFIG           in "P4"
  section DataBank            in "P5"


  Section              Kind         Address  Alignment    Size  Object
  -------              ----         -------  ---------    ----  ------
"A0":                                                     0xc0
  .intvec              const            0x0          4    0xc0  startup_mspm0g351x_iar.o [5]
                                     - 0xc0               0xc0

"P1", part 1 of 2:                                      0x39fc
  ALIGNED_ROM                          0xc0             0x3a00  <Block>
    .rodata            const           0xc0          4    0x28  ti_msp_dl_config.o [2]
    .rodata            const           0xe8          4    0x3e  ti_msp_dl_config.o [2]
    .rodata            const          0x126          2     0x2  xlocale_c.o [6]
    .rodata            const          0x128          4   0x5f0  TSP_TFT18.o [3]
    .rodata            const          0x718          4    0x6a  xprintffull_nomb.o [6]
    .text              ro code        0x782          2     0x2  startup_mspm0g351x_iar.o [5]
    .text              ro code        0x784          4   0x3a0  ti_msp_dl_config.o [2]
    .text              ro code        0xb24          4    0x4c  ti_msp_dl_config.o [2]
    .text              ro code        0xb70          4    0xb4  ti_msp_dl_config.o [2]
    .text              ro code        0xc24          4   0x248  ti_msp_dl_config.o [2]
    .text              ro code        0xe6c          4    0x48  ti_msp_dl_config.o [2]
    .text              ro code        0xeb4          4    0x88  ti_msp_dl_config.o [2]
    .text              ro code        0xf3c          4    0xcc  ti_msp_dl_config.o [2]
    .text              ro code       0x1008          4    0x4c  ti_msp_dl_config.o [2]
    .text              ro code       0x1054          4    0x44  ti_msp_dl_config.o [2]
    .text              ro code       0x1098          4    0x50  ti_msp_dl_config.o [2]
    .text              ro code       0x10e8          4    0x44  ti_msp_dl_config.o [2]
    .text              ro code       0x112c          4    0x3c  ti_msp_dl_config.o [2]
    .text              ro code       0x1168          4    0x10  ti_msp_dl_config.o [2]
    .text              ro code       0x1178          4     0xa  dl_common.o [7]
    .text              ro code       0x1182          2     0xa  xsprout.o [6]
    .text              ro code       0x118c          4   0x184  dl_sysctl_mspm0gx51x.o [7]
    .text              ro code       0x1310          4   0x17c  dl_timer.o [7]
    .text              ro code       0x148c          4    0xc8  dl_i2c.o [7]
    .text              ro code       0x1554          4    0x60  dl_uart.o [7]
    .text              ro code       0x15b4          4    0x84  dl_spi.o [7]
    .text              ro code       0x1638          4    0x58  dl_factoryregion.o [7]
    .text              ro code       0x1690          4   0x144  TSP3519.o [4]
    .text              ro code       0x17d4          4   0x44c  TSP_TFT18.o [3]
    .text              ro code       0x1c20          4   0x18c  TSP_MPU6050.o [3]
    .text              ro code       0x1dac          4    0xb4  tsp_isr.o [1]
    .text              ro code       0x1e60          2    0xe0  I32DivModFast.o [9]
    .text              ro code       0x1f40          4   0x364  tsp_i2c.o [3]
    .text              ro code       0x22a4          4    0x40  sprintf.o [6]
    .text              ro code       0x22e4          4     0x2  IntDivZer.o [9]
    .rodata            const         0x22e6                0x1  xlocale_c.o [6]
    .text              ro code       0x22e8          4   0xf86  xprintffull_nomb.o [6]
    .text              ro code       0x3270          4    0x12  strchr.o [9]
    .text              ro code       0x3284          4    0x48  xfail_s.o [6]
    .text              ro code       0x32cc          4     0xe  strlen.o [9]
    .text              ro code       0x32dc          4    0x16  memchr.o [9]
    .text              ro code       0x32f4          4    0x4e  ABImemcpy.o [9]
    .text              ro code       0x3342          2    0x2a  frexp.o [8]
    .text              ro code       0x336c          2    0x32  DblCmpLe.o [8]
    .text              ro code       0x339e          2    0x32  DblCmpGe.o [8]
    .text              ro code       0x33d0          2    0x70  ldexp.o [8]
    .text              ro code       0x3440          4    0x52  DblToI32.o [8]
    .text              ro code       0x3494          4    0x34  IxxToDbl.o [8]
    .text              ro code       0x34c8          2   0x1a8  DblAddSub.o [8]
    .text              ro code       0x3670          2    0xc2  DblDiv.o [8]
    .text              ro code       0x3732          2   0x184  DblMul.o [8]
    .text              ro code       0x38b8          4     0xc  xlocale_c.o [6]
    .text              ro code       0x38c4          2    0x7c  I64DivMod.o [9]
    .text              ro code       0x3940          2     0xa  abort.o [6]
    .text              ro code       0x394c          4     0x2  I64DivZer.o [9]
    .text              ro code       0x3950          4    0x14  exit.o [10]
    .text              ro code       0x3964          4    0x1c  cstartup_M.o [9]
    .text              ro code       0x3980          4    0x1e  cmain.o [9]
    .text              ro code       0x399e          2     0x4  low_level_init.o [6]
    .text              ro code       0x39a4          4    0x28  data_init.o [9]
    .text              ro code       0x39cc          2     0x8  exit.o [6]
    .text              ro code       0x39d4          4     0xa  cexit.o [9]
    Initializer bytes  const         0x39e0          4    0x44  <for P2-1>
    .text              ro code       0x3a24          2     0x8  startup_mspm0g351x_iar.o [5]
    .text              ro code       0x3a2c          2    0x3c  zero_init3.o [9]
    .text              ro code       0x3a68          2    0x30  copy_init3.o [9]
    .iar.init_table    const         0x3a98          4    0x24  - Linker created -
                                   - 0x3abc             0x39fc

"P1", part 2 of 2:                                         0x4
    .rodata            const         0x3abc                0x0  zero_init3.o [9]
    .rodata            const         0x3abc                0x0  copy_init3.o [9]
                                   - 0x3ac0                0x4

"P2", part 1 of 3:                                        0x44
  P2-1                          0x2020'0000          4    0x44  <Init block>
    .data              inited   0x2020'0000          4     0x8  TSP3519.o [4]
    .data              inited   0x2020'0008          4     0x4  dl_factoryregion.o [7]
    .data              inited   0x2020'000c          4    0x38  xlocale_c.o [6]
                              - 0x2020'0044               0x44

"P2", part 2 of 3:                                       0x274
  .bss                 zero     0x2020'0044          4   0x224  ti_msp_dl_config.o [2]
  .TrimTable           zero     0x2020'0268          4    0x44  dl_factoryregion.o [7]
  .bss                 zero     0x2020'02ac          4     0x8  tsp_isr.o [1]
  .bss                 zero     0x2020'02b4          4     0x4  xfail_s.o [6]
                              - 0x2020'02b8              0x274

"P2", part 3 of 3:                                       0x200
  CSTACK                        0x2020'02b8          8   0x200  <Block>
    CSTACK             uninit   0x2020'02b8              0x200  <Block tail>
                              - 0x2020'04b8              0x200

Unused ranges:

         From           To      Size
         ----           --      ----
       0x3ac0     0x7'ffff  0x7'c540
  0x2020'04b8  0x2020'ffff    0xfb48


*******************************************************************************
*** INIT TABLE
***

          Address      Size
          -------      ----
Zero (__iar_zero_init3)
    1 destination range, total size 0x274:
          0x2020'0044  0x274

Copy (__iar_copy_init3)
    1 source range, total size 0x44:
               0x39e0   0x44
    1 destination range, total size 0x44:
          0x2020'0000   0x44



*******************************************************************************
*** MODULE SUMMARY
***

    Module                    ro code  ro data  rw data
    ------                    -------  -------  -------
command line/config:
    ---------------------------------------------------
    Total:

D:\Study_resources\电赛\main\main\TSP3519\TSP3519\iar\Debug\Obj\NUEDU2025_11847588325976546582.dir: [1]
    tsp_isr.o                     180                 8
    ---------------------------------------------------
    Total:                        180                 8

D:\Study_resources\电赛\main\main\TSP3519\TSP3519\iar\Debug\Obj\SysConfig Generated Files_5435349133262493662.dir: [2]
    ti_msp_dl_config.o          2'548      102      548
    ---------------------------------------------------
    Total:                      2'548      102      548

D:\Study_resources\电赛\main\main\TSP3519\TSP3519\iar\Debug\Obj\TSP3519_9401757970942732151.dir: [3]
    TSP_MPU6050.o                 396
    TSP_TFT18.o                 1'100    1'520
    tsp_i2c.o                     868
    ---------------------------------------------------
    Total:                      2'364    1'520

D:\Study_resources\电赛\main\main\TSP3519\TSP3519\iar\Debug\Obj\empty_mspm0g3519_13168490636323535303.dir: [4]
    TSP3519.o                     324        8        8
    ---------------------------------------------------
    Total:                        324        8        8

D:\Study_resources\电赛\main\main\TSP3519\TSP3519\iar\Debug\Obj\iar_102420246905159791.dir: [5]
    startup_mspm0g351x_iar.o       10      192
    ---------------------------------------------------
    Total:                         10      192

dl6M_tlf.a: [6]
    abort.o                        10
    exit.o                          8
    low_level_init.o                4
    sprintf.o                      64
    xfail_s.o                      72                 4
    xlocale_c.o                    12       59       56
    xprintffull_nomb.o          3'974      106
    xsprout.o                      10
    ---------------------------------------------------
    Total:                      4'154      165       60

driverlib.a: [7]
    dl_common.o                    10
    dl_factoryregion.o             88        4       72
    dl_i2c.o                      200
    dl_spi.o                      132
    dl_sysctl_mspm0gx51x.o        388
    dl_timer.o                    380
    dl_uart.o                      96
    ---------------------------------------------------
    Total:                      1'294        4       72

m6M_tl.a: [8]
    DblAddSub.o                   424
    DblCmpGe.o                     50
    DblCmpLe.o                     50
    DblDiv.o                      194
    DblMul.o                      388
    DblToI32.o                     82
    IxxToDbl.o                     52
    frexp.o                        42
    ldexp.o                       112
    ---------------------------------------------------
    Total:                      1'394

rt6M_tl.a: [9]
    ABImemcpy.o                    78
    I32DivModFast.o               224
    I64DivMod.o                   124
    I64DivZer.o                     2
    IntDivZer.o                     2
    cexit.o                        10
    cmain.o                        30
    copy_init3.o                   48
    cstartup_M.o                   28
    data_init.o                    40
    memchr.o                       22
    strchr.o                       18
    strlen.o                       14
    zero_init3.o                   60
    ---------------------------------------------------
    Total:                        700

shb_l.a: [10]
    exit.o                         20
    ---------------------------------------------------
    Total:                         20

    Gaps                           19
    Linker created                          38      512
-------------------------------------------------------
    Grand Total:               13'007    2'029    1'208


*******************************************************************************
*** ENTRY LIST
***

Entry                       Address   Size  Type      Object
-----                       -------   ----  ----      ------
.iar.init_table$$Base        0x3a98          --   Gb  - Linker created -
.iar.init_table$$Limit       0x3abc          --   Gb  - Linker created -
?main                        0x3981         Code  Gb  cmain.o [9]
ADC0_IRQHandler               0x783    0x2  Code  Wk  startup_mspm0g351x_iar.o [5]
ADC1_IRQHandler               0x783    0x2  Code  Wk  startup_mspm0g351x_iar.o [5]
AESADV_IRQHandler             0x783    0x2  Code  Wk  startup_mspm0g351x_iar.o [5]
ALIGNED_ROM$$Base              0xc0          --   Gb  - Linker created -
ALIGNED_ROM$$Limit           0x3ac0          --   Gb  - Linker created -
CANFD0_IRQHandler             0x783    0x2  Code  Wk  startup_mspm0g351x_iar.o [5]
CANFD1_IRQHandler             0x783    0x2  Code  Wk  startup_mspm0g351x_iar.o [5]
CSTACK$$Base            0x2020'02b8          --   Gb  - Linker created -
CSTACK$$Limit           0x2020'04b8          --   Gb  - Linker created -
DAC0_IRQHandler               0x783    0x2  Code  Wk  startup_mspm0g351x_iar.o [5]
DL_Common_delayCycles        0x1179    0xa  Code  Gb  dl_common.o [7]
DL_Common_updateReg           0x7f7    0xc  Code  Lc  ti_msp_dl_config.o [2]
DL_Common_updateReg          0x1f41    0xc  Code  Lc  tsp_i2c.o [3]
DL_FACTORYREGION_TrimTable
                        0x2020'0268   0x44  Data  Gb  dl_factoryregion.o [7]
DL_FactoryRegion_initTrimTable
                             0x1639   0x58  Code  Gb  dl_factoryregion.o [7]
DL_GPIO_clearInterruptStatus
                              0x8f9    0xc  Code  Lc  ti_msp_dl_config.o [2]
DL_GPIO_clearInterruptStatus
                             0x1dad    0xc  Code  Lc  tsp_isr.o [1]
DL_GPIO_clearPins             0x8c1    0x8  Code  Lc  ti_msp_dl_config.o [2]
DL_GPIO_clearPins            0x16a3    0x8  Code  Lc  TSP3519.o [4]
DL_GPIO_clearPins            0x1fa3    0x8  Code  Lc  tsp_i2c.o [3]
DL_GPIO_clearPins            0x17db    0x8  Code  Lc  TSP_TFT18.o [3]
DL_GPIO_enableHiZ             0x8db   0x12  Code  Lc  ti_msp_dl_config.o [2]
DL_GPIO_enableHiZ            0x1fb1   0x12  Code  Lc  tsp_i2c.o [3]
DL_GPIO_enableInterrupt
                              0x8ed    0xc  Code  Lc  ti_msp_dl_config.o [2]
DL_GPIO_enableOutput          0x8c9    0x6  Code  Lc  ti_msp_dl_config.o [2]
DL_GPIO_enableOutput         0x1fab    0x6  Code  Lc  tsp_i2c.o [3]
DL_GPIO_enablePower           0x843    0xa  Code  Lc  ti_msp_dl_config.o [2]
DL_GPIO_initDigitalInputFeatures
                              0x861   0x1a  Code  Lc  ti_msp_dl_config.o [2]
DL_GPIO_initDigitalInputFeatures
                             0x1f59   0x1a  Code  Lc  tsp_i2c.o [3]
DL_GPIO_initDigitalOutput
                              0x855    0xc  Code  Lc  ti_msp_dl_config.o [2]
DL_GPIO_initDigitalOutput
                             0x1f4d    0xc  Code  Lc  tsp_i2c.o [3]
DL_GPIO_initPeripheralAnalogFunction
                              0x8b5    0xc  Code  Lc  ti_msp_dl_config.o [2]
DL_GPIO_initPeripheralInputFunction
                              0x889    0xe  Code  Lc  ti_msp_dl_config.o [2]
DL_GPIO_initPeripheralInputFunctionFeatures
                              0x897   0x1e  Code  Lc  ti_msp_dl_config.o [2]
DL_GPIO_initPeripheralInputFunctionFeatures
                             0x1f73   0x1e  Code  Lc  tsp_i2c.o [3]
DL_GPIO_initPeripheralOutputFunction
                              0x87b    0xe  Code  Lc  ti_msp_dl_config.o [2]
DL_GPIO_readPins             0x1691    0xc  Code  Lc  TSP3519.o [4]
DL_GPIO_readPins             0x1f91    0xc  Code  Lc  tsp_i2c.o [3]
DL_GPIO_reset                 0x84d    0x8  Code  Lc  ti_msp_dl_config.o [2]
DL_GPIO_setLowerPinsPolarity
                              0x8cf    0xc  Code  Lc  ti_msp_dl_config.o [2]
DL_GPIO_setPins              0x169d    0x6  Code  Lc  TSP3519.o [4]
DL_GPIO_setPins              0x1f9d    0x6  Code  Lc  tsp_i2c.o [3]
DL_GPIO_setPins              0x17d5    0x6  Code  Lc  TSP_TFT18.o [3]
DL_I2C_clearInterruptStatus
                             0x202f    0x6  Code  Lc  tsp_i2c.o [3]
DL_I2C_enableAnalogGlitchFilter
                              0x931   0x12  Code  Lc  ti_msp_dl_config.o [2]
DL_I2C_enableController
                              0x949    0xe  Code  Lc  ti_msp_dl_config.o [2]
DL_I2C_enableControllerClockStretching
                              0x957    0xe  Code  Lc  ti_msp_dl_config.o [2]
DL_I2C_enablePower            0x90d    0xa  Code  Lc  ti_msp_dl_config.o [2]
DL_I2C_enablePower           0x1ffd    0xa  Code  Lc  tsp_i2c.o [3]
DL_I2C_fillControllerTXFIFO
                             0x14b7   0x74  Code  Gb  dl_i2c.o [7]
DL_I2C_flushControllerTXFIFO
                             0x152b   0x26  Code  Gb  dl_i2c.o [7]
DL_I2C_getControllerStatus
                             0x200f    0x6  Code  Lc  tsp_i2c.o [3]
DL_I2C_getRawInterruptStatus
                             0x2025    0xa  Code  Lc  tsp_i2c.o [3]
DL_I2C_isControllerRXFIFOEmpty
                             0x1fc3   0x10  Code  Lc  tsp_i2c.o [3]
DL_I2C_receiveControllerData
                             0x2015    0x8  Code  Lc  tsp_i2c.o [3]
DL_I2C_reset                  0x917    0x8  Code  Lc  ti_msp_dl_config.o [2]
DL_I2C_reset                 0x2007    0x8  Code  Lc  tsp_i2c.o [3]
DL_I2C_resetControllerTransfer
                              0x905    0x8  Code  Lc  ti_msp_dl_config.o [2]
DL_I2C_setAnalogGlitchFilterPulseWidth
                              0x91f   0x12  Code  Lc  ti_msp_dl_config.o [2]
DL_I2C_setClockConfig        0x148d   0x2a  Code  Gb  dl_i2c.o [7]
DL_I2C_setControllerRXFIFOThreshold
                              0x973   0x10  Code  Lc  ti_msp_dl_config.o [2]
DL_I2C_setControllerTXFIFOThreshold
                              0x965    0xe  Code  Lc  ti_msp_dl_config.o [2]
DL_I2C_setTimerPeriod         0x943    0x6  Code  Lc  ti_msp_dl_config.o [2]
DL_I2C_startControllerTransfer
                             0x1fd3   0x2a  Code  Lc  tsp_i2c.o [3]
DL_I2C_transmitControllerData
                             0x201d    0x8  Code  Lc  tsp_i2c.o [3]
DL_Interrupt_getPendingGroup
                             0x1db9   0x12  Code  Lc  tsp_isr.o [1]
DL_SPI_enable                 0x995    0xe  Code  Lc  ti_msp_dl_config.o [2]
DL_SPI_enablePower            0x983    0xa  Code  Lc  ti_msp_dl_config.o [2]
DL_SPI_init                  0x15b5   0x44  Code  Gb  dl_spi.o [7]
DL_SPI_receiveDataBlocking8
                             0x1609   0x10  Code  Gb  dl_spi.o [7]
DL_SPI_reset                  0x98d    0x8  Code  Lc  ti_msp_dl_config.o [2]
DL_SPI_setBitRateSerialClockDivider
                              0x9b7    0xe  Code  Lc  ti_msp_dl_config.o [2]
DL_SPI_setClockConfig        0x15f9   0x10  Code  Gb  dl_spi.o [7]
DL_SPI_setFIFOThreshold
                              0x9a3   0x14  Code  Lc  ti_msp_dl_config.o [2]
DL_SPI_transmitDataBlocking8
                             0x1619    0xe  Code  Gb  dl_spi.o [7]
DL_SYSCTL_configSYSPLL       0x118d   0xc2  Code  Gb  dl_sysctl_mspm0gx51x.o [7]
DL_SYSCTL_enableMFCLK         0x825    0xe  Code  Lc  ti_msp_dl_config.o [2]
DL_SYSCTL_setBORThreshold
                              0x803    0x6  Code  Lc  ti_msp_dl_config.o [2]
DL_SYSCTL_setFlashWaitState
                              0x833   0x10  Code  Lc  ti_msp_dl_config.o [2]
DL_SYSCTL_setHFCLKSourceHFXTParams
                             0x127d   0x68  Code  Gb  dl_sysctl_mspm0gx51x.o [7]
DL_SYSCTL_setSYSOSCFreq
                              0x809    0xe  Code  Lc  ti_msp_dl_config.o [2]
DL_SYSCTL_setULPCLKDivider
                              0x817    0xe  Code  Lc  ti_msp_dl_config.o [2]
DL_SYSCTL_switchMCLKfromSYSOSCtoHSCLK
                             0x124f   0x24  Code  Gb  dl_sysctl_mspm0gx51x.o [7]
DL_Timer_configQEI            0xa11   0x1c  Code  Lc  ti_msp_dl_config.o [2]
DL_Timer_enableClock          0x9df    0x8  Code  Lc  ti_msp_dl_config.o [2]
DL_Timer_enablePower          0x9c5    0xa  Code  Lc  ti_msp_dl_config.o [2]
DL_Timer_initFourCCPWMMode
                             0x1375   0xf6  Code  Gb  dl_timer.o [7]
DL_Timer_reset                0x9cf    0x8  Code  Lc  ti_msp_dl_config.o [2]
DL_Timer_setCCPDirection
                              0x9d7    0x8  Code  Lc  ti_msp_dl_config.o [2]
DL_Timer_setCaptCompUpdateMethod
                             0x1337   0x1a  Code  Gb  dl_timer.o [7]
DL_Timer_setCaptureCompareOutCtl
                             0x1351   0x14  Code  Gb  dl_timer.o [7]
DL_Timer_setCaptureCompareValue
                             0x132d    0xa  Code  Gb  dl_timer.o [7]
DL_Timer_setClockConfig
                             0x1311   0x16  Code  Gb  dl_timer.o [7]
DL_Timer_setCounterControl
                              0x9ed   0x16  Code  Lc  ti_msp_dl_config.o [2]
DL_Timer_setLoadValue         0x9e7    0x6  Code  Lc  ti_msp_dl_config.o [2]
DL_Timer_startCounter         0xa03    0xe  Code  Lc  ti_msp_dl_config.o [2]
DL_Timer_startCounter        0x16ab    0xe  Code  Lc  TSP3519.o [4]
DL_UART_enable                0xa45   0x10  Code  Lc  ti_msp_dl_config.o [2]
DL_UART_enableInterrupt
                              0xaa1    0xc  Code  Lc  ti_msp_dl_config.o [2]
DL_UART_enablePower           0xa2d    0xa  Code  Lc  ti_msp_dl_config.o [2]
DL_UART_init                 0x1555   0x48  Code  Gb  dl_uart.o [7]
DL_UART_reset                 0xa3d    0x8  Code  Lc  ti_msp_dl_config.o [2]
DL_UART_setBaudRateDivisor
                              0xa67   0x30  Code  Lc  ti_msp_dl_config.o [2]
DL_UART_setClockConfig       0x159d   0x10  Code  Gb  dl_uart.o [7]
DL_UART_setOversampling
                              0xa55   0x12  Code  Lc  ti_msp_dl_config.o [2]
DMA_IRQHandler                0x783    0x2  Code  Wk  startup_mspm0g351x_iar.o [5]
Default_Handler               0x783    0x2  Code  Lc  startup_mspm0g351x_iar.o [5]
FACTORYVALUE            0x2020'0008    0x4  Data  Gb  dl_factoryregion.o [7]
GROUP0_IRQHandler             0x783    0x2  Code  Wk  startup_mspm0g351x_iar.o [5]
GROUP1_IRQHandler            0x1e19   0x2c  Code  Gb  tsp_isr.o [1]
HardFault_Handler             0x783    0x2  Code  Wk  startup_mspm0g351x_iar.o [5]
I2C0_IRQHandler               0x783    0x2  Code  Wk  startup_mspm0g351x_iar.o [5]
I2C1_IRQHandler               0x783    0x2  Code  Wk  startup_mspm0g351x_iar.o [5]
I2C2_IRQHandler               0x783    0x2  Code  Wk  startup_mspm0g351x_iar.o [5]
LFSS_IRQHandler               0x783    0x2  Code  Wk  startup_mspm0g351x_iar.o [5]
MPU6050ReadAcc               0x1cd5   0x52  Code  Gb  TSP_MPU6050.o [3]
MPU6050ReadGyro              0x1d27   0x60  Code  Gb  TSP_MPU6050.o [3]
MPU6050ReadID                0x1c55   0x38  Code  Gb  TSP_MPU6050.o [3]
MPU6050_Init                 0x1c8d   0x48  Code  Gb  TSP_MPU6050.o [3]
MPU6050_ReadData             0x1c45    0xe  Code  Gb  TSP_MPU6050.o [3]
MPU6050_ReadReg              0x1c31   0x14  Code  Gb  TSP_MPU6050.o [3]
MPU6050_WriteReg             0x1c21   0x10  Code  Gb  TSP_MPU6050.o [3]
NMI_Handler                   0x783    0x2  Code  Wk  startup_mspm0g351x_iar.o [5]
PendSV_Handler                0x783    0x2  Code  Wk  startup_mspm0g351x_iar.o [5]
Region$$Table$$Base          0x3a98          --   Gb  - Linker created -
Region$$Table$$Limit         0x3abc          --   Gb  - Linker created -
Reset_Handler                0x3a25    0x8  Code  Wk  startup_mspm0g351x_iar.o [5]
SPI0_IRQHandler               0x783    0x2  Code  Wk  startup_mspm0g351x_iar.o [5]
SPI1_IRQHandler               0x783    0x2  Code  Wk  startup_mspm0g351x_iar.o [5]
SPI2_IRQHandler               0x783    0x2  Code  Wk  startup_mspm0g351x_iar.o [5]
SVC_Handler                   0x783    0x2  Code  Wk  startup_mspm0g351x_iar.o [5]
SYSCFG_DL_GPIO_init           0xc25  0x248  Code  Wk  ti_msp_dl_config.o [2]
SYSCFG_DL_K230_init          0x10e9   0x44  Code  Wk  ti_msp_dl_config.o [2]
SYSCFG_DL_LCD_init           0x112d   0x3c  Code  Wk  ti_msp_dl_config.o [2]
SYSCFG_DL_MPU6050_init       0x1099   0x50  Code  Wk  ti_msp_dl_config.o [2]
SYSCFG_DL_Motor_init          0xf3d   0xcc  Code  Wk  ti_msp_dl_config.o [2]
SYSCFG_DL_QEI_1_init         0x1009   0x4c  Code  Wk  ti_msp_dl_config.o [2]
SYSCFG_DL_QEI_2_init         0x1055   0x44  Code  Wk  ti_msp_dl_config.o [2]
SYSCFG_DL_SYSCTL_init         0xe6d   0x48  Code  Wk  ti_msp_dl_config.o [2]
SYSCFG_DL_SYSTICK_init       0x1169   0x10  Code  Wk  ti_msp_dl_config.o [2]
SYSCFG_DL_Servo_init          0xeb5   0x88  Code  Wk  ti_msp_dl_config.o [2]
SYSCFG_DL_init                0xb25   0x4c  Code  Wk  ti_msp_dl_config.o [2]
SYSCFG_DL_initPower           0xb71   0xb4  Code  Wk  ti_msp_dl_config.o [2]
SysTick_Config                0x7c9   0x2e  Code  Lc  ti_msp_dl_config.o [2]
SysTick_Handler              0x1dd7   0x2a  Code  Gb  tsp_isr.o [1]
TIMA0_IRQHandler              0x783    0x2  Code  Wk  startup_mspm0g351x_iar.o [5]
TIMA1_IRQHandler              0x783    0x2  Code  Wk  startup_mspm0g351x_iar.o [5]
TIMG0_IRQHandler              0x783    0x2  Code  Wk  startup_mspm0g351x_iar.o [5]
TIMG12_IRQHandler             0x783    0x2  Code  Wk  startup_mspm0g351x_iar.o [5]
TIMG14_IRQHandler             0x783    0x2  Code  Wk  startup_mspm0g351x_iar.o [5]
TIMG6_IRQHandler              0x783    0x2  Code  Wk  startup_mspm0g351x_iar.o [5]
TIMG7_IRQHandler              0x783    0x2  Code  Wk  startup_mspm0g351x_iar.o [5]
TIMG8_IRQHandler              0x783    0x2  Code  Wk  startup_mspm0g351x_iar.o [5]
TIMG9_IRQHandler              0x783    0x2  Code  Wk  startup_mspm0g351x_iar.o [5]
UART0_IRQHandler              0x783    0x2  Code  Wk  startup_mspm0g351x_iar.o [5]
UART1_IRQHandler              0x783    0x2  Code  Wk  startup_mspm0g351x_iar.o [5]
UART3_IRQHandler              0x783    0x2  Code  Wk  startup_mspm0g351x_iar.o [5]
UART4_IRQHandler              0x783    0x2  Code  Wk  startup_mspm0g351x_iar.o [5]
UART5_IRQHandler              0x783    0x2  Code  Wk  startup_mspm0g351x_iar.o [5]
UART6_IRQHandler              0x783    0x2  Code  Wk  startup_mspm0g351x_iar.o [5]
UART7_IRQHandler              0x783    0x2  Code  Wk  startup_mspm0g351x_iar.o [5]
_LC                          0x22e9    0x8  Code  Lc  xprintffull_nomb.o [6]
_LitobFullNoMb               0x30c9  0x124  Code  Lc  xprintffull_nomb.o [6]
_Locale_lconv           0x2020'000c   0x38  Data  Lc  xlocale_c.o [6]
_PrintfFullNoMb              0x22f1  0xdd8  Code  Gb  xprintffull_nomb.o [6]
_PutcharsFullNoMb            0x3239   0x36  Code  Lc  xprintffull_nomb.o [6]
_SProut                      0x1183    0xa  Code  Gb  xsprout.o [6]
__NVIC_SetPriority            0x785   0x44  Code  Lc  ti_msp_dl_config.o [2]
__aeabi_cdcmple              0x336d         Code  Gb  DblCmpLe.o [8]
__aeabi_cdrcmple             0x339f         Code  Gb  DblCmpGe.o [8]
__aeabi_d2iz                 0x3441         Code  Gb  DblToI32.o [8]
__aeabi_d2uiz                0x3465         Code  Gb  DblToI32.o [8]
__aeabi_ddiv                 0x3671         Code  Gb  DblDiv.o [8]
__aeabi_dmul                 0x3733         Code  Gb  DblMul.o [8]
__aeabi_dsub                 0x3583         Code  Gb  DblAddSub.o [8]
__aeabi_i2d                  0x34b5         Code  Gb  IxxToDbl.o [8]
__aeabi_idiv                 0x1e8d         Code  Gb  I32DivModFast.o [9]
__aeabi_idiv0                0x22e5         Code  Gb  IntDivZer.o [9]
__aeabi_idivmod              0x1e8d         Code  Gb  I32DivModFast.o [9]
__aeabi_ldiv0                0x394d         Code  Gb  I64DivZer.o [9]
__aeabi_memcpy               0x3329         Code  Gb  ABImemcpy.o [9]
__aeabi_memcpy4              0x32f5         Code  Gb  ABImemcpy.o [9]
__aeabi_memcpy8              0x32f5         Code  Gb  ABImemcpy.o [9]
__aeabi_ui2d                 0x3495         Code  Gb  IxxToDbl.o [8]
__aeabi_uidiv                0x1e93         Code  Gb  I32DivModFast.o [9]
__aeabi_uidivmod             0x1e93         Code  Gb  I32DivModFast.o [9]
__aeabi_uldivmod             0x38c5         Code  Gb  I64DivMod.o [9]
__cmain                      0x3981         Code  Gb  cmain.o [9]
__exit                       0x3951   0x14  Code  Gb  exit.o [10]
__iar_Fail_s                 0x3285   0x22  Code  Gb  xfail_s.o [6]
__iar_Memchr                 0x32dd         Code  Gb  memchr.o [9]
__iar_Memcpy                 0x3335         Code  Gb  ABImemcpy.o [9]
__iar_Strchr                 0x3271         Code  Gb  strchr.o [9]
__iar_copy_init3             0x3a69   0x30  Code  Gb  copy_init3.o [9]
__iar_d2uiz                  0x3469         Code  Gb  DblToI32.o [8]
__iar_data_init3             0x39a5   0x28  Code  Gb  data_init.o [9]
__iar_frexp                  0x334f         Code  Gb  frexp.o [8]
__iar_frexp64                0x3343         Code  Gb  frexp.o [8]
__iar_frexpl                 0x334f         Code  Gb  frexp.o [8]
__iar_ldexp64                0x33d1         Code  Gb  ldexp.o [8]
__iar_program_start          0x3965         Code  Gb  cstartup_M.o [9]
__iar_scalbln64              0x33d1         Code  Gb  ldexp.o [8]
__iar_scalbn64               0x33d1         Code  Gb  ldexp.o [8]
__iar_zero_init3             0x3a2d   0x3c  Code  Gb  zero_init3.o [9]
__low_level_init             0x399f    0x4  Code  Gb  low_level_init.o [6]
__vector_table                  0x0   0xc0  Data  Gb  startup_mspm0g351x_iar.o [5]
_call_main                   0x398d         Code  Gb  cmain.o [9]
_exit                        0x39d5         Code  Gb  cexit.o [9]
abort                        0x3941    0xa  Code  Gb  abort.o [6]
delay                   0x2020'02b0    0x4  Data  Lc  tsp_isr.o [1]
delay_1ms                    0x1dcb    0xc  Code  Gb  tsp_isr.o [1]
dt                      0x2020'0004    0x4  Data  Gb  TSP3519.o [4]
exit                         0x39cd    0x8  Code  Gb  exit.o [6]
flag_20_ms              0x2020'0000    0x1  Data  Gb  TSP3519.o [4]
frexp                        0x3343         Code  Gb  frexp.o [8]
frexpl                       0x3343         Code  Gb  frexp.o [8]
gK230ClockConfig              0x10a    0x2  Data  Lc  ti_msp_dl_config.o [2]
gK230Config                   0x10c    0xc  Data  Lc  ti_msp_dl_config.o [2]
gLCDBackup              0x2020'0240   0x28  Data  Gb  ti_msp_dl_config.o [2]
gLCD_clockConfig              0x124    0x2  Data  Lc  ti_msp_dl_config.o [2]
gLCD_config                   0x118    0xc  Data  Lc  ti_msp_dl_config.o [2]
gMPU6050ClockConfig           0x108    0x2  Data  Lc  ti_msp_dl_config.o [2]
gMotorBackup            0x2020'0044   0xbc  Data  Gb  ti_msp_dl_config.o [2]
gMotorClockConfig              0xf4    0x4  Data  Lc  ti_msp_dl_config.o [2]
gMotorConfig                   0xf8    0x8  Data  Lc  ti_msp_dl_config.o [2]
gQEI_1ClockConfig             0x100    0x4  Data  Lc  ti_msp_dl_config.o [2]
gQEI_2Backup            0x2020'01a0   0xa0  Data  Gb  ti_msp_dl_config.o [2]
gQEI_2ClockConfig             0x104    0x4  Data  Lc  ti_msp_dl_config.o [2]
gSYSPLLConfig                  0xc0   0x28  Data  Lc  ti_msp_dl_config.o [2]
gServoBackup            0x2020'0100   0xa0  Data  Gb  ti_msp_dl_config.o [2]
gServoClockConfig              0xe8    0x4  Data  Lc  ti_msp_dl_config.o [2]
gServoConfig                   0xec    0x8  Data  Lc  ti_msp_dl_config.o [2]
get_systick_counter          0x1e01    0x6  Code  Gb  tsp_isr.o [1]
gz                      0x2020'0002    0x2  Data  Gb  TSP3519.o [4]
ldexp                        0x33d1         Code  Gb  ldexp.o [8]
ldexpl                       0x33d1         Code  Gb  ldexp.o [8]
localeconv                   0x38b9    0x4  Code  Gb  xlocale_c.o [6]
main                         0x16b9   0xe4  Code  Gb  TSP3519.o [4]
memchr                       0x32dd         Code  Gb  memchr.o [9]
mspm0_get_clock_ms           0x1e07   0x12  Code  Gb  tsp_isr.o [1]
mspm0_i2c_disable            0x2035   0x3a  Code  Gb  tsp_i2c.o [3]
mspm0_i2c_enable             0x206f   0x4c  Code  Gb  tsp_i2c.o [3]
mspm0_i2c_read               0x218d   0xce  Code  Gb  tsp_i2c.o [3]
mspm0_i2c_sda_unlock         0x20bb   0x46  Code  Gb  tsp_i2c.o [3]
mspm0_i2c_write              0x2101   0x84  Code  Gb  tsp_i2c.o [3]
scalbln                      0x33d1         Code  Gb  ldexp.o [8]
scalblnl                     0x33d1         Code  Gb  ldexp.o [8]
scalbn                       0x33d1         Code  Gb  ldexp.o [8]
scalbnl                      0x33d1         Code  Gb  ldexp.o [8]
scale                        0x31ed   0x44  Code  Lc  xprintffull_nomb.o [6]
sec_hand                0x2020'02b4    0x4  Data  Lc  xfail_s.o [6]
sprintf                      0x22a5   0x40  Code  Gb  sprintf.o [6]
strchr                       0x3271         Code  Gb  strchr.o [9]
strlen                       0x32cd         Code  Gb  strlen.o [9]
sys_tick_counter        0x2020'02ac    0x4  Data  Gb  tsp_isr.o [1]
tft_ascii                     0x128  0x5f0  Data  Gb  TSP_TFT18.o [3]
tsp_spi_write_byte           0x18e9   0x14  Code  Lc  TSP_TFT18.o [3]
tsp_tft18_clear              0x197f   0x36  Code  Gb  TSP_TFT18.o [3]
tsp_tft18_init               0x17e3  0x106  Code  Gb  TSP_TFT18.o [3]
tsp_tft18_set_region         0x1949   0x36  Code  Gb  TSP_TFT18.o [3]
tsp_tft18_show_char          0x19b5   0x5a  Code  Gb  TSP_TFT18.o [3]
tsp_tft18_show_char_color
                             0x1a0f   0x72  Code  Gb  TSP_TFT18.o [3]
tsp_tft18_show_int16         0x1b05   0x9c  Code  Gb  TSP_TFT18.o [3]
tsp_tft18_show_str           0x1a9d   0x28  Code  Gb  TSP_TFT18.o [3]
tsp_tft18_show_str_color
                             0x1ac5   0x40  Code  Gb  TSP_TFT18.o [3]
tsp_tft18_show_uint16        0x1ba1   0x7a  Code  Gb  TSP_TFT18.o [3]
tsp_tft18_write_2byte        0x1929   0x20  Code  Gb  TSP_TFT18.o [3]
tsp_tft18_write_byte         0x1913   0x16  Code  Gb  TSP_TFT18.o [3]
tsp_tft18_write_cmd          0x18fd   0x16  Code  Gb  TSP_TFT18.o [3]


[1] = D:\Study_resources\电赛\main\main\TSP3519\TSP3519\iar\Debug\Obj\NUEDU2025_11847588325976546582.dir
[2] = D:\Study_resources\电赛\main\main\TSP3519\TSP3519\iar\Debug\Obj\SysConfig Generated Files_5435349133262493662.dir
[3] = D:\Study_resources\电赛\main\main\TSP3519\TSP3519\iar\Debug\Obj\TSP3519_9401757970942732151.dir
[4] = D:\Study_resources\电赛\main\main\TSP3519\TSP3519\iar\Debug\Obj\empty_mspm0g3519_13168490636323535303.dir
[5] = D:\Study_resources\电赛\main\main\TSP3519\TSP3519\iar\Debug\Obj\iar_102420246905159791.dir
[6] = dl6M_tlf.a
[7] = driverlib.a
[8] = m6M_tl.a
[9] = rt6M_tl.a
[10] = shb_l.a

  13'007 bytes of readonly  code memory
   2'029 bytes of readonly  data memory
   1'208 bytes of readwrite data memory

Errors: none
Warnings: none
