###############################################################################
#
# IAR ELF Linker V9.60.3.422/W64 for ARM                  27/Jul/2025  17:08:59
# Copyright 2007-2024 IAR Systems AB.
#
#    Output file  =
#        D:\Study_resources\电赛\TSP\TSP3519\iar\Debug\Exe\empty_mspm0g3519_nortos_iar.out
#    Map file     =
#        D:\Study_resources\电赛\TSP\TSP3519\iar\Debug\List\empty_mspm0g3519_nortos_iar.map
#    Command line =
#        -f
#        D:\Study_resources\电赛\TSP\TSP3519\iar\Debug\Exe\empty_mspm0g3519_nortos_iar.out.rsp
#        (D:\Study_resources\电赛\TSP\TSP3519\iar\Debug\Obj\NUEDU2025_11847588325976546582.dir\Kalman.o
#        D:\Study_resources\电赛\TSP\TSP3519\iar\Debug\Obj\iar_102420246905159791.dir\startup_mspm0g351x_iar.o
#        "D:\Study_resources\电赛\TSP\TSP3519\iar\Debug\Obj\SysConfig Generated
#        Files_5435349133262493662.dir\ti_msp_dl_config.o"
#        D:\Study_resources\电赛\TSP\TSP3519\iar\Debug\Obj\empty_mspm0g3519_13168490636323535303.dir\TSP3519.o
#        D:\Study_resources\电赛\TSP\TSP3519\iar\Debug\Obj\TSP3519_9401757970942732151.dir\tsp_adc.o
#        D:\Study_resources\电赛\TSP\TSP3519\iar\Debug\Obj\TSP3519_9401757970942732151.dir\TSP_CCD.o
#        D:\Study_resources\电赛\TSP\TSP3519\iar\Debug\Obj\NUEDU2025_11847588325976546582.dir\tsp_ccd_image.o
#        D:\Study_resources\电赛\TSP\TSP3519\iar\Debug\Obj\TSP3519_9401757970942732151.dir\tsp_gpio.o
#        D:\Study_resources\电赛\TSP\TSP3519\iar\Debug\Obj\TSP3519_9401757970942732151.dir\tsp_i2c.o
#        D:\Study_resources\电赛\TSP\TSP3519\iar\Debug\Obj\NUEDU2025_11847588325976546582.dir\tsp_isr.o
#        D:\Study_resources\电赛\TSP\TSP3519\iar\Debug\Obj\NUEDU2025_11847588325976546582.dir\tsp_menu.o
#        D:\Study_resources\电赛\TSP\TSP3519\iar\Debug\Obj\NUEDU2025_11847588325976546582.dir\tsp_motor.o
#        D:\Study_resources\电赛\TSP\TSP3519\iar\Debug\Obj\TSP3519_9401757970942732151.dir\TSP_MPU6050.o
#        D:\Study_resources\电赛\TSP\TSP3519\iar\Debug\Obj\TSP3519_9401757970942732151.dir\tsp_pwm.o
#        D:\Study_resources\电赛\TSP\TSP3519\iar\Debug\Obj\TSP3519_9401757970942732151.dir\tsp_qei.o
#        D:\Study_resources\电赛\TSP\TSP3519\iar\Debug\Obj\NUEDU2025_11847588325976546582.dir\tsp_servo.o
#        D:\Study_resources\电赛\TSP\TSP3519\iar\Debug\Obj\TSP3519_9401757970942732151.dir\TSP_TFT18.o
#        D:\Study_resources\电赛\TSP\TSP3519\iar\Debug\Obj\TSP3519_9401757970942732151.dir\tsp_uart.o
#        --redirect _Printf=_PrintfFullNoMb --redirect _Scanf=_ScanfFullNoMb
#        --no_out_extension -o
#        D:\Study_resources\电赛\TSP\TSP3519\iar\Debug\Exe\empty_mspm0g3519_nortos_iar.out
#        --map
#        D:\Study_resources\电赛\TSP\TSP3519\iar\Debug\List\empty_mspm0g3519_nortos_iar.map
#        --config D:\Study_resources\电赛\TSP\TSP3519\iar/mspm0g3519.icf
#        D:\ti\mspm0_sdk_2_05_01_00/source/ti/driverlib/lib/iar/m0p/mspm0gx51x/driverlib.a
#        --silent --semihosting --entry __iar_program_start --vfe --text_out
#        locale --cpu=Cortex-M0+ --fpu=None) --dependencies=n
#        D:\Study_resources\电赛\TSP\TSP3519\iar\Debug\Exe\empty_mspm0g3519_nortos_iar.out.iar_deps
#
###############################################################################

*******************************************************************************
*** RUNTIME MODEL ATTRIBUTES
***

CppFlavor       = *
__CPP_Runtime   = 1
__SystemLibrary = DLib
__dlib_version  = 6


*******************************************************************************
*** HEAP SELECTION
***

The basic heap was selected because no calls to memory allocation
functions were found in the application outside of system library
functions, there are calls to deallocation functions in the
application, and the application appears to be primarily
optimized for speed.


*******************************************************************************
*** PLACEMENT SUMMARY
***

"A0":  place at address 0x0 { ro section .intvec };
define block ALIGNED_ROM with end alignment = 8 { ro };
"P1":  place in [from 0x0 to 0x7'ffff] { block ALIGNED_ROM };
define block CSTACK with size = 512, alignment = 8 { };
define block PROC_STACK with size = 0, alignment = 8 { };
define block TRIM_TABLE with alignment = 8 { rw code section .TrimTable };
define block HEAP with size = 1K, alignment = 8 { };
"P2":  place in [from 0x2020'0000 to 0x2020'ffff] {
          rw, block CSTACK, block PROC_STACK, block TRIM_TABLE, block HEAP };
initialize by copy { rw };

No sections matched the following patterns:

  rw code section .TrimTable  in block TRIM_TABLE
  section BCRCONFIG           in "P3"
  section BSLCONFIG           in "P4"
  section DataBank            in "P5"


  Section              Kind         Address  Alignment    Size  Object
  -------              ----         -------  ---------    ----  ------
"A0":                                                     0xc0
  .intvec              const            0x0          4    0xc0  startup_mspm0g351x_iar.o [5]
                                     - 0xc0               0xc0

"P1", part 1 of 2:                                      0x4fc8
  ALIGNED_ROM                          0xc0             0x4fc8  <Block>
    .rodata            const           0xc0          4    0x28  ti_msp_dl_config.o [2]
    .rodata            const           0xe8          4    0x48  ti_msp_dl_config.o [2]
    .rodata            const          0x130          4    0x5c  tsp_menu.o [1]
    .rodata            const          0x18c          4   0x5f0  TSP_TFT18.o [3]
    .rodata            const          0x77c          4    0x6a  xprintffull_nomb.o [6]
    .rodata            const          0x7e6          2     0x2  xlocale_c.o [6]
    .text              ro code        0x7e8          4   0x46c  ti_msp_dl_config.o [2]
    .text              ro code        0xc54          4    0x50  ti_msp_dl_config.o [2]
    .text              ro code        0xca4          4    0xc4  ti_msp_dl_config.o [2]
    .text              ro code        0xd68          4   0x21c  ti_msp_dl_config.o [2]
    .text              ro code        0xf84          4    0x40  ti_msp_dl_config.o [2]
    .text              ro code        0xfc4          4    0x88  ti_msp_dl_config.o [2]
    .text              ro code       0x104c          4    0xcc  ti_msp_dl_config.o [2]
    .text              ro code       0x1118          4    0x4c  ti_msp_dl_config.o [2]
    .text              ro code       0x1164          4    0x4c  ti_msp_dl_config.o [2]
    .text              ro code       0x11b0          4    0x50  ti_msp_dl_config.o [2]
    .text              ro code       0x1200          4    0x44  ti_msp_dl_config.o [2]
    .text              ro code       0x1244          4    0x3c  ti_msp_dl_config.o [2]
    .text              ro code       0x1280          4    0x90  ti_msp_dl_config.o [2]
    .text              ro code       0x1310          4    0x10  ti_msp_dl_config.o [2]
    .text              ro code       0x1320          4     0xa  dl_common.o [7]
    .text              ro code       0x132a          2     0x2  startup_mspm0g351x_iar.o [5]
    .text              ro code       0x132c          4   0x184  dl_sysctl_mspm0gx51x.o [7]
    .text              ro code       0x14b0          4   0x17c  dl_timer.o [7]
    .text              ro code       0x162c          4    0xc8  dl_i2c.o [7]
    .text              ro code       0x16f4          4    0x60  dl_uart.o [7]
    .text              ro code       0x1754          4    0x84  dl_spi.o [7]
    .text              ro code       0x17d8          4    0x4c  dl_adc12.o [7]
    .text              ro code       0x1824          4    0x58  dl_factoryregion.o [7]
    .text              ro code       0x187c          4    0x64  TSP3519.o [4]
    .text              ro code       0x18e0          4   0x52c  TSP_TFT18.o [3]
    .text              ro code       0x1e0c          4   0x1f0  TSP_MPU6050.o [3]
    .text              ro code       0x1ffc          4    0x22  tsp_gpio.o [3]
    .text              ro code       0x201e          2     0xa  xsprout.o [6]
    .text              ro code       0x2028          4   0x844  tsp_menu.o [1]
    .text              ro code       0x286c          4   0x374  TSP_CCD.o [3]
    .text              ro code       0x2be0          4   0x248  tsp_ccd_image.o [1]
    .text              ro code       0x2e28          4   0x1f4  tsp_isr.o [1]
    .text              ro code       0x301c          2    0xe0  I32DivModFast.o [9]
    .text              ro code       0x30fc          4   0x364  tsp_i2c.o [3]
    .text              ro code       0x3460          4    0x36  IxxToFlt.o [8]
    .text              ro code       0x3496          2   0x120  FltAddSub.o [8]
    .text              ro code       0x35b6          2    0xa4  FltDiv.o [8]
    .text              ro code       0x365a          2    0x3e  packbits_init_single.o [9]
    .text              ro code       0x3698          4    0x40  sprintf.o [6]
    .text              ro code       0x36d8          4    0x32  FltToDbl.o [8]
    .text              ro code       0x370a          2   0x1b4  DblAddSub.o [8]
    .text              ro code       0x38be          2    0x62  DblToFlt.o [8]
    .text              ro code       0x3920          4    0x28  FltCmpGe.o [8]
    .text              ro code       0x3948          4    0x26  FltCmpLe.o [8]
    .rodata            const         0x396e                0x1  xlocale_c.o [6]
    .text              ro code       0x3970          4    0xb4  tsp_adc.o [3]
    .text              ro code       0x3a24          4    0x34  tsp_qei.o [3]
    .text              ro code       0x3a58          4     0x2  IntDivZer.o [9]
    .text              ro code       0x3a5c          4   0xf86  xprintffull_nomb.o [6]
    .text              ro code       0x49e4          4    0x12  strchr.o [9]
    .text              ro code       0x49f8          4    0x48  xfail_s.o [6]
    .text              ro code       0x4a40          4     0xe  strlen.o [9]
    .text              ro code       0x4a50          4    0x16  memchr.o [9]
    .text              ro code       0x4a68          4    0x4e  ABImemcpy.o [9]
    .text              ro code       0x4ab6          2    0x2a  frexp.o [8]
    .text              ro code       0x4ae0          2    0x32  DblCmpLe.o [8]
    .text              ro code       0x4b12          2    0x32  DblCmpGe.o [8]
    .text              ro code       0x4b44          2    0x70  ldexp.o [8]
    .text              ro code       0x4bb4          4    0x52  DblToI32.o [8]
    .text              ro code       0x4c08          4    0x34  IxxToDbl.o [8]
    .text              ro code       0x4c3c          2    0xc2  DblDiv.o [8]
    .text              ro code       0x4cfe          2   0x184  DblMul.o [8]
    .text              ro code       0x4e84          4     0xc  xlocale_c.o [6]
    .text              ro code       0x4e90          2    0x7c  I64DivMod.o [9]
    .text              ro code       0x4f0c          2     0xa  abort.o [6]
    .text              ro code       0x4f18          4     0x2  I64DivZer.o [9]
    .text              ro code       0x4f1c          4    0x14  exit.o [10]
    .text              ro code       0x4f30          4    0x1c  cstartup_M.o [9]
    .text              ro code       0x4f4c          4    0x1e  cmain.o [9]
    .text              ro code       0x4f6a          2     0x4  low_level_init.o [6]
    .text              ro code       0x4f70          4    0x28  data_init.o [9]
    .text              ro code       0x4f98          2     0x8  exit.o [6]
    .text              ro code       0x4fa0          4     0xa  cexit.o [9]
    .text              ro code       0x4faa          2     0x8  startup_mspm0g351x_iar.o [5]
    .text              ro code       0x4fb2          2    0x3c  zero_init3.o [9]
    .iar.init_table    const         0x4ff0          4    0x20  - Linker created -
    .rodata            const         0x5010                0x0  zero_init3.o [9]
    .rodata            const         0x5010                0x0  packbits_init_single.o [9]
    Initializer bytes  const         0x5010               0x76  <for P2-1>
                                   - 0x5086             0x4fc6

"P1", part 2 of 2:                                         0x0

"P2", part 1 of 3:                                        0xfc
  P2-1                          0x2020'0000               0xfc  <Init block>
    .data              inited   0x2020'0000          4     0x4  TSP3519.o [4]
    .data              inited   0x2020'0004          4    0xa4  tsp_menu.o [1]
    .data              inited   0x2020'00a8          4     0xc  TSP_MPU6050.o [3]
    .data              inited   0x2020'00b4          4     0xc  TSP_MPU6050.o [3]
    .data              inited   0x2020'00c0          4     0x4  dl_factoryregion.o [7]
    .data              inited   0x2020'00c4          4    0x38  xlocale_c.o [6]
                              - 0x2020'00fc               0xfc

"P2", part 2 of 3:                                       0x92c
  .bss                 zero     0x2020'00fc          4   0x400  tsp_ccd_image.o [1]
  .bss                 zero     0x2020'04fc          4   0x224  ti_msp_dl_config.o [2]
  .bss                 zero     0x2020'0720          4   0x104  TSP_CCD.o [3]
  .bss                 zero     0x2020'0824          4   0x100  TSP_CCD.o [3]
  .bss                 zero     0x2020'0924          4    0x80  TSP3519.o [4]
  .TrimTable           zero     0x2020'09a4          4    0x44  dl_factoryregion.o [7]
  .bss                 zero     0x2020'09e8          4     0xc  tsp_qei.o [3]
  .bss                 zero     0x2020'09f4          4     0x8  tsp_isr.o [1]
  .bss                 zero     0x2020'09fc          4     0x4  TSP3519.o [4]
  .bss                 zero     0x2020'0a00          4     0x4  TSP3519.o [4]
  .bss                 zero     0x2020'0a04          4     0x4  TSP3519.o [4]
  .bss                 zero     0x2020'0a08          4     0x4  TSP3519.o [4]
  .bss                 zero     0x2020'0a0c          4     0x4  TSP3519.o [4]
  .bss                 zero     0x2020'0a10          4     0x4  xfail_s.o [6]
  .bss                 zero     0x2020'0a14          2     0x2  TSP3519.o [4]
  .bss                 zero     0x2020'0a16          2     0x2  TSP3519.o [4]
  .bss                 zero     0x2020'0a18          2     0x2  TSP3519.o [4]
  .bss                 zero     0x2020'0a1a          2     0x2  TSP3519.o [4]
  .bss                 zero     0x2020'0a1c          2     0x2  TSP3519.o [4]
  .bss                 zero     0x2020'0a1e          2     0x2  TSP3519.o [4]
  .bss                 zero     0x2020'0a20                0x2  tsp_adc.o [3]
  .bss                 zero     0x2020'0a22                0x1  TSP3519.o [4]
  .bss                 zero     0x2020'0a23                0x1  TSP3519.o [4]
  .bss                 zero     0x2020'0a24                0x1  TSP3519.o [4]
  .bss                 zero     0x2020'0a25                0x1  TSP3519.o [4]
  .bss                 zero     0x2020'0a26                0x1  TSP3519.o [4]
                              - 0x2020'0a27              0x92b

"P2", part 3 of 3:                                       0x200
  CSTACK                        0x2020'0a28          8   0x200  <Block>
    CSTACK             uninit   0x2020'0a28              0x200  <Block tail>
                              - 0x2020'0c28              0x200

Unused ranges:

         From           To      Size
         ----           --      ----
       0x5088     0x7'ffff  0x7'af78
  0x2020'0c28  0x2020'ffff    0xf3d8


*******************************************************************************
*** INIT TABLE
***

          Address      Size
          -------      ----
Zero (__iar_zero_init3)
    1 destination range, total size 0x92b:
          0x2020'00fc  0x92b

Copy/packbits (__iar_packbits_init_single3)
    1 source range, total size 0x76 (46% of destination):
               0x5010   0x76
    1 destination range, total size 0xfc:
          0x2020'0000   0xfc



*******************************************************************************
*** MODULE SUMMARY
***

    Module                    ro code  ro data  rw data
    ------                    -------  -------  -------
command line/config:
    ---------------------------------------------------
    Total:

D:\Study_resources\电赛\TSP\TSP3519\iar\Debug\Obj\NUEDU2025_11847588325976546582.dir: [1]
    tsp_ccd_image.o               584             1'024
    tsp_isr.o                     500                 8
    tsp_menu.o                  2'116      169      164
    ---------------------------------------------------
    Total:                      3'200      169    1'196

D:\Study_resources\电赛\TSP\TSP3519\iar\Debug\Obj\SysConfig Generated Files_5435349133262493662.dir: [2]
    ti_msp_dl_config.o          2'872      112      548
    ---------------------------------------------------
    Total:                      2'872      112      548

D:\Study_resources\电赛\TSP\TSP3519\iar\Debug\Obj\TSP3519_9401757970942732151.dir: [3]
    TSP_CCD.o                     884               516
    TSP_MPU6050.o                 496       11       24
    TSP_TFT18.o                 1'324    1'520
    tsp_adc.o                     180                 2
    tsp_gpio.o                     34
    tsp_i2c.o                     868
    tsp_qei.o                      52                12
    ---------------------------------------------------
    Total:                      3'838    1'531      554

D:\Study_resources\电赛\TSP\TSP3519\iar\Debug\Obj\empty_mspm0g3519_13168490636323535303.dir: [4]
    TSP3519.o                     100        1      169
    ---------------------------------------------------
    Total:                        100        1      169

D:\Study_resources\电赛\TSP\TSP3519\iar\Debug\Obj\iar_102420246905159791.dir: [5]
    startup_mspm0g351x_iar.o       10      192
    ---------------------------------------------------
    Total:                         10      192

dl6M_tlf.a: [6]
    abort.o                        10
    exit.o                          8
    low_level_init.o                4
    sprintf.o                      64
    xfail_s.o                      72                 4
    xlocale_c.o                    12       30       56
    xprintffull_nomb.o          3'974      106
    xsprout.o                      10
    ---------------------------------------------------
    Total:                      4'154      136       60

driverlib.a: [7]
    dl_adc12.o                     76
    dl_common.o                    10
    dl_factoryregion.o             88        2       72
    dl_i2c.o                      200
    dl_spi.o                      132
    dl_sysctl_mspm0gx51x.o        388
    dl_timer.o                    380
    dl_uart.o                      96
    ---------------------------------------------------
    Total:                      1'370        2       72

m6M_tl.a: [8]
    DblAddSub.o                   436
    DblCmpGe.o                     50
    DblCmpLe.o                     50
    DblDiv.o                      194
    DblMul.o                      388
    DblToFlt.o                     98
    DblToI32.o                     82
    FltAddSub.o                   288
    FltCmpGe.o                     40
    FltCmpLe.o                     38
    FltDiv.o                      164
    FltToDbl.o                     50
    IxxToDbl.o                     52
    IxxToFlt.o                     54
    frexp.o                        42
    ldexp.o                       112
    ---------------------------------------------------
    Total:                      2'138

rt6M_tl.a: [9]
    ABImemcpy.o                    78
    I32DivModFast.o               224
    I64DivMod.o                   124
    I64DivZer.o                     2
    IntDivZer.o                     2
    cexit.o                        10
    cmain.o                        30
    cstartup_M.o                   28
    data_init.o                    40
    memchr.o                       22
    packbits_init_single.o         62
    strchr.o                       18
    strlen.o                       14
    zero_init3.o                   60
    ---------------------------------------------------
    Total:                        714

shb_l.a: [10]
    exit.o                         20
    ---------------------------------------------------
    Total:                         20

    Gaps                           21        2
    Linker created                          32      512
-------------------------------------------------------
    Grand Total:               18'437    2'177    3'111


*******************************************************************************
*** ENTRY LIST
***

Entry                       Address   Size  Type      Object
-----                       -------   ----  ----      ------
.iar.init_table$$Base        0x4ff0          --   Gb  - Linker created -
.iar.init_table$$Limit       0x5010          --   Gb  - Linker created -
?main                        0x4f4d         Code  Gb  cmain.o [9]
ADC0_IRQHandler              0x132b    0x2  Code  Wk  startup_mspm0g351x_iar.o [5]
ADC1_IRQHandler              0x39db   0x34  Code  Gb  tsp_adc.o [3]
ADC1_flag               0x2020'0a20    0x1  Data  Gb  tsp_adc.o [3]
ADC2_flag               0x2020'0a21    0x1  Data  Gb  tsp_adc.o [3]
AESADV_IRQHandler            0x132b    0x2  Code  Wk  startup_mspm0g351x_iar.o [5]
ALIGNED_ROM$$Base              0xc0          --   Gb  - Linker created -
ALIGNED_ROM$$Limit           0x5088          --   Gb  - Linker created -
Board_init                   0x1889   0x10  Code  Gb  TSP3519.o [4]
CANFD0_IRQHandler            0x132b    0x2  Code  Wk  startup_mspm0g351x_iar.o [5]
CANFD1_IRQHandler            0x132b    0x2  Code  Wk  startup_mspm0g351x_iar.o [5]
CCD1_Get_AO                  0x39b3   0x28  Code  Gb  tsp_adc.o [3]
CCD_test                     0x2b55   0x6a  Code  Gb  TSP_CCD.o [3]
CSTACK$$Base            0x2020'0a28          --   Gb  - Linker created -
CSTACK$$Limit           0x2020'0c28          --   Gb  - Linker created -
DAC0_IRQHandler              0x132b    0x2  Code  Wk  startup_mspm0g351x_iar.o [5]
DL_ADC12_clearInterruptStatus
                              0x909    0xc  Code  Lc  ti_msp_dl_config.o [2]
DL_ADC12_clearInterruptStatus
                             0x39a7    0xc  Code  Lc  tsp_adc.o [3]
DL_ADC12_configConversionMem
                              0x8d5   0x28  Code  Lc  ti_msp_dl_config.o [2]
DL_ADC12_enableConversions
                              0x8bf   0x10  Code  Lc  ti_msp_dl_config.o [2]
DL_ADC12_enableConversions
                             0x3981   0x10  Code  Lc  tsp_adc.o [3]
DL_ADC12_enableInterrupt
                              0x8fd    0xc  Code  Lc  ti_msp_dl_config.o [2]
DL_ADC12_enablePower          0x867    0xa  Code  Lc  ti_msp_dl_config.o [2]
DL_ADC12_getMemResult        0x3991    0xc  Code  Lc  tsp_adc.o [3]
DL_ADC12_getPendingInterrupt
                             0x399d    0xa  Code  Lc  tsp_adc.o [3]
DL_ADC12_initSeqSample        0x879   0x34  Code  Lc  ti_msp_dl_config.o [2]
DL_ADC12_reset                0x871    0x8  Code  Lc  ti_msp_dl_config.o [2]
DL_ADC12_setClockConfig
                             0x17d9   0x3c  Code  Gb  dl_adc12.o [7]
DL_ADC12_setPowerDownMode
                              0x8ad   0x12  Code  Lc  ti_msp_dl_config.o [2]
DL_ADC12_setSampleTime0
                              0x8cf    0x6  Code  Lc  ti_msp_dl_config.o [2]
DL_ADC12_startConversion
                             0x3971   0x10  Code  Lc  tsp_adc.o [3]
DL_Common_delayCycles        0x1321    0xa  Code  Gb  dl_common.o [7]
DL_Common_updateReg           0x85b    0xc  Code  Lc  ti_msp_dl_config.o [2]
DL_Common_updateReg          0x30fd    0xc  Code  Lc  tsp_i2c.o [3]
DL_Common_updateReg          0x2e29    0xc  Code  Lc  tsp_isr.o [1]
DL_FACTORYREGION_TrimTable
                        0x2020'09a4   0x44  Data  Gb  dl_factoryregion.o [7]
DL_FactoryRegion_initTrimTable
                             0x1825   0x58  Code  Gb  dl_factoryregion.o [7]
DL_GPIO_clearInterruptStatus
                              0xa0b    0xc  Code  Lc  ti_msp_dl_config.o [2]
DL_GPIO_clearInterruptStatus
                             0x2e4b    0xc  Code  Lc  tsp_isr.o [1]
DL_GPIO_clearPins             0x9d3    0x8  Code  Lc  ti_msp_dl_config.o [2]
DL_GPIO_clearPins            0x2891    0x8  Code  Lc  TSP_CCD.o [3]
DL_GPIO_clearPins            0x315f    0x8  Code  Lc  tsp_i2c.o [3]
DL_GPIO_clearPins            0x18e7    0x8  Code  Lc  TSP_TFT18.o [3]
DL_GPIO_enableHiZ             0x9ed   0x12  Code  Lc  ti_msp_dl_config.o [2]
DL_GPIO_enableHiZ            0x316d   0x12  Code  Lc  tsp_i2c.o [3]
DL_GPIO_enableInterrupt
                              0x9ff    0xc  Code  Lc  ti_msp_dl_config.o [2]
DL_GPIO_enableOutput          0x9db    0x6  Code  Lc  ti_msp_dl_config.o [2]
DL_GPIO_enableOutput         0x3167    0x6  Code  Lc  tsp_i2c.o [3]
DL_GPIO_enablePower           0x955    0xa  Code  Lc  ti_msp_dl_config.o [2]
DL_GPIO_getEnabledInterruptStatus
                             0x2e41    0xa  Code  Lc  tsp_isr.o [1]
DL_GPIO_initDigitalInputFeatures
                              0x973   0x1a  Code  Lc  ti_msp_dl_config.o [2]
DL_GPIO_initDigitalInputFeatures
                             0x3115   0x1a  Code  Lc  tsp_i2c.o [3]
DL_GPIO_initDigitalOutput
                              0x967    0xc  Code  Lc  ti_msp_dl_config.o [2]
DL_GPIO_initDigitalOutput
                             0x3109    0xc  Code  Lc  tsp_i2c.o [3]
DL_GPIO_initPeripheralAnalogFunction
                              0x9c7    0xc  Code  Lc  ti_msp_dl_config.o [2]
DL_GPIO_initPeripheralInputFunction
                              0x99b    0xe  Code  Lc  ti_msp_dl_config.o [2]
DL_GPIO_initPeripheralInputFunctionFeatures
                              0x9a9   0x1e  Code  Lc  ti_msp_dl_config.o [2]
DL_GPIO_initPeripheralInputFunctionFeatures
                             0x312f   0x1e  Code  Lc  tsp_i2c.o [3]
DL_GPIO_initPeripheralOutputFunction
                              0x98d    0xe  Code  Lc  ti_msp_dl_config.o [2]
DL_GPIO_readPins             0x187d    0xc  Code  Lc  TSP3519.o [4]
DL_GPIO_readPins             0x287f    0xc  Code  Lc  TSP_CCD.o [3]
DL_GPIO_readPins             0x2be1    0xc  Code  Lc  tsp_ccd_image.o [1]
DL_GPIO_readPins             0x314d    0xc  Code  Lc  tsp_i2c.o [3]
DL_GPIO_readPins             0x2e35    0xc  Code  Lc  tsp_isr.o [1]
DL_GPIO_readPins             0x2029    0xc  Code  Lc  tsp_menu.o [1]
DL_GPIO_reset                 0x95f    0x8  Code  Lc  ti_msp_dl_config.o [2]
DL_GPIO_setLowerPinsPolarity
                              0x9e1    0xc  Code  Lc  ti_msp_dl_config.o [2]
DL_GPIO_setPins              0x288b    0x6  Code  Lc  TSP_CCD.o [3]
DL_GPIO_setPins              0x2bed    0x6  Code  Lc  tsp_ccd_image.o [1]
DL_GPIO_setPins              0x3159    0x6  Code  Lc  tsp_i2c.o [3]
DL_GPIO_setPins              0x18e1    0x6  Code  Lc  TSP_TFT18.o [3]
DL_I2C_clearInterruptStatus
                             0x31eb    0x6  Code  Lc  tsp_i2c.o [3]
DL_I2C_enableAnalogGlitchFilter
                              0xa43   0x12  Code  Lc  ti_msp_dl_config.o [2]
DL_I2C_enableController
                              0xa5b    0xe  Code  Lc  ti_msp_dl_config.o [2]
DL_I2C_enableControllerClockStretching
                              0xa69    0xe  Code  Lc  ti_msp_dl_config.o [2]
DL_I2C_enablePower            0xa1f    0xa  Code  Lc  ti_msp_dl_config.o [2]
DL_I2C_enablePower           0x31b9    0xa  Code  Lc  tsp_i2c.o [3]
DL_I2C_fillControllerTXFIFO
                             0x1657   0x74  Code  Gb  dl_i2c.o [7]
DL_I2C_flushControllerTXFIFO
                             0x16cb   0x26  Code  Gb  dl_i2c.o [7]
DL_I2C_getControllerStatus
                             0x31cb    0x6  Code  Lc  tsp_i2c.o [3]
DL_I2C_getRawInterruptStatus
                             0x31e1    0xa  Code  Lc  tsp_i2c.o [3]
DL_I2C_isControllerRXFIFOEmpty
                             0x317f   0x10  Code  Lc  tsp_i2c.o [3]
DL_I2C_receiveControllerData
                             0x31d1    0x8  Code  Lc  tsp_i2c.o [3]
DL_I2C_reset                  0xa29    0x8  Code  Lc  ti_msp_dl_config.o [2]
DL_I2C_reset                 0x31c3    0x8  Code  Lc  tsp_i2c.o [3]
DL_I2C_resetControllerTransfer
                              0xa17    0x8  Code  Lc  ti_msp_dl_config.o [2]
DL_I2C_setAnalogGlitchFilterPulseWidth
                              0xa31   0x12  Code  Lc  ti_msp_dl_config.o [2]
DL_I2C_setClockConfig        0x162d   0x2a  Code  Gb  dl_i2c.o [7]
DL_I2C_setControllerRXFIFOThreshold
                              0xa85   0x10  Code  Lc  ti_msp_dl_config.o [2]
DL_I2C_setControllerTXFIFOThreshold
                              0xa77    0xe  Code  Lc  ti_msp_dl_config.o [2]
DL_I2C_setTimerPeriod         0xa55    0x6  Code  Lc  ti_msp_dl_config.o [2]
DL_I2C_startControllerTransfer
                             0x318f   0x2a  Code  Lc  tsp_i2c.o [3]
DL_I2C_transmitControllerData
                             0x31d9    0x8  Code  Lc  tsp_i2c.o [3]
DL_SPI_enable                 0xaa7    0xe  Code  Lc  ti_msp_dl_config.o [2]
DL_SPI_enablePower            0xa95    0xa  Code  Lc  ti_msp_dl_config.o [2]
DL_SPI_init                  0x1755   0x44  Code  Gb  dl_spi.o [7]
DL_SPI_receiveDataBlocking8
                             0x17a9   0x10  Code  Gb  dl_spi.o [7]
DL_SPI_reset                  0xa9f    0x8  Code  Lc  ti_msp_dl_config.o [2]
DL_SPI_setBitRateSerialClockDivider
                              0xacd    0xe  Code  Lc  ti_msp_dl_config.o [2]
DL_SPI_setClockConfig        0x1799   0x10  Code  Gb  dl_spi.o [7]
DL_SPI_setFIFOThreshold
                              0xab5   0x14  Code  Lc  ti_msp_dl_config.o [2]
DL_SPI_transmitDataBlocking8
                             0x17b9    0xe  Code  Gb  dl_spi.o [7]
DL_SYSCTL_configSYSPLL       0x132d   0xc2  Code  Gb  dl_sysctl_mspm0gx51x.o [7]
DL_SYSCTL_enableMFCLK         0x937    0xe  Code  Lc  ti_msp_dl_config.o [2]
DL_SYSCTL_setBORThreshold
                              0x915    0x6  Code  Lc  ti_msp_dl_config.o [2]
DL_SYSCTL_setFlashWaitState
                              0x945   0x10  Code  Lc  ti_msp_dl_config.o [2]
DL_SYSCTL_setHFCLKSourceHFXTParams
                             0x141d   0x68  Code  Gb  dl_sysctl_mspm0gx51x.o [7]
DL_SYSCTL_setSYSOSCFreq
                              0x91b    0xe  Code  Lc  ti_msp_dl_config.o [2]
DL_SYSCTL_setULPCLKDivider
                              0x929    0xe  Code  Lc  ti_msp_dl_config.o [2]
DL_SYSCTL_switchMCLKfromSYSOSCtoHSCLK
                             0x13ef   0x24  Code  Gb  dl_sysctl_mspm0gx51x.o [7]
DL_Timer_configQEI            0xb45   0x1c  Code  Lc  ti_msp_dl_config.o [2]
DL_Timer_enableClock          0xaf5    0x8  Code  Lc  ti_msp_dl_config.o [2]
DL_Timer_enablePower          0xadb    0xa  Code  Lc  ti_msp_dl_config.o [2]
DL_Timer_getTimerCount       0x3a25    0x8  Code  Lc  tsp_qei.o [3]
DL_Timer_initFourCCPWMMode
                             0x1515   0xf6  Code  Gb  dl_timer.o [7]
DL_Timer_reset                0xae5    0x8  Code  Lc  ti_msp_dl_config.o [2]
DL_Timer_setCCPDirection
                              0xaed    0x8  Code  Lc  ti_msp_dl_config.o [2]
DL_Timer_setCaptCompUpdateMethod
                             0x14d7   0x1a  Code  Gb  dl_timer.o [7]
DL_Timer_setCaptureCompareOutCtl
                             0x14f1   0x14  Code  Gb  dl_timer.o [7]
DL_Timer_setCaptureCompareValue
                             0x14cd    0xa  Code  Gb  dl_timer.o [7]
DL_Timer_setClockConfig
                             0x14b1   0x16  Code  Gb  dl_timer.o [7]
DL_Timer_setCounterControl
                              0xb09   0x16  Code  Lc  ti_msp_dl_config.o [2]
DL_Timer_setCounterValueAfterEnable
                             0x2e57   0x10  Code  Lc  tsp_isr.o [1]
DL_Timer_setLoadValue         0xafd    0x6  Code  Lc  ti_msp_dl_config.o [2]
DL_Timer_startCounter         0xb25    0xe  Code  Lc  ti_msp_dl_config.o [2]
DL_UART_enable                0xb85   0x10  Code  Lc  ti_msp_dl_config.o [2]
DL_UART_enableInterrupt
                              0xbe1    0xc  Code  Lc  ti_msp_dl_config.o [2]
DL_UART_enablePower           0xb61    0xa  Code  Lc  ti_msp_dl_config.o [2]
DL_UART_init                 0x16f5   0x48  Code  Gb  dl_uart.o [7]
DL_UART_isRXFIFOEmpty        0x2e67    0xe  Code  Lc  tsp_isr.o [1]
DL_UART_receiveData          0x2e75    0x8  Code  Lc  tsp_isr.o [1]
DL_UART_reset                 0xb6b    0x8  Code  Lc  ti_msp_dl_config.o [2]
DL_UART_setBaudRateDivisor
                              0xba7   0x30  Code  Lc  ti_msp_dl_config.o [2]
DL_UART_setClockConfig       0x173d   0x10  Code  Gb  dl_uart.o [7]
DL_UART_setOversampling
                              0xb95   0x12  Code  Lc  ti_msp_dl_config.o [2]
DMA_IRQHandler               0x132b    0x2  Code  Wk  startup_mspm0g351x_iar.o [5]
Default_Handler              0x132b    0x2  Code  Lc  startup_mspm0g351x_iar.o [5]
Enable_GPIOA_INT             0x2015    0xa  Code  Gb  tsp_gpio.o [3]
FACTORYVALUE            0x2020'00c0    0x4  Data  Gb  dl_factoryregion.o [7]
GROUP0_IRQHandler            0x132b    0x2  Code  Wk  startup_mspm0g351x_iar.o [5]
GROUP1_IRQHandler            0x2f4b   0x74  Code  Gb  tsp_isr.o [1]
HardFault_Handler            0x132b    0x2  Code  Wk  startup_mspm0g351x_iar.o [5]
I2C0_IRQHandler              0x132b    0x2  Code  Wk  startup_mspm0g351x_iar.o [5]
I2C1_IRQHandler              0x132b    0x2  Code  Wk  startup_mspm0g351x_iar.o [5]
I2C2_IRQHandler              0x132b    0x2  Code  Wk  startup_mspm0g351x_iar.o [5]
LFSS_IRQHandler              0x132b    0x2  Code  Wk  startup_mspm0g351x_iar.o [5]
MPU6050ReadAcc               0x1ee5   0x30  Code  Gb  TSP_MPU6050.o [3]
MPU6050ReadGyro              0x1f15   0x30  Code  Gb  TSP_MPU6050.o [3]
MPU6050ReadID                0x1e41   0x1e  Code  Gb  TSP_MPU6050.o [3]
MPU6050_Init                 0x1e75   0x70  Code  Gb  TSP_MPU6050.o [3]
MPU6050_ReadData             0x1e31    0xe  Code  Gb  TSP_MPU6050.o [3]
MPU6050_ReadReg              0x1e1d   0x14  Code  Gb  TSP_MPU6050.o [3]
MPU6050_WriteReg             0x1e0d   0x10  Code  Gb  TSP_MPU6050.o [3]
MenuCursor16x16              0x2248   0x20  Data  Gb  tsp_menu.o [1]
NMI_Handler                  0x132b    0x2  Code  Wk  startup_mspm0g351x_iar.o [5]
PendSV_Handler               0x132b    0x2  Code  Wk  startup_mspm0g351x_iar.o [5]
RES_value               0x2020'0a26    0x1  Data  Gb  TSP3519.o [4]
Region$$Table$$Base          0x4ff0          --   Gb  - Linker created -
Region$$Table$$Limit         0x5010          --   Gb  - Linker created -
Reset_Handler                0x4fab    0x8  Code  Wk  startup_mspm0g351x_iar.o [5]
SPI0_IRQHandler              0x132b    0x2  Code  Wk  startup_mspm0g351x_iar.o [5]
SPI1_IRQHandler              0x132b    0x2  Code  Wk  startup_mspm0g351x_iar.o [5]
SPI2_IRQHandler              0x132b    0x2  Code  Wk  startup_mspm0g351x_iar.o [5]
SVC_Handler                  0x132b    0x2  Code  Wk  startup_mspm0g351x_iar.o [5]
SYSCFG_DL_CCD_init           0x1281   0x90  Code  Wk  ti_msp_dl_config.o [2]
SYSCFG_DL_GPIO_init           0xd69  0x21c  Code  Wk  ti_msp_dl_config.o [2]
SYSCFG_DL_K230_init          0x1201   0x44  Code  Wk  ti_msp_dl_config.o [2]
SYSCFG_DL_LCD_init           0x1245   0x3c  Code  Wk  ti_msp_dl_config.o [2]
SYSCFG_DL_MPU6050_init       0x11b1   0x50  Code  Wk  ti_msp_dl_config.o [2]
SYSCFG_DL_Motor_init         0x104d   0xcc  Code  Wk  ti_msp_dl_config.o [2]
SYSCFG_DL_QEI_1_init         0x1119   0x4c  Code  Wk  ti_msp_dl_config.o [2]
SYSCFG_DL_QEI_2_init         0x1165   0x4c  Code  Wk  ti_msp_dl_config.o [2]
SYSCFG_DL_SYSCTL_init         0xf85   0x40  Code  Wk  ti_msp_dl_config.o [2]
SYSCFG_DL_SYSTICK_init       0x1311   0x10  Code  Wk  ti_msp_dl_config.o [2]
SYSCFG_DL_Servo_init          0xfc5   0x88  Code  Wk  ti_msp_dl_config.o [2]
SYSCFG_DL_init                0xc55   0x50  Code  Wk  ti_msp_dl_config.o [2]
SYSCFG_DL_initPower           0xca5   0xc4  Code  Wk  ti_msp_dl_config.o [2]
Scroll                  0x2020'0004    0x1  Data  Gb  tsp_menu.o [1]
SysTick_Config                0x82d   0x2e  Code  Lc  ti_msp_dl_config.o [2]
SysTick_Handler              0x2e89   0x66  Code  Gb  tsp_isr.o [1]
TIMA0_IRQHandler             0x132b    0x2  Code  Wk  startup_mspm0g351x_iar.o [5]
TIMA1_IRQHandler             0x132b    0x2  Code  Wk  startup_mspm0g351x_iar.o [5]
TIMG0_IRQHandler             0x132b    0x2  Code  Wk  startup_mspm0g351x_iar.o [5]
TIMG12_IRQHandler            0x132b    0x2  Code  Wk  startup_mspm0g351x_iar.o [5]
TIMG14_IRQHandler            0x132b    0x2  Code  Wk  startup_mspm0g351x_iar.o [5]
TIMG6_IRQHandler             0x132b    0x2  Code  Wk  startup_mspm0g351x_iar.o [5]
TIMG7_IRQHandler             0x132b    0x2  Code  Wk  startup_mspm0g351x_iar.o [5]
TIMG8_IRQHandler             0x132b    0x2  Code  Wk  startup_mspm0g351x_iar.o [5]
TIMG9_IRQHandler             0x132b    0x2  Code  Wk  startup_mspm0g351x_iar.o [5]
TSP_QEI1_GetCount            0x3a2d   0x10  Code  Gb  tsp_qei.o [3]
TSP_QEI2_GetCount            0x3a3d   0x10  Code  Gb  tsp_qei.o [3]
UART0_IRQHandler             0x132b    0x2  Code  Wk  startup_mspm0g351x_iar.o [5]
UART1_IRQHandler             0x132b    0x2  Code  Wk  startup_mspm0g351x_iar.o [5]
UART3_IRQHandler             0x132b    0x2  Code  Wk  startup_mspm0g351x_iar.o [5]
UART4_IRQHandler             0x132b    0x2  Code  Wk  startup_mspm0g351x_iar.o [5]
UART5_IRQHandler             0x132b    0x2  Code  Wk  startup_mspm0g351x_iar.o [5]
UART6_IRQHandler             0x2f01   0x4a  Code  Gb  tsp_isr.o [1]
UART7_IRQHandler             0x132b    0x2  Code  Wk  startup_mspm0g351x_iar.o [5]
_LC                          0x3a5d    0x8  Code  Lc  xprintffull_nomb.o [6]
_LitobFullNoMb               0x483d  0x124  Code  Lc  xprintffull_nomb.o [6]
_Locale_lconv           0x2020'00c4   0x38  Data  Lc  xlocale_c.o [6]
_PrintfFullNoMb              0x3a65  0xdd8  Code  Gb  xprintffull_nomb.o [6]
_PutcharsFullNoMb            0x49ad   0x36  Code  Lc  xprintffull_nomb.o [6]
_SProut                      0x201f    0xa  Code  Gb  xsprout.o [6]
__NVIC_EnableIRQ             0x286d   0x12  Code  Lc  TSP_CCD.o [3]
__NVIC_EnableIRQ             0x1ffd   0x12  Code  Lc  tsp_gpio.o [3]
__NVIC_SetPriority            0x7e9   0x44  Code  Lc  ti_msp_dl_config.o [2]
__aeabi_cdcmple              0x4ae1         Code  Gb  DblCmpLe.o [8]
__aeabi_cdrcmple             0x4b13         Code  Gb  DblCmpGe.o [8]
__aeabi_cfcmple              0x3949         Code  Gb  FltCmpLe.o [8]
__aeabi_cfrcmple             0x3921         Code  Gb  FltCmpGe.o [8]
__aeabi_d2f                  0x38bf         Code  Gb  DblToFlt.o [8]
__aeabi_d2iz                 0x4bb5         Code  Gb  DblToI32.o [8]
__aeabi_d2uiz                0x4bd9         Code  Gb  DblToI32.o [8]
__aeabi_dadd                 0x370b         Code  Gb  DblAddSub.o [8]
__aeabi_ddiv                 0x4c3d         Code  Gb  DblDiv.o [8]
__aeabi_dmul                 0x4cff         Code  Gb  DblMul.o [8]
__aeabi_dsub                 0x37d1         Code  Gb  DblAddSub.o [8]
__aeabi_f2d                  0x36d9         Code  Gb  FltToDbl.o [8]
__aeabi_fadd                 0x3497         Code  Gb  FltAddSub.o [8]
__aeabi_fdiv                 0x35b7         Code  Gb  FltDiv.o [8]
__aeabi_fsub                 0x3507         Code  Gb  FltAddSub.o [8]
__aeabi_i2d                  0x4c29         Code  Gb  IxxToDbl.o [8]
__aeabi_i2f                  0x3481         Code  Gb  IxxToFlt.o [8]
__aeabi_idiv                 0x3049         Code  Gb  I32DivModFast.o [9]
__aeabi_idiv0                0x3a59         Code  Gb  IntDivZer.o [9]
__aeabi_idivmod              0x3049         Code  Gb  I32DivModFast.o [9]
__aeabi_ldiv0                0x4f19         Code  Gb  I64DivZer.o [9]
__aeabi_memcpy               0x4a9d         Code  Gb  ABImemcpy.o [9]
__aeabi_memcpy4              0x4a69         Code  Gb  ABImemcpy.o [9]
__aeabi_memcpy8              0x4a69         Code  Gb  ABImemcpy.o [9]
__aeabi_ui2d                 0x4c09         Code  Gb  IxxToDbl.o [8]
__aeabi_ui2f                 0x3461         Code  Gb  IxxToFlt.o [8]
__aeabi_uidiv                0x304f         Code  Gb  I32DivModFast.o [9]
__aeabi_uidivmod             0x304f         Code  Gb  I32DivModFast.o [9]
__aeabi_uldivmod             0x4e91         Code  Gb  I64DivMod.o [9]
__cmain                      0x4f4d         Code  Gb  cmain.o [9]
__exit                       0x4f1d   0x14  Code  Gb  exit.o [10]
__iar_Fail_s                 0x49f9   0x22  Code  Gb  xfail_s.o [6]
__iar_Memchr                 0x4a51         Code  Gb  memchr.o [9]
__iar_Memcpy                 0x4aa9         Code  Gb  ABImemcpy.o [9]
__iar_Strchr                 0x49e5         Code  Gb  strchr.o [9]
__iar_d2uiz                  0x4bdd         Code  Gb  DblToI32.o [8]
__iar_data_init3             0x4f71   0x28  Code  Gb  data_init.o [9]
__iar_frexp                  0x4ac3         Code  Gb  frexp.o [8]
__iar_frexp64                0x4ab7         Code  Gb  frexp.o [8]
__iar_frexpl                 0x4ac3         Code  Gb  frexp.o [8]
__iar_ldexp64                0x4b45         Code  Gb  ldexp.o [8]
__iar_packbits_init_single3
                             0x365b   0x3e  Code  Gb  packbits_init_single.o [9]
__iar_program_start          0x4f31         Code  Gb  cstartup_M.o [9]
__iar_scalbln64              0x4b45         Code  Gb  ldexp.o [8]
__iar_scalbn64               0x4b45         Code  Gb  ldexp.o [8]
__iar_zero_init3             0x4fb3   0x3c  Code  Gb  zero_init3.o [9]
__low_level_init             0x4f6b    0x4  Code  Gb  low_level_init.o [6]
__vector_table                  0x0   0xc0  Data  Gb  startup_mspm0g351x_iar.o [5]
_call_main                   0x4f59         Code  Gb  cmain.o [9]
_exit                        0x4fa1         Code  Gb  cexit.o [9]
abort                        0x4f0d    0xa  Code  Gb  abort.o [6]
acc_bias                0x2020'00b4    0xc  Data  Lc  TSP_MPU6050.o [3]
acc_bias_update              0x1fa9   0x46  Code  Gb  TSP_MPU6050.o [3]
ccd_data_binary         0x2020'01fc  0x100  Data  Gb  tsp_ccd_image.o [1]
ccd_data_gray           0x2020'00fc  0x100  Data  Gb  tsp_ccd_image.o [1]
ccd_data_old            0x2020'0824  0x100  Data  Gb  TSP_CCD.o [3]
ccd_data_raw            0x2020'0724  0x100  Data  Gb  TSP_CCD.o [3]
ccd_data_show           0x2020'02fc  0x100  Data  Gb  tsp_ccd_image.o [1]
ccd_data_temp           0x2020'03fc  0x100  Data  Gb  tsp_ccd_image.o [1]
ccd_index               0x2020'0720    0x1  Data  Gb  TSP_CCD.o [3]
change                  0x2020'0005    0x1  Data  Gb  tsp_menu.o [1]
count_20ms              0x2020'0a1e    0x2  Data  Gb  TSP3519.o [4]
delay                   0x2020'09f8    0x4  Data  Lc  tsp_isr.o [1]
delay_1ms                    0x2e7d    0xc  Code  Gb  tsp_isr.o [1]
encoder_pulse_qei1      0x2020'0a16    0x2  Data  Gb  TSP3519.o [4]
encoder_pulse_qei2      0x2020'0a18    0x2  Data  Gb  TSP3519.o [4]
encoder_speed_qei1      0x2020'0a1a    0x2  Data  Gb  TSP3519.o [4]
encoder_speed_qei2      0x2020'0a1c    0x2  Data  Gb  TSP3519.o [4]
exit                         0x4f99    0x8  Code  Gb  exit.o [6]
flag_20_ms              0x2020'0a25    0x1  Data  Gb  TSP3519.o [4]
frexp                        0x4ab7         Code  Gb  frexp.o [8]
frexpl                       0x4ab7         Code  Gb  frexp.o [8]
gCCDClockConfig               0x128    0x8  Data  Lc  ti_msp_dl_config.o [2]
gK230ClockConfig              0x10a    0x2  Data  Lc  ti_msp_dl_config.o [2]
gK230Config                   0x10c    0xc  Data  Lc  ti_msp_dl_config.o [2]
gLCDBackup              0x2020'06f8   0x28  Data  Gb  ti_msp_dl_config.o [2]
gLCD_clockConfig              0x124    0x2  Data  Lc  ti_msp_dl_config.o [2]
gLCD_config                   0x118    0xc  Data  Lc  ti_msp_dl_config.o [2]
gMPU6050ClockConfig           0x108    0x2  Data  Lc  ti_msp_dl_config.o [2]
gMotorBackup            0x2020'04fc   0xbc  Data  Gb  ti_msp_dl_config.o [2]
gMotorClockConfig              0xf4    0x4  Data  Lc  ti_msp_dl_config.o [2]
gMotorConfig                   0xf8    0x8  Data  Lc  ti_msp_dl_config.o [2]
gQEI_1ClockConfig             0x100    0x4  Data  Lc  ti_msp_dl_config.o [2]
gQEI_2Backup            0x2020'0658   0xa0  Data  Gb  ti_msp_dl_config.o [2]
gQEI_2ClockConfig             0x104    0x4  Data  Lc  ti_msp_dl_config.o [2]
gSYSPLLConfig                  0xc0   0x28  Data  Lc  ti_msp_dl_config.o [2]
gServoBackup            0x2020'05b8   0xa0  Data  Gb  ti_msp_dl_config.o [2]
gServoClockConfig              0xe8    0x4  Data  Lc  ti_msp_dl_config.o [2]
gServoConfig                   0xec    0x8  Data  Lc  ti_msp_dl_config.o [2]
gyro_bias               0x2020'00a8    0xc  Data  Lc  TSP_MPU6050.o [3]
gyro_bias_update             0x1f45   0x64  Code  Gb  TSP_MPU6050.o [3]
kd_motor                0x2020'0a00    0x4  Data  Gb  TSP3519.o [4]
kd_servo                0x2020'0a0c    0x4  Data  Gb  TSP3519.o [4]
ki_motor                0x2020'09fc    0x4  Data  Gb  TSP3519.o [4]
ki_servo                0x2020'0a08    0x4  Data  Gb  TSP3519.o [4]
kp_motor                0x2020'0000    0x4  Data  Gb  TSP3519.o [4]
kp_servo                0x2020'0a04    0x4  Data  Gb  TSP3519.o [4]
ldexp                        0x4b45         Code  Gb  ldexp.o [8]
ldexpl                       0x4b45         Code  Gb  ldexp.o [8]
localeconv                   0x4e85    0x4  Code  Gb  xlocale_c.o [6]
main                         0x1899   0x3e  Code  Gb  TSP3519.o [4]
memchr                       0x4a51         Code  Gb  memchr.o [9]
menu_id                 0x2020'0a22    0x1  Data  Gb  TSP3519.o [4]
menu_item0              0x2020'0008   0xa0  Data  Gb  tsp_menu.o [1]
mspm0_get_clock_ms           0x2eef   0x12  Code  Gb  tsp_isr.o [1]
mspm0_i2c_disable            0x31f1   0x3a  Code  Gb  tsp_i2c.o [3]
mspm0_i2c_enable             0x322b   0x4c  Code  Gb  tsp_i2c.o [3]
mspm0_i2c_read               0x3349   0xce  Code  Gb  tsp_i2c.o [3]
mspm0_i2c_sda_unlock         0x3277   0x46  Code  Gb  tsp_i2c.o [3]
mspm0_i2c_write              0x32bd   0x84  Code  Gb  tsp_i2c.o [3]
para_set                     0x2269  0x5bc  Code  Gb  tsp_menu.o [1]
qei1_direction          0x2020'09e8    0x1  Data  Lc  tsp_qei.o [3]
qei1_last_count         0x2020'09ec    0x4  Data  Lc  tsp_qei.o [3]
qei2_direction          0x2020'09e9    0x1  Data  Lc  tsp_qei.o [3]
qei2_last_count         0x2020'09f0    0x4  Data  Lc  tsp_qei.o [3]
rx_buffer               0x2020'0924   0x80  Data  Gb  TSP3519.o [4]
rx_flag                 0x2020'0a23    0x1  Data  Gb  TSP3519.o [4]
rx_idx                  0x2020'0a14    0x2  Data  Gb  TSP3519.o [4]
scalbln                      0x4b45         Code  Gb  ldexp.o [8]
scalblnl                     0x4b45         Code  Gb  ldexp.o [8]
scalbn                       0x4b45         Code  Gb  ldexp.o [8]
scalbnl                      0x4b45         Code  Gb  ldexp.o [8]
scale                        0x4961   0x44  Code  Lc  xprintffull_nomb.o [6]
sec_hand                0x2020'0a10    0x4  Data  Lc  xfail_s.o [6]
show_menu_cursor             0x21bd   0x8c  Code  Gb  tsp_menu.o [1]
speed                   0x2020'0a24    0x1  Data  Gb  TSP3519.o [4]
sprintf                      0x3699   0x40  Code  Gb  sprintf.o [6]
strchr                       0x49e5         Code  Gb  strchr.o [9]
strlen                       0x4a41         Code  Gb  strlen.o [9]
sys_tick_counter        0x2020'09f4    0x4  Data  Gb  tsp_isr.o [1]
tft_ascii                     0x18c  0x5f0  Data  Gb  TSP_TFT18.o [3]
tsp_ccd_binary               0x2c61   0x24  Code  Gb  tsp_ccd_image.o [1]
tsp_ccd_data2Gray            0x2c41   0x20  Code  Gb  tsp_ccd_image.o [1]
tsp_ccd_delay_1us            0x2899   0x22  Code  Gb  TSP_CCD.o [3]
tsp_ccd_detect_scene         0x2d1d   0x62  Code  Gb  tsp_ccd_image.o [1]
tsp_ccd_flush                0x28fd   0xd0  Code  Gb  TSP_CCD.o [3]
tsp_ccd_image_dilate         0x2ce7   0x36  Code  Gb  tsp_ccd_image.o [1]
tsp_ccd_image_erode          0x2ca1   0x46  Code  Gb  tsp_ccd_image.o [1]
tsp_ccd_init                 0x28bb    0xa  Code  Gb  TSP_CCD.o [3]
tsp_ccd_pulse_CLK            0x28c5   0x38  Code  Lc  TSP_CCD.o [3]
tsp_ccd_show                 0x2aed   0x46  Code  Gb  TSP_CCD.o [3]
tsp_ccd_snapshot             0x29cd  0x120  Code  Gb  TSP_CCD.o [3]
tsp_ccd_threshold_mean       0x2c85   0x1c  Code  Gb  tsp_ccd_image.o [1]
tsp_demo_frame_ccd           0x2b33   0x22  Code  Gb  TSP_CCD.o [3]
tsp_img_test                 0x2d89   0x96  Code  Gb  tsp_ccd_image.o [1]
tsp_menu_loop                0x208d  0x116  Code  Gb  tsp_menu.o [1]
tsp_show1_ccd_gray           0x2bf3   0x4e  Code  Gb  tsp_ccd_image.o [1]
tsp_show_arrow               0x2035   0x58  Code  Gb  tsp_menu.o [1]
tsp_spi_write_byte           0x19f5   0x14  Code  Lc  TSP_TFT18.o [3]
tsp_tft18_clear              0x1a8b   0x36  Code  Gb  TSP_TFT18.o [3]
tsp_tft18_draw_block         0x1d99   0x72  Code  Gb  TSP_TFT18.o [3]
tsp_tft18_draw_frame         0x1d37   0x62  Code  Gb  TSP_TFT18.o [3]
tsp_tft18_draw_line_h        0x1cb1   0x44  Code  Gb  TSP_TFT18.o [3]
tsp_tft18_draw_line_v        0x1cf5   0x42  Code  Gb  TSP_TFT18.o [3]
tsp_tft18_draw_pixel         0x1acd   0x14  Code  Gb  TSP_TFT18.o [3]
tsp_tft18_init               0x18ef  0x106  Code  Gb  TSP_TFT18.o [3]
tsp_tft18_set_region         0x1a55   0x36  Code  Gb  TSP_TFT18.o [3]
tsp_tft18_set_xy             0x1ac1    0xc  Code  Gb  TSP_TFT18.o [3]
tsp_tft18_show_char          0x1ae1   0x5a  Code  Gb  TSP_TFT18.o [3]
tsp_tft18_show_char_color
                             0x1b3b   0x72  Code  Gb  TSP_TFT18.o [3]
tsp_tft18_show_str           0x1bc9   0x28  Code  Gb  TSP_TFT18.o [3]
tsp_tft18_show_str_color
                             0x1bf1   0x40  Code  Gb  TSP_TFT18.o [3]
tsp_tft18_show_uint16        0x1c31   0x7a  Code  Gb  TSP_TFT18.o [3]
tsp_tft18_write_2byte        0x1a35   0x20  Code  Gb  TSP_TFT18.o [3]
tsp_tft18_write_byte         0x1a1f   0x16  Code  Gb  TSP_TFT18.o [3]
tsp_tft18_write_cmd          0x1a09   0x16  Code  Gb  TSP_TFT18.o [3]


[1] = D:\Study_resources\电赛\TSP\TSP3519\iar\Debug\Obj\NUEDU2025_11847588325976546582.dir
[2] = D:\Study_resources\电赛\TSP\TSP3519\iar\Debug\Obj\SysConfig Generated Files_5435349133262493662.dir
[3] = D:\Study_resources\电赛\TSP\TSP3519\iar\Debug\Obj\TSP3519_9401757970942732151.dir
[4] = D:\Study_resources\电赛\TSP\TSP3519\iar\Debug\Obj\empty_mspm0g3519_13168490636323535303.dir
[5] = D:\Study_resources\电赛\TSP\TSP3519\iar\Debug\Obj\iar_102420246905159791.dir
[6] = dl6M_tlf.a
[7] = driverlib.a
[8] = m6M_tl.a
[9] = rt6M_tl.a
[10] = shb_l.a

  18'437 bytes of readonly  code memory
   2'177 bytes of readonly  data memory
   3'111 bytes of readwrite data memory

Errors: none
Warnings: none
