###############################################################################
#
# IAR ELF Linker V9.60.3.422/W64 for ARM                  26/Jul/2025  17:02:18
# Copyright 2007-2024 IAR Systems AB.
#
#    Output file  =
#        D:\Study_resources\电赛\TSP\TSP3519\iar\Debug\Exe\empty_mspm0g3519_nortos_iar.out
#    Map file     =
#        D:\Study_resources\电赛\TSP\TSP3519\iar\Debug\List\empty_mspm0g3519_nortos_iar.map
#    Command line =
#        -f
#        D:\Study_resources\电赛\TSP\TSP3519\iar\Debug\Exe\empty_mspm0g3519_nortos_iar.out.rsp
#        (D:\Study_resources\电赛\TSP\TSP3519\iar\Debug\Obj\NUEDU2025_11847588325976546582.dir\Kalman.o
#        D:\Study_resources\电赛\TSP\TSP3519\iar\Debug\Obj\iar_102420246905159791.dir\startup_mspm0g351x_iar.o
#        "D:\Study_resources\电赛\TSP\TSP3519\iar\Debug\Obj\SysConfig Generated
#        Files_5435349133262493662.dir\ti_msp_dl_config.o"
#        D:\Study_resources\电赛\TSP\TSP3519\iar\Debug\Obj\empty_mspm0g3519_13168490636323535303.dir\TSP3519.o
#        D:\Study_resources\电赛\TSP\TSP3519\iar\Debug\Obj\TSP3519_9401757970942732151.dir\tsp_adc.o
#        D:\Study_resources\电赛\TSP\TSP3519\iar\Debug\Obj\TSP3519_9401757970942732151.dir\TSP_CCD.o
#        D:\Study_resources\电赛\TSP\TSP3519\iar\Debug\Obj\NUEDU2025_11847588325976546582.dir\tsp_ccd_image.o
#        D:\Study_resources\电赛\TSP\TSP3519\iar\Debug\Obj\TSP3519_9401757970942732151.dir\tsp_gpio.o
#        D:\Study_resources\电赛\TSP\TSP3519\iar\Debug\Obj\TSP3519_9401757970942732151.dir\tsp_i2c.o
#        D:\Study_resources\电赛\TSP\TSP3519\iar\Debug\Obj\NUEDU2025_11847588325976546582.dir\tsp_isr.o
#        D:\Study_resources\电赛\TSP\TSP3519\iar\Debug\Obj\NUEDU2025_11847588325976546582.dir\tsp_menu.o
#        D:\Study_resources\电赛\TSP\TSP3519\iar\Debug\Obj\NUEDU2025_11847588325976546582.dir\tsp_motor.o
#        D:\Study_resources\电赛\TSP\TSP3519\iar\Debug\Obj\TSP3519_9401757970942732151.dir\TSP_MPU6050.o
#        D:\Study_resources\电赛\TSP\TSP3519\iar\Debug\Obj\TSP3519_9401757970942732151.dir\tsp_pwm.o
#        D:\Study_resources\电赛\TSP\TSP3519\iar\Debug\Obj\TSP3519_9401757970942732151.dir\tsp_qei.o
#        D:\Study_resources\电赛\TSP\TSP3519\iar\Debug\Obj\NUEDU2025_11847588325976546582.dir\tsp_servo.o
#        D:\Study_resources\电赛\TSP\TSP3519\iar\Debug\Obj\TSP3519_9401757970942732151.dir\TSP_TFT18.o
#        D:\Study_resources\电赛\TSP\TSP3519\iar\Debug\Obj\TSP3519_9401757970942732151.dir\tsp_uart.o
#        --redirect _Printf=_PrintfFullNoMb --redirect _Scanf=_ScanfFullNoMb
#        --no_out_extension -o
#        D:\Study_resources\电赛\TSP\TSP3519\iar\Debug\Exe\empty_mspm0g3519_nortos_iar.out
#        --map
#        D:\Study_resources\电赛\TSP\TSP3519\iar\Debug\List\empty_mspm0g3519_nortos_iar.map
#        --config D:\Study_resources\电赛\TSP\TSP3519\iar/mspm0g3519.icf
#        D:\ti\mspm0_sdk_2_05_01_00/source/ti/driverlib/lib/iar/m0p/mspm0gx51x/driverlib.a
#        --silent --semihosting --entry __iar_program_start --vfe --text_out
#        locale --cpu=Cortex-M0+ --fpu=None) --dependencies=n
#        D:\Study_resources\电赛\TSP\TSP3519\iar\Debug\Exe\empty_mspm0g3519_nortos_iar.out.iar_deps
#
###############################################################################

*******************************************************************************
*** RUNTIME MODEL ATTRIBUTES
***

CppFlavor       = *
__CPP_Runtime   = 1
__SystemLibrary = DLib
__dlib_version  = 6


*******************************************************************************
*** HEAP SELECTION
***

The basic heap was selected because no calls to memory allocation
functions were found in the application outside of system library
functions, there are calls to deallocation functions in the
application, and the application appears to be primarily
optimized for speed.


*******************************************************************************
*** PLACEMENT SUMMARY
***

"A0":  place at address 0x0 { ro section .intvec };
define block ALIGNED_ROM with end alignment = 8 { ro };
"P1":  place in [from 0x0 to 0x7'ffff] { block ALIGNED_ROM };
define block CSTACK with size = 512, alignment = 8 { };
define block PROC_STACK with size = 0, alignment = 8 { };
define block TRIM_TABLE with alignment = 8 { rw code section .TrimTable };
define block HEAP with size = 1K, alignment = 8 { };
"P2":  place in [from 0x2020'0000 to 0x2020'ffff] {
          rw, block CSTACK, block PROC_STACK, block TRIM_TABLE, block HEAP };
initialize by copy { rw };

No sections matched the following patterns:

  rw code section .TrimTable  in block TRIM_TABLE
  section BCRCONFIG           in "P3"
  section BSLCONFIG           in "P4"
  section DataBank            in "P5"


  Section              Kind         Address  Alignment    Size  Object
  -------              ----         -------  ---------    ----  ------
"A0":                                                     0xc0
  .intvec              const            0x0          4    0xc0  startup_mspm0g351x_iar.o [5]
                                     - 0xc0               0xc0

"P1", part 1 of 2:                                      0x2f10
  ALIGNED_ROM                          0xc0             0x2f10  <Block>
    .rodata            const           0xc0          4    0x28  ti_msp_dl_config.o [2]
    .rodata            const           0xe8          4    0x48  ti_msp_dl_config.o [2]
    .rodata            const          0x130          4   0x5f0  TSP_TFT18.o [3]
    .text              ro code        0x720          4   0x46c  ti_msp_dl_config.o [2]
    .text              ro code        0xb8c          4    0x50  ti_msp_dl_config.o [2]
    .text              ro code        0xbdc          4    0xc4  ti_msp_dl_config.o [2]
    .text              ro code        0xca0          4   0x21c  ti_msp_dl_config.o [2]
    .text              ro code        0xebc          4    0x40  ti_msp_dl_config.o [2]
    .text              ro code        0xefc          4    0x88  ti_msp_dl_config.o [2]
    .text              ro code        0xf84          4    0xcc  ti_msp_dl_config.o [2]
    .text              ro code       0x1050          4    0x4c  ti_msp_dl_config.o [2]
    .text              ro code       0x109c          4    0x4c  ti_msp_dl_config.o [2]
    .text              ro code       0x10e8          4    0x50  ti_msp_dl_config.o [2]
    .text              ro code       0x1138          4    0x44  ti_msp_dl_config.o [2]
    .text              ro code       0x117c          4    0x3c  ti_msp_dl_config.o [2]
    .text              ro code       0x11b8          4    0x90  ti_msp_dl_config.o [2]
    .text              ro code       0x1248          4    0x10  ti_msp_dl_config.o [2]
    .text              ro code       0x1258          4     0xa  dl_common.o [7]
    .text              ro code       0x1262          2     0x2  startup_mspm0g351x_iar.o [5]
    .text              ro code       0x1264          4   0x184  dl_sysctl_mspm0gx51x.o [7]
    .text              ro code       0x13e8          4   0x17c  dl_timer.o [7]
    .text              ro code       0x1564          4    0xc8  dl_i2c.o [7]
    .text              ro code       0x162c          4    0x60  dl_uart.o [7]
    .text              ro code       0x168c          4    0x84  dl_spi.o [7]
    .text              ro code       0x1710          4    0x4c  dl_adc12.o [7]
    .text              ro code       0x175c          4    0x58  dl_factoryregion.o [7]
    .text              ro code       0x17b4          4    0x88  TSP3519.o [4]
    .text              ro code       0x183c          4    0x22  tsp_gpio.o [3]
    .text              ro code       0x185e          2    0x3e  packbits_init_single.o [9]
    .text              ro code       0x189c          4   0x52c  TSP_TFT18.o [3]
    .text              ro code       0x1dc8          4   0x1c4  tsp_isr.o [1]
    .text              ro code       0x1f8c          4   0x168  TSP_MPU6050.o [3]
    .text              ro code       0x20f4          4   0x140  tsp_ccd_image.o [1]
    .text              ro code       0x2234          4   0x1d4  tsp_menu.o [1]
    .text              ro code       0x2408          4   0x374  TSP_CCD.o [3]
    .text              ro code       0x277c          2    0xe0  I32DivModFast.o [9]
    .text              ro code       0x285c          4    0x34  tsp_qei.o [3]
    .text              ro code       0x2890          4   0x364  tsp_i2c.o [3]
    .text              ro code       0x2bf4          4    0x36  IxxToFlt.o [8]
    .text              ro code       0x2c2a          2   0x120  FltAddSub.o [8]
    .text              ro code       0x2d4a          2    0xa4  FltDiv.o [8]
    .text              ro code       0x2df0          4    0xb4  tsp_adc.o [3]
    .text              ro code       0x2ea4          4     0x2  IntDivZer.o [9]
    .text              ro code       0x2ea8          4    0x1c  cstartup_M.o [9]
    .text              ro code       0x2ec4          4    0x1e  cmain.o [9]
    .text              ro code       0x2ee2          2     0x4  low_level_init.o [6]
    .text              ro code       0x2ee8          4    0x28  data_init.o [9]
    .text              ro code       0x2f10          2     0x8  exit.o [6]
    .text              ro code       0x2f18          4     0xa  cexit.o [9]
    .text              ro code       0x2f24          4    0x14  exit.o [10]
    .text              ro code       0x2f38          2     0x8  startup_mspm0g351x_iar.o [5]
    .text              ro code       0x2f40          2    0x3c  zero_init3.o [9]
    .iar.init_table    const         0x2f7c          4    0x20  - Linker created -
    .rodata            const         0x2f9c                0x0  zero_init3.o [9]
    .rodata            const         0x2f9c                0x0  packbits_init_single.o [9]
    Initializer bytes  const         0x2f9c               0x30  <for P2-1>
                                   - 0x2fcc             0x2f0c

"P1", part 2 of 2:                                         0x0

"P2", part 1 of 3:                                        0xc4
  P2-1                          0x2020'0000               0xc4  <Init block>
    .data              inited   0x2020'0000          4    0xa4  tsp_menu.o [1]
    .data              inited   0x2020'00a4          4    0x1c  TSP_MPU6050.o [3]
    .data              inited   0x2020'00c0          4     0x4  dl_factoryregion.o [7]
                              - 0x2020'00c4               0xc4

"P2", part 2 of 3:                                       0x714
  .bss                 zero     0x2020'00c4          4   0x224  ti_msp_dl_config.o [2]
  .bss                 zero     0x2020'02e8          4   0x200  tsp_ccd_image.o [1]
  .bss                 zero     0x2020'04e8          4   0x104  TSP_CCD.o [3]
  .bss                 zero     0x2020'05ec          4   0x100  TSP_CCD.o [3]
  .bss                 zero     0x2020'06ec          4    0x80  TSP3519.o [4]
  .TrimTable           zero     0x2020'076c          4    0x44  dl_factoryregion.o [7]
  .bss                 zero     0x2020'07b0          4     0xc  tsp_qei.o [3]
  .bss                 zero     0x2020'07bc          4     0x8  tsp_isr.o [1]
  .bss                 zero     0x2020'07c4          4     0x4  TSP3519.o [4]
  .bss                 zero     0x2020'07c8          2     0x2  TSP3519.o [4]
  .bss                 zero     0x2020'07ca          2     0x2  TSP3519.o [4]
  .bss                 zero     0x2020'07cc          2     0x2  TSP3519.o [4]
  .bss                 zero     0x2020'07ce          2     0x2  TSP3519.o [4]
  .bss                 zero     0x2020'07d0          2     0x2  TSP3519.o [4]
  .bss                 zero     0x2020'07d2                0x1  TSP3519.o [4]
  .bss                 zero     0x2020'07d3                0x1  TSP3519.o [4]
  .bss                 zero     0x2020'07d4                0x1  TSP3519.o [4]
  .bss                 zero     0x2020'07d5                0x1  tsp_adc.o [3]
                              - 0x2020'07d6              0x712

"P2", part 3 of 3:                                       0x200
  CSTACK                        0x2020'07d8          8   0x200  <Block>
    CSTACK             uninit   0x2020'07d8              0x200  <Block tail>
                              - 0x2020'09d8              0x200

Unused ranges:

         From           To      Size
         ----           --      ----
       0x2fd0     0x7'ffff  0x7'd030
  0x2020'09d8  0x2020'ffff    0xf628


*******************************************************************************
*** INIT TABLE
***

          Address      Size
          -------      ----
Zero (__iar_zero_init3)
    1 destination range, total size 0x712:
          0x2020'00c4  0x712

Copy/packbits (__iar_packbits_init_single3)
    1 source range, total size 0x30 (24% of destination):
               0x2f9c   0x30
    1 destination range, total size 0xc4:
          0x2020'0000   0xc4



*******************************************************************************
*** MODULE SUMMARY
***

    Module                    ro code  ro data  rw data
    ------                    -------  -------  -------
command line/config:
    ---------------------------------------------------
    Total:

D:\Study_resources\电赛\TSP\TSP3519\iar\Debug\Obj\NUEDU2025_11847588325976546582.dir: [1]
    tsp_ccd_image.o               320               512
    tsp_isr.o                     452                 8
    tsp_menu.o                    468       40      164
    ---------------------------------------------------
    Total:                      1'240       40      684

D:\Study_resources\电赛\TSP\TSP3519\iar\Debug\Obj\SysConfig Generated Files_5435349133262493662.dir: [2]
    ti_msp_dl_config.o          2'872      112      548
    ---------------------------------------------------
    Total:                      2'872      112      548

D:\Study_resources\电赛\TSP\TSP3519\iar\Debug\Obj\TSP3519_9401757970942732151.dir: [3]
    TSP_CCD.o                     884               516
    TSP_MPU6050.o                 360        7       28
    TSP_TFT18.o                 1'324    1'520
    tsp_adc.o                     180                 1
    tsp_gpio.o                     34
    tsp_i2c.o                     868
    tsp_qei.o                      52                12
    ---------------------------------------------------
    Total:                      3'702    1'527      557

D:\Study_resources\电赛\TSP\TSP3519\iar\Debug\Obj\empty_mspm0g3519_13168490636323535303.dir: [4]
    TSP3519.o                     136               145
    ---------------------------------------------------
    Total:                        136               145

D:\Study_resources\电赛\TSP\TSP3519\iar\Debug\Obj\iar_102420246905159791.dir: [5]
    startup_mspm0g351x_iar.o       10      192
    ---------------------------------------------------
    Total:                         10      192

dl6M_tlf.a: [6]
    exit.o                          8
    low_level_init.o                4
    ---------------------------------------------------
    Total:                         12

driverlib.a: [7]
    dl_adc12.o                     76
    dl_common.o                    10
    dl_factoryregion.o             88        1       72
    dl_i2c.o                      200
    dl_spi.o                      132
    dl_sysctl_mspm0gx51x.o        388
    dl_timer.o                    380
    dl_uart.o                      96
    ---------------------------------------------------
    Total:                      1'370        1       72

m6M_tl.a: [8]
    FltAddSub.o                   288
    FltDiv.o                      164
    IxxToFlt.o                     54
    ---------------------------------------------------
    Total:                        506

rt6M_tl.a: [9]
    I32DivModFast.o               224
    IntDivZer.o                     2
    cexit.o                        10
    cmain.o                        30
    cstartup_M.o                   28
    data_init.o                    40
    packbits_init_single.o         62
    zero_init3.o                   60
    ---------------------------------------------------
    Total:                        456

shb_l.a: [10]
    exit.o                         20
    ---------------------------------------------------
    Total:                         20

    Gaps                            8
    Linker created                          32      512
-------------------------------------------------------
    Grand Total:               10'332    1'904    2'518


*******************************************************************************
*** ENTRY LIST
***

Entry                       Address   Size  Type      Object
-----                       -------   ----  ----      ------
.iar.init_table$$Base        0x2f7c          --   Gb  - Linker created -
.iar.init_table$$Limit       0x2f9c          --   Gb  - Linker created -
?main                        0x2ec5         Code  Gb  cmain.o [9]
ADC0_IRQHandler              0x1263    0x2  Code  Wk  startup_mspm0g351x_iar.o [5]
ADC1_IRQHandler              0x2e5b   0x34  Code  Gb  tsp_adc.o [3]
ADC_flag                0x2020'07d5    0x1  Data  Gb  tsp_adc.o [3]
AESADV_IRQHandler            0x1263    0x2  Code  Wk  startup_mspm0g351x_iar.o [5]
ALIGNED_ROM$$Base              0xc0          --   Gb  - Linker created -
ALIGNED_ROM$$Limit           0x2fd0          --   Gb  - Linker created -
CANFD0_IRQHandler            0x1263    0x2  Code  Wk  startup_mspm0g351x_iar.o [5]
CANFD1_IRQHandler            0x1263    0x2  Code  Wk  startup_mspm0g351x_iar.o [5]
CCD1_Get_AO                  0x2e33   0x28  Code  Gb  tsp_adc.o [3]
CCD_test                     0x26f1   0x6a  Code  Gb  TSP_CCD.o [3]
CSTACK$$Base            0x2020'07d8          --   Gb  - Linker created -
CSTACK$$Limit           0x2020'09d8          --   Gb  - Linker created -
DAC0_IRQHandler              0x1263    0x2  Code  Wk  startup_mspm0g351x_iar.o [5]
DL_ADC12_clearInterruptStatus
                              0x841    0xc  Code  Lc  ti_msp_dl_config.o [2]
DL_ADC12_clearInterruptStatus
                             0x2e27    0xc  Code  Lc  tsp_adc.o [3]
DL_ADC12_configConversionMem
                              0x80d   0x28  Code  Lc  ti_msp_dl_config.o [2]
DL_ADC12_enableConversions
                              0x7f7   0x10  Code  Lc  ti_msp_dl_config.o [2]
DL_ADC12_enableConversions
                             0x2e01   0x10  Code  Lc  tsp_adc.o [3]
DL_ADC12_enableInterrupt
                              0x835    0xc  Code  Lc  ti_msp_dl_config.o [2]
DL_ADC12_enablePower          0x79f    0xa  Code  Lc  ti_msp_dl_config.o [2]
DL_ADC12_getMemResult        0x2e11    0xc  Code  Lc  tsp_adc.o [3]
DL_ADC12_getPendingInterrupt
                             0x2e1d    0xa  Code  Lc  tsp_adc.o [3]
DL_ADC12_initSeqSample        0x7b1   0x34  Code  Lc  ti_msp_dl_config.o [2]
DL_ADC12_reset                0x7a9    0x8  Code  Lc  ti_msp_dl_config.o [2]
DL_ADC12_setClockConfig
                             0x1711   0x3c  Code  Gb  dl_adc12.o [7]
DL_ADC12_setPowerDownMode
                              0x7e5   0x12  Code  Lc  ti_msp_dl_config.o [2]
DL_ADC12_setSampleTime0
                              0x807    0x6  Code  Lc  ti_msp_dl_config.o [2]
DL_ADC12_startConversion
                             0x2df1   0x10  Code  Lc  tsp_adc.o [3]
DL_Common_delayCycles        0x1259    0xa  Code  Gb  dl_common.o [7]
DL_Common_updateReg           0x793    0xc  Code  Lc  ti_msp_dl_config.o [2]
DL_Common_updateReg          0x2891    0xc  Code  Lc  tsp_i2c.o [3]
DL_Common_updateReg          0x1dc9    0xc  Code  Lc  tsp_isr.o [1]
DL_FACTORYREGION_TrimTable
                        0x2020'076c   0x44  Data  Gb  dl_factoryregion.o [7]
DL_FactoryRegion_initTrimTable
                             0x175d   0x58  Code  Gb  dl_factoryregion.o [7]
DL_GPIO_clearInterruptStatus
                              0x943    0xc  Code  Lc  ti_msp_dl_config.o [2]
DL_GPIO_clearInterruptStatus
                             0x1deb    0xc  Code  Lc  tsp_isr.o [1]
DL_GPIO_clearPins             0x90b    0x8  Code  Lc  ti_msp_dl_config.o [2]
DL_GPIO_clearPins            0x242d    0x8  Code  Lc  TSP_CCD.o [3]
DL_GPIO_clearPins            0x28f3    0x8  Code  Lc  tsp_i2c.o [3]
DL_GPIO_clearPins            0x18a3    0x8  Code  Lc  TSP_TFT18.o [3]
DL_GPIO_enableHiZ             0x925   0x12  Code  Lc  ti_msp_dl_config.o [2]
DL_GPIO_enableHiZ            0x2901   0x12  Code  Lc  tsp_i2c.o [3]
DL_GPIO_enableInterrupt
                              0x937    0xc  Code  Lc  ti_msp_dl_config.o [2]
DL_GPIO_enableOutput          0x913    0x6  Code  Lc  ti_msp_dl_config.o [2]
DL_GPIO_enableOutput         0x28fb    0x6  Code  Lc  tsp_i2c.o [3]
DL_GPIO_enablePower           0x88d    0xa  Code  Lc  ti_msp_dl_config.o [2]
DL_GPIO_getEnabledInterruptStatus
                             0x1de1    0xa  Code  Lc  tsp_isr.o [1]
DL_GPIO_initDigitalInputFeatures
                              0x8ab   0x1a  Code  Lc  ti_msp_dl_config.o [2]
DL_GPIO_initDigitalInputFeatures
                             0x28a9   0x1a  Code  Lc  tsp_i2c.o [3]
DL_GPIO_initDigitalOutput
                              0x89f    0xc  Code  Lc  ti_msp_dl_config.o [2]
DL_GPIO_initDigitalOutput
                             0x289d    0xc  Code  Lc  tsp_i2c.o [3]
DL_GPIO_initPeripheralAnalogFunction
                              0x8ff    0xc  Code  Lc  ti_msp_dl_config.o [2]
DL_GPIO_initPeripheralInputFunction
                              0x8d3    0xe  Code  Lc  ti_msp_dl_config.o [2]
DL_GPIO_initPeripheralInputFunctionFeatures
                              0x8e1   0x1e  Code  Lc  ti_msp_dl_config.o [2]
DL_GPIO_initPeripheralInputFunctionFeatures
                             0x28c3   0x1e  Code  Lc  tsp_i2c.o [3]
DL_GPIO_initPeripheralOutputFunction
                              0x8c5    0xe  Code  Lc  ti_msp_dl_config.o [2]
DL_GPIO_readPins             0x17b5    0xc  Code  Lc  TSP3519.o [4]
DL_GPIO_readPins             0x241b    0xc  Code  Lc  TSP_CCD.o [3]
DL_GPIO_readPins             0x20f5    0xc  Code  Lc  tsp_ccd_image.o [1]
DL_GPIO_readPins             0x28e1    0xc  Code  Lc  tsp_i2c.o [3]
DL_GPIO_readPins             0x1dd5    0xc  Code  Lc  tsp_isr.o [1]
DL_GPIO_readPins             0x2235    0xc  Code  Lc  tsp_menu.o [1]
DL_GPIO_reset                 0x897    0x8  Code  Lc  ti_msp_dl_config.o [2]
DL_GPIO_setLowerPinsPolarity
                              0x919    0xc  Code  Lc  ti_msp_dl_config.o [2]
DL_GPIO_setPins              0x2427    0x6  Code  Lc  TSP_CCD.o [3]
DL_GPIO_setPins              0x28ed    0x6  Code  Lc  tsp_i2c.o [3]
DL_GPIO_setPins              0x189d    0x6  Code  Lc  TSP_TFT18.o [3]
DL_I2C_clearInterruptStatus
                             0x297f    0x6  Code  Lc  tsp_i2c.o [3]
DL_I2C_enableAnalogGlitchFilter
                              0x97b   0x12  Code  Lc  ti_msp_dl_config.o [2]
DL_I2C_enableController
                              0x993    0xe  Code  Lc  ti_msp_dl_config.o [2]
DL_I2C_enableControllerClockStretching
                              0x9a1    0xe  Code  Lc  ti_msp_dl_config.o [2]
DL_I2C_enablePower            0x957    0xa  Code  Lc  ti_msp_dl_config.o [2]
DL_I2C_enablePower           0x294d    0xa  Code  Lc  tsp_i2c.o [3]
DL_I2C_fillControllerTXFIFO
                             0x158f   0x74  Code  Gb  dl_i2c.o [7]
DL_I2C_flushControllerTXFIFO
                             0x1603   0x26  Code  Gb  dl_i2c.o [7]
DL_I2C_getControllerStatus
                             0x295f    0x6  Code  Lc  tsp_i2c.o [3]
DL_I2C_getRawInterruptStatus
                             0x2975    0xa  Code  Lc  tsp_i2c.o [3]
DL_I2C_isControllerRXFIFOEmpty
                             0x2913   0x10  Code  Lc  tsp_i2c.o [3]
DL_I2C_receiveControllerData
                             0x2965    0x8  Code  Lc  tsp_i2c.o [3]
DL_I2C_reset                  0x961    0x8  Code  Lc  ti_msp_dl_config.o [2]
DL_I2C_reset                 0x2957    0x8  Code  Lc  tsp_i2c.o [3]
DL_I2C_resetControllerTransfer
                              0x94f    0x8  Code  Lc  ti_msp_dl_config.o [2]
DL_I2C_setAnalogGlitchFilterPulseWidth
                              0x969   0x12  Code  Lc  ti_msp_dl_config.o [2]
DL_I2C_setClockConfig        0x1565   0x2a  Code  Gb  dl_i2c.o [7]
DL_I2C_setControllerRXFIFOThreshold
                              0x9bd   0x10  Code  Lc  ti_msp_dl_config.o [2]
DL_I2C_setControllerTXFIFOThreshold
                              0x9af    0xe  Code  Lc  ti_msp_dl_config.o [2]
DL_I2C_setTimerPeriod         0x98d    0x6  Code  Lc  ti_msp_dl_config.o [2]
DL_I2C_startControllerTransfer
                             0x2923   0x2a  Code  Lc  tsp_i2c.o [3]
DL_I2C_transmitControllerData
                             0x296d    0x8  Code  Lc  tsp_i2c.o [3]
DL_SPI_enable                 0x9df    0xe  Code  Lc  ti_msp_dl_config.o [2]
DL_SPI_enablePower            0x9cd    0xa  Code  Lc  ti_msp_dl_config.o [2]
DL_SPI_init                  0x168d   0x44  Code  Gb  dl_spi.o [7]
DL_SPI_receiveDataBlocking8
                             0x16e1   0x10  Code  Gb  dl_spi.o [7]
DL_SPI_reset                  0x9d7    0x8  Code  Lc  ti_msp_dl_config.o [2]
DL_SPI_setBitRateSerialClockDivider
                              0xa05    0xe  Code  Lc  ti_msp_dl_config.o [2]
DL_SPI_setClockConfig        0x16d1   0x10  Code  Gb  dl_spi.o [7]
DL_SPI_setFIFOThreshold
                              0x9ed   0x14  Code  Lc  ti_msp_dl_config.o [2]
DL_SPI_transmitDataBlocking8
                             0x16f1    0xe  Code  Gb  dl_spi.o [7]
DL_SYSCTL_configSYSPLL       0x1265   0xc2  Code  Gb  dl_sysctl_mspm0gx51x.o [7]
DL_SYSCTL_enableMFCLK         0x86f    0xe  Code  Lc  ti_msp_dl_config.o [2]
DL_SYSCTL_setBORThreshold
                              0x84d    0x6  Code  Lc  ti_msp_dl_config.o [2]
DL_SYSCTL_setFlashWaitState
                              0x87d   0x10  Code  Lc  ti_msp_dl_config.o [2]
DL_SYSCTL_setHFCLKSourceHFXTParams
                             0x1355   0x68  Code  Gb  dl_sysctl_mspm0gx51x.o [7]
DL_SYSCTL_setSYSOSCFreq
                              0x853    0xe  Code  Lc  ti_msp_dl_config.o [2]
DL_SYSCTL_setULPCLKDivider
                              0x861    0xe  Code  Lc  ti_msp_dl_config.o [2]
DL_SYSCTL_switchMCLKfromSYSOSCtoHSCLK
                             0x1327   0x24  Code  Gb  dl_sysctl_mspm0gx51x.o [7]
DL_Timer_configQEI            0xa7d   0x1c  Code  Lc  ti_msp_dl_config.o [2]
DL_Timer_enableClock          0xa2d    0x8  Code  Lc  ti_msp_dl_config.o [2]
DL_Timer_enablePower          0xa13    0xa  Code  Lc  ti_msp_dl_config.o [2]
DL_Timer_getTimerCount       0x285d    0x8  Code  Lc  tsp_qei.o [3]
DL_Timer_initFourCCPWMMode
                             0x144d   0xf6  Code  Gb  dl_timer.o [7]
DL_Timer_reset                0xa1d    0x8  Code  Lc  ti_msp_dl_config.o [2]
DL_Timer_setCCPDirection
                              0xa25    0x8  Code  Lc  ti_msp_dl_config.o [2]
DL_Timer_setCaptCompUpdateMethod
                             0x140f   0x1a  Code  Gb  dl_timer.o [7]
DL_Timer_setCaptureCompareOutCtl
                             0x1429   0x14  Code  Gb  dl_timer.o [7]
DL_Timer_setCaptureCompareValue
                             0x1405    0xa  Code  Gb  dl_timer.o [7]
DL_Timer_setClockConfig
                             0x13e9   0x16  Code  Gb  dl_timer.o [7]
DL_Timer_setCounterControl
                              0xa41   0x16  Code  Lc  ti_msp_dl_config.o [2]
DL_Timer_setCounterValueAfterEnable
                             0x1df7   0x10  Code  Lc  tsp_isr.o [1]
DL_Timer_setLoadValue         0xa35    0x6  Code  Lc  ti_msp_dl_config.o [2]
DL_Timer_startCounter         0xa5d    0xe  Code  Lc  ti_msp_dl_config.o [2]
DL_UART_enable                0xabd   0x10  Code  Lc  ti_msp_dl_config.o [2]
DL_UART_enableInterrupt
                              0xb19    0xc  Code  Lc  ti_msp_dl_config.o [2]
DL_UART_enablePower           0xa99    0xa  Code  Lc  ti_msp_dl_config.o [2]
DL_UART_init                 0x162d   0x48  Code  Gb  dl_uart.o [7]
DL_UART_isRXFIFOEmpty        0x1e07    0xe  Code  Lc  tsp_isr.o [1]
DL_UART_receiveData          0x1e15    0x8  Code  Lc  tsp_isr.o [1]
DL_UART_reset                 0xaa3    0x8  Code  Lc  ti_msp_dl_config.o [2]
DL_UART_setBaudRateDivisor
                              0xadf   0x30  Code  Lc  ti_msp_dl_config.o [2]
DL_UART_setClockConfig       0x1675   0x10  Code  Gb  dl_uart.o [7]
DL_UART_setOversampling
                              0xacd   0x12  Code  Lc  ti_msp_dl_config.o [2]
DMA_IRQHandler               0x1263    0x2  Code  Wk  startup_mspm0g351x_iar.o [5]
Default_Handler              0x1263    0x2  Code  Lc  startup_mspm0g351x_iar.o [5]
Enable_GPIOA_INT             0x1855    0xa  Code  Gb  tsp_gpio.o [3]
FACTORYVALUE            0x2020'00c0    0x4  Data  Gb  dl_factoryregion.o [7]
GROUP0_IRQHandler            0x1263    0x2  Code  Wk  startup_mspm0g351x_iar.o [5]
GROUP1_IRQHandler            0x1ee3   0x54  Code  Gb  tsp_isr.o [1]
HardFault_Handler            0x1263    0x2  Code  Wk  startup_mspm0g351x_iar.o [5]
I2C0_IRQHandler              0x1263    0x2  Code  Wk  startup_mspm0g351x_iar.o [5]
I2C1_IRQHandler              0x1263    0x2  Code  Wk  startup_mspm0g351x_iar.o [5]
I2C2_IRQHandler              0x1263    0x2  Code  Wk  startup_mspm0g351x_iar.o [5]
LFSS_IRQHandler              0x1263    0x2  Code  Wk  startup_mspm0g351x_iar.o [5]
MPU6050ReadGyro              0x2043   0x30  Code  Gb  TSP_MPU6050.o [3]
MPU6050ReadID                0x1fc1   0x1e  Code  Gb  TSP_MPU6050.o [3]
MPU6050_Init                 0x1fdf   0x64  Code  Gb  TSP_MPU6050.o [3]
MPU6050_ReadData             0x1fb1    0xe  Code  Gb  TSP_MPU6050.o [3]
MPU6050_ReadReg              0x1f9d   0x14  Code  Gb  TSP_MPU6050.o [3]
MPU6050_WriteReg             0x1f8d   0x10  Code  Gb  TSP_MPU6050.o [3]
MenuCursor16x16              0x23e8   0x20  Data  Gb  tsp_menu.o [1]
NMI_Handler                  0x1263    0x2  Code  Wk  startup_mspm0g351x_iar.o [5]
PendSV_Handler               0x1263    0x2  Code  Wk  startup_mspm0g351x_iar.o [5]
RES_value               0x2020'07c4    0x4  Data  Gb  TSP3519.o [4]
Region$$Table$$Base          0x2f7c          --   Gb  - Linker created -
Region$$Table$$Limit         0x2f9c          --   Gb  - Linker created -
Reset_Handler                0x2f39    0x8  Code  Wk  startup_mspm0g351x_iar.o [5]
SPI0_IRQHandler              0x1263    0x2  Code  Wk  startup_mspm0g351x_iar.o [5]
SPI1_IRQHandler              0x1263    0x2  Code  Wk  startup_mspm0g351x_iar.o [5]
SPI2_IRQHandler              0x1263    0x2  Code  Wk  startup_mspm0g351x_iar.o [5]
SVC_Handler                  0x1263    0x2  Code  Wk  startup_mspm0g351x_iar.o [5]
SYSCFG_DL_CCD_init           0x11b9   0x90  Code  Wk  ti_msp_dl_config.o [2]
SYSCFG_DL_GPIO_init           0xca1  0x21c  Code  Wk  ti_msp_dl_config.o [2]
SYSCFG_DL_K230_init          0x1139   0x44  Code  Wk  ti_msp_dl_config.o [2]
SYSCFG_DL_LCD_init           0x117d   0x3c  Code  Wk  ti_msp_dl_config.o [2]
SYSCFG_DL_MPU6050_init       0x10e9   0x50  Code  Wk  ti_msp_dl_config.o [2]
SYSCFG_DL_Motor_init          0xf85   0xcc  Code  Wk  ti_msp_dl_config.o [2]
SYSCFG_DL_QEI_1_init         0x1051   0x4c  Code  Wk  ti_msp_dl_config.o [2]
SYSCFG_DL_QEI_2_init         0x109d   0x4c  Code  Wk  ti_msp_dl_config.o [2]
SYSCFG_DL_SYSCTL_init         0xebd   0x40  Code  Wk  ti_msp_dl_config.o [2]
SYSCFG_DL_SYSTICK_init       0x1249   0x10  Code  Wk  ti_msp_dl_config.o [2]
SYSCFG_DL_Servo_init          0xefd   0x88  Code  Wk  ti_msp_dl_config.o [2]
SYSCFG_DL_init                0xb8d   0x50  Code  Wk  ti_msp_dl_config.o [2]
SYSCFG_DL_initPower           0xbdd   0xc4  Code  Wk  ti_msp_dl_config.o [2]
Scroll                  0x2020'0000    0x1  Data  Gb  tsp_menu.o [1]
SysTick_Config                0x765   0x2e  Code  Lc  ti_msp_dl_config.o [2]
SysTick_Handler              0x1e29   0x5e  Code  Gb  tsp_isr.o [1]
TIMA0_IRQHandler             0x1263    0x2  Code  Wk  startup_mspm0g351x_iar.o [5]
TIMA1_IRQHandler             0x1263    0x2  Code  Wk  startup_mspm0g351x_iar.o [5]
TIMG0_IRQHandler             0x1263    0x2  Code  Wk  startup_mspm0g351x_iar.o [5]
TIMG12_IRQHandler            0x1263    0x2  Code  Wk  startup_mspm0g351x_iar.o [5]
TIMG14_IRQHandler            0x1263    0x2  Code  Wk  startup_mspm0g351x_iar.o [5]
TIMG6_IRQHandler             0x1263    0x2  Code  Wk  startup_mspm0g351x_iar.o [5]
TIMG7_IRQHandler             0x1263    0x2  Code  Wk  startup_mspm0g351x_iar.o [5]
TIMG8_IRQHandler             0x1263    0x2  Code  Wk  startup_mspm0g351x_iar.o [5]
TIMG9_IRQHandler             0x1263    0x2  Code  Wk  startup_mspm0g351x_iar.o [5]
TSP_QEI1_GetCount            0x2865   0x10  Code  Gb  tsp_qei.o [3]
TSP_QEI2_GetCount            0x2875   0x10  Code  Gb  tsp_qei.o [3]
UART0_IRQHandler             0x1263    0x2  Code  Wk  startup_mspm0g351x_iar.o [5]
UART1_IRQHandler             0x1263    0x2  Code  Wk  startup_mspm0g351x_iar.o [5]
UART3_IRQHandler             0x1263    0x2  Code  Wk  startup_mspm0g351x_iar.o [5]
UART4_IRQHandler             0x1263    0x2  Code  Wk  startup_mspm0g351x_iar.o [5]
UART5_IRQHandler             0x1263    0x2  Code  Wk  startup_mspm0g351x_iar.o [5]
UART6_IRQHandler             0x1e99   0x4a  Code  Gb  tsp_isr.o [1]
UART7_IRQHandler             0x1263    0x2  Code  Wk  startup_mspm0g351x_iar.o [5]
__NVIC_EnableIRQ             0x2409   0x12  Code  Lc  TSP_CCD.o [3]
__NVIC_EnableIRQ             0x183d   0x12  Code  Lc  tsp_gpio.o [3]
__NVIC_SetPriority            0x721   0x44  Code  Lc  ti_msp_dl_config.o [2]
__aeabi_fadd                 0x2c2b         Code  Gb  FltAddSub.o [8]
__aeabi_fdiv                 0x2d4b         Code  Gb  FltDiv.o [8]
__aeabi_fsub                 0x2c9b         Code  Gb  FltAddSub.o [8]
__aeabi_i2f                  0x2c15         Code  Gb  IxxToFlt.o [8]
__aeabi_idiv                 0x27a9         Code  Gb  I32DivModFast.o [9]
__aeabi_idiv0                0x2ea5         Code  Gb  IntDivZer.o [9]
__aeabi_idivmod              0x27a9         Code  Gb  I32DivModFast.o [9]
__aeabi_ui2f                 0x2bf5         Code  Gb  IxxToFlt.o [8]
__aeabi_uidiv                0x27af         Code  Gb  I32DivModFast.o [9]
__aeabi_uidivmod             0x27af         Code  Gb  I32DivModFast.o [9]
__cmain                      0x2ec5         Code  Gb  cmain.o [9]
__exit                       0x2f25   0x14  Code  Gb  exit.o [10]
__iar_data_init3             0x2ee9   0x28  Code  Gb  data_init.o [9]
__iar_packbits_init_single3
                             0x185f   0x3e  Code  Gb  packbits_init_single.o [9]
__iar_program_start          0x2ea9         Code  Gb  cstartup_M.o [9]
__iar_zero_init3             0x2f41   0x3c  Code  Gb  zero_init3.o [9]
__low_level_init             0x2ee3    0x4  Code  Gb  low_level_init.o [6]
__vector_table                  0x0   0xc0  Data  Gb  startup_mspm0g351x_iar.o [5]
_call_main                   0x2ed1         Code  Gb  cmain.o [9]
_exit                        0x2f19         Code  Gb  cexit.o [9]
ccd_data_binary         0x2020'03e8  0x100  Data  Gb  tsp_ccd_image.o [1]
ccd_data_gray           0x2020'02e8  0x100  Data  Gb  tsp_ccd_image.o [1]
ccd_data_old            0x2020'05ec  0x100  Data  Gb  TSP_CCD.o [3]
ccd_data_raw            0x2020'04ec  0x100  Data  Gb  TSP_CCD.o [3]
ccd_index               0x2020'04e8    0x1  Data  Gb  TSP_CCD.o [3]
delay                   0x2020'07c0    0x4  Data  Lc  tsp_isr.o [1]
delay_1ms                    0x1e1d    0xc  Code  Gb  tsp_isr.o [1]
encoder_pulse_qei1      0x2020'07ca    0x2  Data  Gb  TSP3519.o [4]
encoder_pulse_qei2      0x2020'07cc    0x2  Data  Gb  TSP3519.o [4]
encoder_speed_qei1      0x2020'07ce    0x2  Data  Gb  TSP3519.o [4]
encoder_speed_qei2      0x2020'07d0    0x2  Data  Gb  TSP3519.o [4]
exit                         0x2f11    0x8  Code  Gb  exit.o [6]
flag_20_ms              0x2020'07d4    0x1  Data  Gb  TSP3519.o [4]
gCCDClockConfig               0x128    0x8  Data  Lc  ti_msp_dl_config.o [2]
gK230ClockConfig              0x10a    0x2  Data  Lc  ti_msp_dl_config.o [2]
gK230Config                   0x10c    0xc  Data  Lc  ti_msp_dl_config.o [2]
gLCDBackup              0x2020'02c0   0x28  Data  Gb  ti_msp_dl_config.o [2]
gLCD_clockConfig              0x124    0x2  Data  Lc  ti_msp_dl_config.o [2]
gLCD_config                   0x118    0xc  Data  Lc  ti_msp_dl_config.o [2]
gMPU6050ClockConfig           0x108    0x2  Data  Lc  ti_msp_dl_config.o [2]
gMotorBackup            0x2020'00c4   0xbc  Data  Gb  ti_msp_dl_config.o [2]
gMotorClockConfig              0xf4    0x4  Data  Lc  ti_msp_dl_config.o [2]
gMotorConfig                   0xf8    0x8  Data  Lc  ti_msp_dl_config.o [2]
gQEI_1ClockConfig             0x100    0x4  Data  Lc  ti_msp_dl_config.o [2]
gQEI_2Backup            0x2020'0220   0xa0  Data  Gb  ti_msp_dl_config.o [2]
gQEI_2ClockConfig             0x104    0x4  Data  Lc  ti_msp_dl_config.o [2]
gSYSPLLConfig                  0xc0   0x28  Data  Lc  ti_msp_dl_config.o [2]
gServoBackup            0x2020'0180   0xa0  Data  Gb  ti_msp_dl_config.o [2]
gServoClockConfig              0xe8    0x4  Data  Lc  ti_msp_dl_config.o [2]
gServoConfig                   0xec    0x8  Data  Lc  ti_msp_dl_config.o [2]
gyro_bias               0x2020'00a4    0xc  Data  Lc  TSP_MPU6050.o [3]
gyro_bias_update             0x2073   0x64  Code  Gb  TSP_MPU6050.o [3]
gz_filtered             0x2020'00bc    0x4  Data  Gb  TSP_MPU6050.o [3]
main                         0x17c1   0x56  Code  Gb  TSP3519.o [4]
menu_id                 0x2020'07d2    0x1  Data  Gb  TSP3519.o [4]
menu_item0              0x2020'0004   0xa0  Data  Gb  tsp_menu.o [1]
mspm0_get_clock_ms           0x1e87   0x12  Code  Gb  tsp_isr.o [1]
mspm0_i2c_disable            0x2985   0x3a  Code  Gb  tsp_i2c.o [3]
mspm0_i2c_enable             0x29bf   0x4c  Code  Gb  tsp_i2c.o [3]
mspm0_i2c_read               0x2add   0xce  Code  Gb  tsp_i2c.o [3]
mspm0_i2c_sda_unlock         0x2a0b   0x46  Code  Gb  tsp_i2c.o [3]
mspm0_i2c_write              0x2a51   0x84  Code  Gb  tsp_i2c.o [3]
pitch                   0x2020'00b4    0x4  Data  Lc  TSP_MPU6050.o [3]
qei1_direction          0x2020'07b0    0x1  Data  Lc  tsp_qei.o [3]
qei1_last_count         0x2020'07b4    0x4  Data  Lc  tsp_qei.o [3]
qei2_direction          0x2020'07b1    0x1  Data  Lc  tsp_qei.o [3]
qei2_last_count         0x2020'07b8    0x4  Data  Lc  tsp_qei.o [3]
roll                    0x2020'00b8    0x4  Data  Lc  TSP_MPU6050.o [3]
rx_buffer               0x2020'06ec   0x80  Data  Gb  TSP3519.o [4]
rx_flag                 0x2020'07d3    0x1  Data  Gb  TSP3519.o [4]
rx_idx                  0x2020'07c8    0x2  Data  Gb  TSP3519.o [4]
show_menu_cursor             0x235d   0x8c  Code  Gb  tsp_menu.o [1]
sys_tick_counter        0x2020'07bc    0x4  Data  Gb  tsp_isr.o [1]
tft_ascii                     0x130  0x5f0  Data  Gb  TSP_TFT18.o [3]
tsp_ccd_binary               0x216f   0x24  Code  Gb  tsp_ccd_image.o [1]
tsp_ccd_data2Gray            0x214f   0x20  Code  Gb  tsp_ccd_image.o [1]
tsp_ccd_delay_1us            0x2435   0x22  Code  Gb  TSP_CCD.o [3]
tsp_ccd_flush                0x2499   0xd0  Code  Gb  TSP_CCD.o [3]
tsp_ccd_init                 0x2457    0xa  Code  Gb  TSP_CCD.o [3]
tsp_ccd_pulse_CLK            0x2461   0x38  Code  Lc  TSP_CCD.o [3]
tsp_ccd_show                 0x2689   0x46  Code  Gb  TSP_CCD.o [3]
tsp_ccd_snapshot             0x2569  0x120  Code  Gb  TSP_CCD.o [3]
tsp_ccd_threshold_mean       0x2193   0x1c  Code  Gb  tsp_ccd_image.o [1]
tsp_demo_frame_ccd           0x26cf   0x22  Code  Gb  TSP_CCD.o [3]
tsp_img_test                 0x21b5   0x76  Code  Gb  tsp_ccd_image.o [1]
tsp_menu_loop                0x2241  0x10a  Code  Gb  tsp_menu.o [1]
tsp_show1_ccd_gray           0x2101   0x4e  Code  Gb  tsp_ccd_image.o [1]
tsp_spi_write_byte           0x19b1   0x14  Code  Lc  TSP_TFT18.o [3]
tsp_tft18_clear              0x1a47   0x36  Code  Gb  TSP_TFT18.o [3]
tsp_tft18_draw_block         0x1d55   0x72  Code  Gb  TSP_TFT18.o [3]
tsp_tft18_draw_frame         0x1cf3   0x62  Code  Gb  TSP_TFT18.o [3]
tsp_tft18_draw_line_h        0x1c6d   0x44  Code  Gb  TSP_TFT18.o [3]
tsp_tft18_draw_line_v        0x1cb1   0x42  Code  Gb  TSP_TFT18.o [3]
tsp_tft18_draw_pixel         0x1a89   0x14  Code  Gb  TSP_TFT18.o [3]
tsp_tft18_init               0x18ab  0x106  Code  Gb  TSP_TFT18.o [3]
tsp_tft18_set_region         0x1a11   0x36  Code  Gb  TSP_TFT18.o [3]
tsp_tft18_set_xy             0x1a7d    0xc  Code  Gb  TSP_TFT18.o [3]
tsp_tft18_show_char          0x1a9d   0x5a  Code  Gb  TSP_TFT18.o [3]
tsp_tft18_show_char_color
                             0x1af7   0x72  Code  Gb  TSP_TFT18.o [3]
tsp_tft18_show_str           0x1b85   0x28  Code  Gb  TSP_TFT18.o [3]
tsp_tft18_show_str_color
                             0x1bad   0x40  Code  Gb  TSP_TFT18.o [3]
tsp_tft18_show_uint16        0x1bed   0x7a  Code  Gb  TSP_TFT18.o [3]
tsp_tft18_write_2byte        0x19f1   0x20  Code  Gb  TSP_TFT18.o [3]
tsp_tft18_write_byte         0x19db   0x16  Code  Gb  TSP_TFT18.o [3]
tsp_tft18_write_cmd          0x19c5   0x16  Code  Gb  TSP_TFT18.o [3]
yaw                     0x2020'00b0    0x4  Data  Lc  TSP_MPU6050.o [3]


[1] = D:\Study_resources\电赛\TSP\TSP3519\iar\Debug\Obj\NUEDU2025_11847588325976546582.dir
[2] = D:\Study_resources\电赛\TSP\TSP3519\iar\Debug\Obj\SysConfig Generated Files_5435349133262493662.dir
[3] = D:\Study_resources\电赛\TSP\TSP3519\iar\Debug\Obj\TSP3519_9401757970942732151.dir
[4] = D:\Study_resources\电赛\TSP\TSP3519\iar\Debug\Obj\empty_mspm0g3519_13168490636323535303.dir
[5] = D:\Study_resources\电赛\TSP\TSP3519\iar\Debug\Obj\iar_102420246905159791.dir
[6] = dl6M_tlf.a
[7] = driverlib.a
[8] = m6M_tl.a
[9] = rt6M_tl.a
[10] = shb_l.a

  10'332 bytes of readonly  code memory
   1'904 bytes of readonly  data memory
   2'518 bytes of readwrite data memory

Errors: none
Warnings: none
