###############################################################################
#
# IAR ELF Linker V9.60.3.422/W64 for ARM                  26/Jul/2025  18:42:43
# Copyright 2007-2024 IAR Systems AB.
#
#    Output file  =
#        D:\Study_resources\电赛\TSP\TSP3519\iar\Debug\Exe\empty_mspm0g3519_nortos_iar.out
#    Map file     =
#        D:\Study_resources\电赛\TSP\TSP3519\iar\Debug\List\empty_mspm0g3519_nortos_iar.map
#    Command line =
#        -f
#        D:\Study_resources\电赛\TSP\TSP3519\iar\Debug\Exe\empty_mspm0g3519_nortos_iar.out.rsp
#        (D:\Study_resources\电赛\TSP\TSP3519\iar\Debug\Obj\NUEDU2025_11847588325976546582.dir\Kalman.o
#        D:\Study_resources\电赛\TSP\TSP3519\iar\Debug\Obj\iar_102420246905159791.dir\startup_mspm0g351x_iar.o
#        "D:\Study_resources\电赛\TSP\TSP3519\iar\Debug\Obj\SysConfig Generated
#        Files_5435349133262493662.dir\ti_msp_dl_config.o"
#        D:\Study_resources\电赛\TSP\TSP3519\iar\Debug\Obj\empty_mspm0g3519_13168490636323535303.dir\TSP3519.o
#        D:\Study_resources\电赛\TSP\TSP3519\iar\Debug\Obj\TSP3519_9401757970942732151.dir\tsp_adc.o
#        D:\Study_resources\电赛\TSP\TSP3519\iar\Debug\Obj\TSP3519_9401757970942732151.dir\TSP_CCD.o
#        D:\Study_resources\电赛\TSP\TSP3519\iar\Debug\Obj\NUEDU2025_11847588325976546582.dir\tsp_ccd_image.o
#        D:\Study_resources\电赛\TSP\TSP3519\iar\Debug\Obj\TSP3519_9401757970942732151.dir\tsp_gpio.o
#        D:\Study_resources\电赛\TSP\TSP3519\iar\Debug\Obj\TSP3519_9401757970942732151.dir\tsp_i2c.o
#        D:\Study_resources\电赛\TSP\TSP3519\iar\Debug\Obj\NUEDU2025_11847588325976546582.dir\tsp_isr.o
#        D:\Study_resources\电赛\TSP\TSP3519\iar\Debug\Obj\NUEDU2025_11847588325976546582.dir\tsp_menu.o
#        D:\Study_resources\电赛\TSP\TSP3519\iar\Debug\Obj\NUEDU2025_11847588325976546582.dir\tsp_motor.o
#        D:\Study_resources\电赛\TSP\TSP3519\iar\Debug\Obj\TSP3519_9401757970942732151.dir\TSP_MPU6050.o
#        D:\Study_resources\电赛\TSP\TSP3519\iar\Debug\Obj\TSP3519_9401757970942732151.dir\tsp_pwm.o
#        D:\Study_resources\电赛\TSP\TSP3519\iar\Debug\Obj\TSP3519_9401757970942732151.dir\tsp_qei.o
#        D:\Study_resources\电赛\TSP\TSP3519\iar\Debug\Obj\NUEDU2025_11847588325976546582.dir\tsp_servo.o
#        D:\Study_resources\电赛\TSP\TSP3519\iar\Debug\Obj\TSP3519_9401757970942732151.dir\TSP_TFT18.o
#        D:\Study_resources\电赛\TSP\TSP3519\iar\Debug\Obj\TSP3519_9401757970942732151.dir\tsp_uart.o
#        --redirect _Printf=_PrintfFullNoMb --redirect _Scanf=_ScanfFullNoMb
#        --no_out_extension -o
#        D:\Study_resources\电赛\TSP\TSP3519\iar\Debug\Exe\empty_mspm0g3519_nortos_iar.out
#        --map
#        D:\Study_resources\电赛\TSP\TSP3519\iar\Debug\List\empty_mspm0g3519_nortos_iar.map
#        --config D:\Study_resources\电赛\TSP\TSP3519\iar/mspm0g3519.icf
#        D:\ti\mspm0_sdk_2_05_01_00/source/ti/driverlib/lib/iar/m0p/mspm0gx51x/driverlib.a
#        --silent --semihosting --entry __iar_program_start --vfe --text_out
#        locale --cpu=Cortex-M0+ --fpu=None) --dependencies=n
#        D:\Study_resources\电赛\TSP\TSP3519\iar\Debug\Exe\empty_mspm0g3519_nortos_iar.out.iar_deps
#
###############################################################################

*******************************************************************************
*** RUNTIME MODEL ATTRIBUTES
***

CppFlavor       = *
__CPP_Runtime   = 1
__SystemLibrary = DLib
__dlib_version  = 6


*******************************************************************************
*** HEAP SELECTION
***

The basic heap was selected because no calls to memory allocation
functions were found in the application outside of system library
functions, there are calls to deallocation functions in the
application, and the application appears to be primarily
optimized for speed.


*******************************************************************************
*** PLACEMENT SUMMARY
***

"A0":  place at address 0x0 { ro section .intvec };
define block ALIGNED_ROM with end alignment = 8 { ro };
"P1":  place in [from 0x0 to 0x7'ffff] { block ALIGNED_ROM };
define block CSTACK with size = 512, alignment = 8 { };
define block PROC_STACK with size = 0, alignment = 8 { };
define block TRIM_TABLE with alignment = 8 { rw code section .TrimTable };
define block HEAP with size = 1K, alignment = 8 { };
"P2":  place in [from 0x2020'0000 to 0x2020'ffff] {
          rw, block CSTACK, block PROC_STACK, block TRIM_TABLE, block HEAP };
initialize by copy { rw };

No sections matched the following patterns:

  rw code section .TrimTable  in block TRIM_TABLE
  section BCRCONFIG           in "P3"
  section BSLCONFIG           in "P4"
  section DataBank            in "P5"


  Section              Kind         Address  Alignment    Size  Object
  -------              ----         -------  ---------    ----  ------
"A0":                                                     0xc0
  .intvec              const            0x0          4    0xc0  startup_mspm0g351x_iar.o [5]
                                     - 0xc0               0xc0

"P1", part 1 of 2:                                      0x4d50
  ALIGNED_ROM                          0xc0             0x4d50  <Block>
    .rodata            const           0xc0          4    0x28  ti_msp_dl_config.o [2]
    .rodata            const           0xe8          4    0x48  ti_msp_dl_config.o [2]
    .rodata            const          0x130          4    0x3c  tsp_menu.o [1]
    .rodata            const          0x16c          4   0x5f0  TSP_TFT18.o [3]
    .rodata            const          0x75c          4    0x6a  xprintffull_nomb.o [6]
    .rodata            const          0x7c6          2     0x2  xlocale_c.o [6]
    .text              ro code        0x7c8          4   0x46c  ti_msp_dl_config.o [2]
    .text              ro code        0xc34          4    0x50  ti_msp_dl_config.o [2]
    .text              ro code        0xc84          4    0xc4  ti_msp_dl_config.o [2]
    .text              ro code        0xd48          4   0x21c  ti_msp_dl_config.o [2]
    .text              ro code        0xf64          4    0x40  ti_msp_dl_config.o [2]
    .text              ro code        0xfa4          4    0x88  ti_msp_dl_config.o [2]
    .text              ro code       0x102c          4    0xcc  ti_msp_dl_config.o [2]
    .text              ro code       0x10f8          4    0x4c  ti_msp_dl_config.o [2]
    .text              ro code       0x1144          4    0x4c  ti_msp_dl_config.o [2]
    .text              ro code       0x1190          4    0x50  ti_msp_dl_config.o [2]
    .text              ro code       0x11e0          4    0x44  ti_msp_dl_config.o [2]
    .text              ro code       0x1224          4    0x3c  ti_msp_dl_config.o [2]
    .text              ro code       0x1260          4    0x90  ti_msp_dl_config.o [2]
    .text              ro code       0x12f0          4    0x10  ti_msp_dl_config.o [2]
    .text              ro code       0x1300          4     0xa  dl_common.o [7]
    .text              ro code       0x130a          2     0x2  startup_mspm0g351x_iar.o [5]
    .text              ro code       0x130c          4   0x184  dl_sysctl_mspm0gx51x.o [7]
    .text              ro code       0x1490          4   0x17c  dl_timer.o [7]
    .text              ro code       0x160c          4    0xc8  dl_i2c.o [7]
    .text              ro code       0x16d4          4    0x60  dl_uart.o [7]
    .text              ro code       0x1734          4    0x84  dl_spi.o [7]
    .text              ro code       0x17b8          4    0x4c  dl_adc12.o [7]
    .text              ro code       0x1804          4    0x58  dl_factoryregion.o [7]
    .text              ro code       0x185c          4    0x90  TSP3519.o [4]
    .text              ro code       0x18ec          4    0x22  tsp_gpio.o [3]
    .text              ro code       0x190e          2     0xa  xsprout.o [6]
    .text              ro code       0x1918          4   0x52c  TSP_TFT18.o [3]
    .text              ro code       0x1e44          4   0x1e8  tsp_isr.o [1]
    .text              ro code       0x202c          4   0x168  TSP_MPU6050.o [3]
    .text              ro code       0x2194          4   0x680  tsp_menu.o [1]
    .text              ro code       0x2814          4   0x374  TSP_CCD.o [3]
    .text              ro code       0x2b88          4   0x21c  tsp_ccd_image.o [1]
    .text              ro code       0x2da4          2    0xe0  I32DivModFast.o [9]
    .text              ro code       0x2e84          4    0x34  tsp_qei.o [3]
    .text              ro code       0x2eb8          4   0x364  tsp_i2c.o [3]
    .text              ro code       0x321c          4    0x36  IxxToFlt.o [8]
    .text              ro code       0x3252          2   0x120  FltAddSub.o [8]
    .text              ro code       0x3372          2    0xa4  FltDiv.o [8]
    .text              ro code       0x3416          2    0x3e  packbits_init_single.o [9]
    .text              ro code       0x3454          4    0x32  FltToDbl.o [8]
    .rodata            const         0x3486                0x1  xlocale_c.o [6]
    .text              ro code       0x3488          4    0x40  sprintf.o [6]
    .text              ro code       0x34c8          4    0x28  FltCmpGe.o [8]
    .text              ro code       0x34f0          2   0x1b4  DblAddSub.o [8]
    .text              ro code       0x36a4          2    0x62  DblToFlt.o [8]
    .text              ro code       0x3708          4    0x26  FltCmpLe.o [8]
    .text              ro code       0x3730          4    0xb4  tsp_adc.o [3]
    .text              ro code       0x37e4          4     0x2  IntDivZer.o [9]
    .text              ro code       0x37e8          4   0xf86  xprintffull_nomb.o [6]
    .text              ro code       0x4770          4    0x12  strchr.o [9]
    .text              ro code       0x4784          4    0x48  xfail_s.o [6]
    .text              ro code       0x47cc          4     0xe  strlen.o [9]
    .text              ro code       0x47dc          4    0x16  memchr.o [9]
    .text              ro code       0x47f4          4    0x4e  ABImemcpy.o [9]
    .text              ro code       0x4842          2    0x2a  frexp.o [8]
    .text              ro code       0x486c          2    0x32  DblCmpLe.o [8]
    .text              ro code       0x489e          2    0x32  DblCmpGe.o [8]
    .text              ro code       0x48d0          2    0x70  ldexp.o [8]
    .text              ro code       0x4940          4    0x52  DblToI32.o [8]
    .text              ro code       0x4994          4    0x34  IxxToDbl.o [8]
    .text              ro code       0x49c8          2    0xc2  DblDiv.o [8]
    .text              ro code       0x4a8a          2   0x184  DblMul.o [8]
    .text              ro code       0x4c10          4     0xc  xlocale_c.o [6]
    .text              ro code       0x4c1c          2    0x7c  I64DivMod.o [9]
    .text              ro code       0x4c98          2     0xa  abort.o [6]
    .text              ro code       0x4ca4          4     0x2  I64DivZer.o [9]
    .text              ro code       0x4ca8          4    0x14  exit.o [10]
    .text              ro code       0x4cbc          4    0x1c  cstartup_M.o [9]
    .text              ro code       0x4cd8          4    0x1e  cmain.o [9]
    .text              ro code       0x4cf6          2     0x4  low_level_init.o [6]
    .text              ro code       0x4cfc          4    0x28  data_init.o [9]
    .text              ro code       0x4d24          2     0x8  exit.o [6]
    .text              ro code       0x4d2c          4     0xa  cexit.o [9]
    .text              ro code       0x4d36          2     0x8  startup_mspm0g351x_iar.o [5]
    .text              ro code       0x4d3e          2    0x3c  zero_init3.o [9]
    .iar.init_table    const         0x4d7c          4    0x20  - Linker created -
    .rodata            const         0x4d9c                0x0  zero_init3.o [9]
    .rodata            const         0x4d9c                0x0  packbits_init_single.o [9]
    Initializer bytes  const         0x4d9c               0x6e  <for P2-1>
                                   - 0x4e0a             0x4d4a

"P1", part 2 of 2:                                         0x0

"P2", part 1 of 3:                                       0x100
  P2-1                          0x2020'0000              0x100  <Init block>
    .data              inited   0x2020'0000          4     0x4  TSP3519.o [4]
    .data              inited   0x2020'0004          4    0xa4  tsp_menu.o [1]
    .data              inited   0x2020'00a8          4    0x1c  TSP_MPU6050.o [3]
    .data              inited   0x2020'00c4          4     0x4  dl_factoryregion.o [7]
    .data              inited   0x2020'00c8          4    0x38  xlocale_c.o [6]
                              - 0x2020'0100              0x100

"P2", part 2 of 3:                                       0x920
  .bss                 zero     0x2020'0100          4   0x400  tsp_ccd_image.o [1]
  .bss                 zero     0x2020'0500          4   0x224  ti_msp_dl_config.o [2]
  .bss                 zero     0x2020'0724          4   0x104  TSP_CCD.o [3]
  .bss                 zero     0x2020'0828          4   0x100  TSP_CCD.o [3]
  .bss                 zero     0x2020'0928          4    0x80  TSP3519.o [4]
  .TrimTable           zero     0x2020'09a8          4    0x44  dl_factoryregion.o [7]
  .bss                 zero     0x2020'09ec          4     0xc  tsp_qei.o [3]
  .bss                 zero     0x2020'09f8          4     0x8  tsp_isr.o [1]
  .bss                 zero     0x2020'0a00          4     0x4  TSP3519.o [4]
  .bss                 zero     0x2020'0a04          4     0x4  TSP3519.o [4]
  .bss                 zero     0x2020'0a08          4     0x4  TSP3519.o [4]
  .bss                 zero     0x2020'0a0c          4     0x4  xfail_s.o [6]
  .bss                 zero     0x2020'0a10          2     0x2  TSP3519.o [4]
  .bss                 zero     0x2020'0a12          2     0x2  TSP3519.o [4]
  .bss                 zero     0x2020'0a14          2     0x2  TSP3519.o [4]
  .bss                 zero     0x2020'0a16          2     0x2  TSP3519.o [4]
  .bss                 zero     0x2020'0a18          2     0x2  TSP3519.o [4]
  .bss                 zero     0x2020'0a1a                0x1  TSP3519.o [4]
  .bss                 zero     0x2020'0a1b                0x1  TSP3519.o [4]
  .bss                 zero     0x2020'0a1c                0x1  TSP3519.o [4]
  .bss                 zero     0x2020'0a1d                0x1  TSP3519.o [4]
  .bss                 zero     0x2020'0a1e                0x1  tsp_adc.o [3]
                              - 0x2020'0a1f              0x91f

"P2", part 3 of 3:                                       0x200
  CSTACK                        0x2020'0a20          8   0x200  <Block>
    CSTACK             uninit   0x2020'0a20              0x200  <Block tail>
                              - 0x2020'0c20              0x200

Unused ranges:

         From           To      Size
         ----           --      ----
       0x4e10     0x7'ffff  0x7'b1f0
  0x2020'0c20  0x2020'ffff    0xf3e0


*******************************************************************************
*** INIT TABLE
***

          Address      Size
          -------      ----
Zero (__iar_zero_init3)
    1 destination range, total size 0x91f:
          0x2020'0100  0x91f

Copy/packbits (__iar_packbits_init_single3)
    1 source range, total size 0x6e (42% of destination):
               0x4d9c   0x6e
    1 destination range, total size 0x100:
          0x2020'0000  0x100



*******************************************************************************
*** MODULE SUMMARY
***

    Module                    ro code  ro data  rw data
    ------                    -------  -------  -------
command line/config:
    ---------------------------------------------------
    Total:

D:\Study_resources\电赛\TSP\TSP3519\iar\Debug\Obj\NUEDU2025_11847588325976546582.dir: [1]
    tsp_ccd_image.o               540             1'024
    tsp_isr.o                     488                 8
    tsp_menu.o                  1'664      131      164
    ---------------------------------------------------
    Total:                      2'692      131    1'196

D:\Study_resources\电赛\TSP\TSP3519\iar\Debug\Obj\SysConfig Generated Files_5435349133262493662.dir: [2]
    ti_msp_dl_config.o          2'872      112      548
    ---------------------------------------------------
    Total:                      2'872      112      548

D:\Study_resources\电赛\TSP\TSP3519\iar\Debug\Obj\TSP3519_9401757970942732151.dir: [3]
    TSP_CCD.o                     884               516
    TSP_MPU6050.o                 360       12       28
    TSP_TFT18.o                 1'324    1'520
    tsp_adc.o                     180                 1
    tsp_gpio.o                     34
    tsp_i2c.o                     868
    tsp_qei.o                      52                12
    ---------------------------------------------------
    Total:                      3'702    1'532      557

D:\Study_resources\电赛\TSP\TSP3519\iar\Debug\Obj\empty_mspm0g3519_13168490636323535303.dir: [4]
    TSP3519.o                     144        1      158
    ---------------------------------------------------
    Total:                        144        1      158

D:\Study_resources\电赛\TSP\TSP3519\iar\Debug\Obj\iar_102420246905159791.dir: [5]
    startup_mspm0g351x_iar.o       10      192
    ---------------------------------------------------
    Total:                         10      192

dl6M_tlf.a: [6]
    abort.o                        10
    exit.o                          8
    low_level_init.o                4
    sprintf.o                      64
    xfail_s.o                      72                 4
    xlocale_c.o                    12       28       56
    xprintffull_nomb.o          3'974      106
    xsprout.o                      10
    ---------------------------------------------------
    Total:                      4'154      134       60

driverlib.a: [7]
    dl_adc12.o                     76
    dl_common.o                    10
    dl_factoryregion.o             88        1       72
    dl_i2c.o                      200
    dl_spi.o                      132
    dl_sysctl_mspm0gx51x.o        388
    dl_timer.o                    380
    dl_uart.o                      96
    ---------------------------------------------------
    Total:                      1'370        1       72

m6M_tl.a: [8]
    DblAddSub.o                   436
    DblCmpGe.o                     50
    DblCmpLe.o                     50
    DblDiv.o                      194
    DblMul.o                      388
    DblToFlt.o                     98
    DblToI32.o                     82
    FltAddSub.o                   288
    FltCmpGe.o                     40
    FltCmpLe.o                     38
    FltDiv.o                      164
    FltToDbl.o                     50
    IxxToDbl.o                     52
    IxxToFlt.o                     54
    frexp.o                        42
    ldexp.o                       112
    ---------------------------------------------------
    Total:                      2'138

rt6M_tl.a: [9]
    ABImemcpy.o                    78
    I32DivModFast.o               224
    I64DivMod.o                   124
    I64DivZer.o                     2
    IntDivZer.o                     2
    cexit.o                        10
    cmain.o                        30
    cstartup_M.o                   28
    data_init.o                    40
    memchr.o                       22
    packbits_init_single.o         62
    strchr.o                       18
    strlen.o                       14
    zero_init3.o                   60
    ---------------------------------------------------
    Total:                        714

shb_l.a: [10]
    exit.o                         20
    ---------------------------------------------------
    Total:                         20

    Gaps                           25        2
    Linker created                          32      512
-------------------------------------------------------
    Grand Total:               17'841    2'137    3'103


*******************************************************************************
*** ENTRY LIST
***

Entry                       Address   Size  Type      Object
-----                       -------   ----  ----      ------
.iar.init_table$$Base        0x4d7c          --   Gb  - Linker created -
.iar.init_table$$Limit       0x4d9c          --   Gb  - Linker created -
?main                        0x4cd9         Code  Gb  cmain.o [9]
ADC0_IRQHandler              0x130b    0x2  Code  Wk  startup_mspm0g351x_iar.o [5]
ADC1_IRQHandler              0x379b   0x34  Code  Gb  tsp_adc.o [3]
ADC_flag                0x2020'0a1e    0x1  Data  Gb  tsp_adc.o [3]
AESADV_IRQHandler            0x130b    0x2  Code  Wk  startup_mspm0g351x_iar.o [5]
ALIGNED_ROM$$Base              0xc0          --   Gb  - Linker created -
ALIGNED_ROM$$Limit           0x4e10          --   Gb  - Linker created -
CANFD0_IRQHandler            0x130b    0x2  Code  Wk  startup_mspm0g351x_iar.o [5]
CANFD1_IRQHandler            0x130b    0x2  Code  Wk  startup_mspm0g351x_iar.o [5]
CCD1_Get_AO                  0x3773   0x28  Code  Gb  tsp_adc.o [3]
CCD_test                     0x2afd   0x6a  Code  Gb  TSP_CCD.o [3]
CSTACK$$Base            0x2020'0a20          --   Gb  - Linker created -
CSTACK$$Limit           0x2020'0c20          --   Gb  - Linker created -
DAC0_IRQHandler              0x130b    0x2  Code  Wk  startup_mspm0g351x_iar.o [5]
DL_ADC12_clearInterruptStatus
                              0x8e9    0xc  Code  Lc  ti_msp_dl_config.o [2]
DL_ADC12_clearInterruptStatus
                             0x3767    0xc  Code  Lc  tsp_adc.o [3]
DL_ADC12_configConversionMem
                              0x8b5   0x28  Code  Lc  ti_msp_dl_config.o [2]
DL_ADC12_enableConversions
                              0x89f   0x10  Code  Lc  ti_msp_dl_config.o [2]
DL_ADC12_enableConversions
                             0x3741   0x10  Code  Lc  tsp_adc.o [3]
DL_ADC12_enableInterrupt
                              0x8dd    0xc  Code  Lc  ti_msp_dl_config.o [2]
DL_ADC12_enablePower          0x847    0xa  Code  Lc  ti_msp_dl_config.o [2]
DL_ADC12_getMemResult        0x3751    0xc  Code  Lc  tsp_adc.o [3]
DL_ADC12_getPendingInterrupt
                             0x375d    0xa  Code  Lc  tsp_adc.o [3]
DL_ADC12_initSeqSample        0x859   0x34  Code  Lc  ti_msp_dl_config.o [2]
DL_ADC12_reset                0x851    0x8  Code  Lc  ti_msp_dl_config.o [2]
DL_ADC12_setClockConfig
                             0x17b9   0x3c  Code  Gb  dl_adc12.o [7]
DL_ADC12_setPowerDownMode
                              0x88d   0x12  Code  Lc  ti_msp_dl_config.o [2]
DL_ADC12_setSampleTime0
                              0x8af    0x6  Code  Lc  ti_msp_dl_config.o [2]
DL_ADC12_startConversion
                             0x3731   0x10  Code  Lc  tsp_adc.o [3]
DL_Common_delayCycles        0x1301    0xa  Code  Gb  dl_common.o [7]
DL_Common_updateReg           0x83b    0xc  Code  Lc  ti_msp_dl_config.o [2]
DL_Common_updateReg          0x2eb9    0xc  Code  Lc  tsp_i2c.o [3]
DL_Common_updateReg          0x1e45    0xc  Code  Lc  tsp_isr.o [1]
DL_FACTORYREGION_TrimTable
                        0x2020'09a8   0x44  Data  Gb  dl_factoryregion.o [7]
DL_FactoryRegion_initTrimTable
                             0x1805   0x58  Code  Gb  dl_factoryregion.o [7]
DL_GPIO_clearInterruptStatus
                              0x9eb    0xc  Code  Lc  ti_msp_dl_config.o [2]
DL_GPIO_clearInterruptStatus
                             0x1e67    0xc  Code  Lc  tsp_isr.o [1]
DL_GPIO_clearPins             0x9b3    0x8  Code  Lc  ti_msp_dl_config.o [2]
DL_GPIO_clearPins            0x2839    0x8  Code  Lc  TSP_CCD.o [3]
DL_GPIO_clearPins            0x2f1b    0x8  Code  Lc  tsp_i2c.o [3]
DL_GPIO_clearPins            0x191f    0x8  Code  Lc  TSP_TFT18.o [3]
DL_GPIO_enableHiZ             0x9cd   0x12  Code  Lc  ti_msp_dl_config.o [2]
DL_GPIO_enableHiZ            0x2f29   0x12  Code  Lc  tsp_i2c.o [3]
DL_GPIO_enableInterrupt
                              0x9df    0xc  Code  Lc  ti_msp_dl_config.o [2]
DL_GPIO_enableOutput          0x9bb    0x6  Code  Lc  ti_msp_dl_config.o [2]
DL_GPIO_enableOutput         0x2f23    0x6  Code  Lc  tsp_i2c.o [3]
DL_GPIO_enablePower           0x935    0xa  Code  Lc  ti_msp_dl_config.o [2]
DL_GPIO_getEnabledInterruptStatus
                             0x1e5d    0xa  Code  Lc  tsp_isr.o [1]
DL_GPIO_initDigitalInputFeatures
                              0x953   0x1a  Code  Lc  ti_msp_dl_config.o [2]
DL_GPIO_initDigitalInputFeatures
                             0x2ed1   0x1a  Code  Lc  tsp_i2c.o [3]
DL_GPIO_initDigitalOutput
                              0x947    0xc  Code  Lc  ti_msp_dl_config.o [2]
DL_GPIO_initDigitalOutput
                             0x2ec5    0xc  Code  Lc  tsp_i2c.o [3]
DL_GPIO_initPeripheralAnalogFunction
                              0x9a7    0xc  Code  Lc  ti_msp_dl_config.o [2]
DL_GPIO_initPeripheralInputFunction
                              0x97b    0xe  Code  Lc  ti_msp_dl_config.o [2]
DL_GPIO_initPeripheralInputFunctionFeatures
                              0x989   0x1e  Code  Lc  ti_msp_dl_config.o [2]
DL_GPIO_initPeripheralInputFunctionFeatures
                             0x2eeb   0x1e  Code  Lc  tsp_i2c.o [3]
DL_GPIO_initPeripheralOutputFunction
                              0x96d    0xe  Code  Lc  ti_msp_dl_config.o [2]
DL_GPIO_readPins             0x185d    0xc  Code  Lc  TSP3519.o [4]
DL_GPIO_readPins             0x2827    0xc  Code  Lc  TSP_CCD.o [3]
DL_GPIO_readPins             0x2f09    0xc  Code  Lc  tsp_i2c.o [3]
DL_GPIO_readPins             0x1e51    0xc  Code  Lc  tsp_isr.o [1]
DL_GPIO_readPins             0x2195    0xc  Code  Lc  tsp_menu.o [1]
DL_GPIO_reset                 0x93f    0x8  Code  Lc  ti_msp_dl_config.o [2]
DL_GPIO_setLowerPinsPolarity
                              0x9c1    0xc  Code  Lc  ti_msp_dl_config.o [2]
DL_GPIO_setPins              0x2833    0x6  Code  Lc  TSP_CCD.o [3]
DL_GPIO_setPins              0x2b89    0x6  Code  Lc  tsp_ccd_image.o [1]
DL_GPIO_setPins              0x2f15    0x6  Code  Lc  tsp_i2c.o [3]
DL_GPIO_setPins              0x1919    0x6  Code  Lc  TSP_TFT18.o [3]
DL_I2C_clearInterruptStatus
                             0x2fa7    0x6  Code  Lc  tsp_i2c.o [3]
DL_I2C_enableAnalogGlitchFilter
                              0xa23   0x12  Code  Lc  ti_msp_dl_config.o [2]
DL_I2C_enableController
                              0xa3b    0xe  Code  Lc  ti_msp_dl_config.o [2]
DL_I2C_enableControllerClockStretching
                              0xa49    0xe  Code  Lc  ti_msp_dl_config.o [2]
DL_I2C_enablePower            0x9ff    0xa  Code  Lc  ti_msp_dl_config.o [2]
DL_I2C_enablePower           0x2f75    0xa  Code  Lc  tsp_i2c.o [3]
DL_I2C_fillControllerTXFIFO
                             0x1637   0x74  Code  Gb  dl_i2c.o [7]
DL_I2C_flushControllerTXFIFO
                             0x16ab   0x26  Code  Gb  dl_i2c.o [7]
DL_I2C_getControllerStatus
                             0x2f87    0x6  Code  Lc  tsp_i2c.o [3]
DL_I2C_getRawInterruptStatus
                             0x2f9d    0xa  Code  Lc  tsp_i2c.o [3]
DL_I2C_isControllerRXFIFOEmpty
                             0x2f3b   0x10  Code  Lc  tsp_i2c.o [3]
DL_I2C_receiveControllerData
                             0x2f8d    0x8  Code  Lc  tsp_i2c.o [3]
DL_I2C_reset                  0xa09    0x8  Code  Lc  ti_msp_dl_config.o [2]
DL_I2C_reset                 0x2f7f    0x8  Code  Lc  tsp_i2c.o [3]
DL_I2C_resetControllerTransfer
                              0x9f7    0x8  Code  Lc  ti_msp_dl_config.o [2]
DL_I2C_setAnalogGlitchFilterPulseWidth
                              0xa11   0x12  Code  Lc  ti_msp_dl_config.o [2]
DL_I2C_setClockConfig        0x160d   0x2a  Code  Gb  dl_i2c.o [7]
DL_I2C_setControllerRXFIFOThreshold
                              0xa65   0x10  Code  Lc  ti_msp_dl_config.o [2]
DL_I2C_setControllerTXFIFOThreshold
                              0xa57    0xe  Code  Lc  ti_msp_dl_config.o [2]
DL_I2C_setTimerPeriod         0xa35    0x6  Code  Lc  ti_msp_dl_config.o [2]
DL_I2C_startControllerTransfer
                             0x2f4b   0x2a  Code  Lc  tsp_i2c.o [3]
DL_I2C_transmitControllerData
                             0x2f95    0x8  Code  Lc  tsp_i2c.o [3]
DL_SPI_enable                 0xa87    0xe  Code  Lc  ti_msp_dl_config.o [2]
DL_SPI_enablePower            0xa75    0xa  Code  Lc  ti_msp_dl_config.o [2]
DL_SPI_init                  0x1735   0x44  Code  Gb  dl_spi.o [7]
DL_SPI_receiveDataBlocking8
                             0x1789   0x10  Code  Gb  dl_spi.o [7]
DL_SPI_reset                  0xa7f    0x8  Code  Lc  ti_msp_dl_config.o [2]
DL_SPI_setBitRateSerialClockDivider
                              0xaad    0xe  Code  Lc  ti_msp_dl_config.o [2]
DL_SPI_setClockConfig        0x1779   0x10  Code  Gb  dl_spi.o [7]
DL_SPI_setFIFOThreshold
                              0xa95   0x14  Code  Lc  ti_msp_dl_config.o [2]
DL_SPI_transmitDataBlocking8
                             0x1799    0xe  Code  Gb  dl_spi.o [7]
DL_SYSCTL_configSYSPLL       0x130d   0xc2  Code  Gb  dl_sysctl_mspm0gx51x.o [7]
DL_SYSCTL_enableMFCLK         0x917    0xe  Code  Lc  ti_msp_dl_config.o [2]
DL_SYSCTL_setBORThreshold
                              0x8f5    0x6  Code  Lc  ti_msp_dl_config.o [2]
DL_SYSCTL_setFlashWaitState
                              0x925   0x10  Code  Lc  ti_msp_dl_config.o [2]
DL_SYSCTL_setHFCLKSourceHFXTParams
                             0x13fd   0x68  Code  Gb  dl_sysctl_mspm0gx51x.o [7]
DL_SYSCTL_setSYSOSCFreq
                              0x8fb    0xe  Code  Lc  ti_msp_dl_config.o [2]
DL_SYSCTL_setULPCLKDivider
                              0x909    0xe  Code  Lc  ti_msp_dl_config.o [2]
DL_SYSCTL_switchMCLKfromSYSOSCtoHSCLK
                             0x13cf   0x24  Code  Gb  dl_sysctl_mspm0gx51x.o [7]
DL_Timer_configQEI            0xb25   0x1c  Code  Lc  ti_msp_dl_config.o [2]
DL_Timer_enableClock          0xad5    0x8  Code  Lc  ti_msp_dl_config.o [2]
DL_Timer_enablePower          0xabb    0xa  Code  Lc  ti_msp_dl_config.o [2]
DL_Timer_getTimerCount       0x2e85    0x8  Code  Lc  tsp_qei.o [3]
DL_Timer_initFourCCPWMMode
                             0x14f5   0xf6  Code  Gb  dl_timer.o [7]
DL_Timer_reset                0xac5    0x8  Code  Lc  ti_msp_dl_config.o [2]
DL_Timer_setCCPDirection
                              0xacd    0x8  Code  Lc  ti_msp_dl_config.o [2]
DL_Timer_setCaptCompUpdateMethod
                             0x14b7   0x1a  Code  Gb  dl_timer.o [7]
DL_Timer_setCaptureCompareOutCtl
                             0x14d1   0x14  Code  Gb  dl_timer.o [7]
DL_Timer_setCaptureCompareValue
                             0x14ad    0xa  Code  Gb  dl_timer.o [7]
DL_Timer_setClockConfig
                             0x1491   0x16  Code  Gb  dl_timer.o [7]
DL_Timer_setCounterControl
                              0xae9   0x16  Code  Lc  ti_msp_dl_config.o [2]
DL_Timer_setCounterValueAfterEnable
                             0x1e73   0x10  Code  Lc  tsp_isr.o [1]
DL_Timer_setLoadValue         0xadd    0x6  Code  Lc  ti_msp_dl_config.o [2]
DL_Timer_startCounter         0xb05    0xe  Code  Lc  ti_msp_dl_config.o [2]
DL_UART_enable                0xb65   0x10  Code  Lc  ti_msp_dl_config.o [2]
DL_UART_enableInterrupt
                              0xbc1    0xc  Code  Lc  ti_msp_dl_config.o [2]
DL_UART_enablePower           0xb41    0xa  Code  Lc  ti_msp_dl_config.o [2]
DL_UART_init                 0x16d5   0x48  Code  Gb  dl_uart.o [7]
DL_UART_isRXFIFOEmpty        0x1e83    0xe  Code  Lc  tsp_isr.o [1]
DL_UART_receiveData          0x1e91    0x8  Code  Lc  tsp_isr.o [1]
DL_UART_reset                 0xb4b    0x8  Code  Lc  ti_msp_dl_config.o [2]
DL_UART_setBaudRateDivisor
                              0xb87   0x30  Code  Lc  ti_msp_dl_config.o [2]
DL_UART_setClockConfig       0x171d   0x10  Code  Gb  dl_uart.o [7]
DL_UART_setOversampling
                              0xb75   0x12  Code  Lc  ti_msp_dl_config.o [2]
DMA_IRQHandler               0x130b    0x2  Code  Wk  startup_mspm0g351x_iar.o [5]
Default_Handler              0x130b    0x2  Code  Lc  startup_mspm0g351x_iar.o [5]
Enable_GPIOA_INT             0x1905    0xa  Code  Gb  tsp_gpio.o [3]
FACTORYVALUE            0x2020'00c4    0x4  Data  Gb  dl_factoryregion.o [7]
GROUP0_IRQHandler            0x130b    0x2  Code  Wk  startup_mspm0g351x_iar.o [5]
GROUP1_IRQHandler            0x1f5f   0x74  Code  Gb  tsp_isr.o [1]
HardFault_Handler            0x130b    0x2  Code  Wk  startup_mspm0g351x_iar.o [5]
I2C0_IRQHandler              0x130b    0x2  Code  Wk  startup_mspm0g351x_iar.o [5]
I2C1_IRQHandler              0x130b    0x2  Code  Wk  startup_mspm0g351x_iar.o [5]
I2C2_IRQHandler              0x130b    0x2  Code  Wk  startup_mspm0g351x_iar.o [5]
LFSS_IRQHandler              0x130b    0x2  Code  Wk  startup_mspm0g351x_iar.o [5]
MPU6050ReadGyro              0x20e3   0x30  Code  Gb  TSP_MPU6050.o [3]
MPU6050ReadID                0x2061   0x1e  Code  Gb  TSP_MPU6050.o [3]
MPU6050_Init                 0x207f   0x64  Code  Gb  TSP_MPU6050.o [3]
MPU6050_ReadData             0x2051    0xe  Code  Gb  TSP_MPU6050.o [3]
MPU6050_ReadReg              0x203d   0x14  Code  Gb  TSP_MPU6050.o [3]
MPU6050_WriteReg             0x202d   0x10  Code  Gb  TSP_MPU6050.o [3]
MenuCursor16x16              0x2354   0x20  Data  Gb  tsp_menu.o [1]
NMI_Handler                  0x130b    0x2  Code  Wk  startup_mspm0g351x_iar.o [5]
PendSV_Handler               0x130b    0x2  Code  Wk  startup_mspm0g351x_iar.o [5]
RES_value               0x2020'0a1d    0x1  Data  Gb  TSP3519.o [4]
Region$$Table$$Base          0x4d7c          --   Gb  - Linker created -
Region$$Table$$Limit         0x4d9c          --   Gb  - Linker created -
Reset_Handler                0x4d37    0x8  Code  Wk  startup_mspm0g351x_iar.o [5]
SPI0_IRQHandler              0x130b    0x2  Code  Wk  startup_mspm0g351x_iar.o [5]
SPI1_IRQHandler              0x130b    0x2  Code  Wk  startup_mspm0g351x_iar.o [5]
SPI2_IRQHandler              0x130b    0x2  Code  Wk  startup_mspm0g351x_iar.o [5]
SVC_Handler                  0x130b    0x2  Code  Wk  startup_mspm0g351x_iar.o [5]
SYSCFG_DL_CCD_init           0x1261   0x90  Code  Wk  ti_msp_dl_config.o [2]
SYSCFG_DL_GPIO_init           0xd49  0x21c  Code  Wk  ti_msp_dl_config.o [2]
SYSCFG_DL_K230_init          0x11e1   0x44  Code  Wk  ti_msp_dl_config.o [2]
SYSCFG_DL_LCD_init           0x1225   0x3c  Code  Wk  ti_msp_dl_config.o [2]
SYSCFG_DL_MPU6050_init       0x1191   0x50  Code  Wk  ti_msp_dl_config.o [2]
SYSCFG_DL_Motor_init         0x102d   0xcc  Code  Wk  ti_msp_dl_config.o [2]
SYSCFG_DL_QEI_1_init         0x10f9   0x4c  Code  Wk  ti_msp_dl_config.o [2]
SYSCFG_DL_QEI_2_init         0x1145   0x4c  Code  Wk  ti_msp_dl_config.o [2]
SYSCFG_DL_SYSCTL_init         0xf65   0x40  Code  Wk  ti_msp_dl_config.o [2]
SYSCFG_DL_SYSTICK_init       0x12f1   0x10  Code  Wk  ti_msp_dl_config.o [2]
SYSCFG_DL_Servo_init          0xfa5   0x88  Code  Wk  ti_msp_dl_config.o [2]
SYSCFG_DL_init                0xc35   0x50  Code  Wk  ti_msp_dl_config.o [2]
SYSCFG_DL_initPower           0xc85   0xc4  Code  Wk  ti_msp_dl_config.o [2]
Scroll                  0x2020'0004    0x1  Data  Gb  tsp_menu.o [1]
SysTick_Config                0x80d   0x2e  Code  Lc  ti_msp_dl_config.o [2]
SysTick_Handler              0x1ea5   0x5e  Code  Gb  tsp_isr.o [1]
TIMA0_IRQHandler             0x130b    0x2  Code  Wk  startup_mspm0g351x_iar.o [5]
TIMA1_IRQHandler             0x130b    0x2  Code  Wk  startup_mspm0g351x_iar.o [5]
TIMG0_IRQHandler             0x130b    0x2  Code  Wk  startup_mspm0g351x_iar.o [5]
TIMG12_IRQHandler            0x130b    0x2  Code  Wk  startup_mspm0g351x_iar.o [5]
TIMG14_IRQHandler            0x130b    0x2  Code  Wk  startup_mspm0g351x_iar.o [5]
TIMG6_IRQHandler             0x130b    0x2  Code  Wk  startup_mspm0g351x_iar.o [5]
TIMG7_IRQHandler             0x130b    0x2  Code  Wk  startup_mspm0g351x_iar.o [5]
TIMG8_IRQHandler             0x130b    0x2  Code  Wk  startup_mspm0g351x_iar.o [5]
TIMG9_IRQHandler             0x130b    0x2  Code  Wk  startup_mspm0g351x_iar.o [5]
TSP_QEI1_GetCount            0x2e8d   0x10  Code  Gb  tsp_qei.o [3]
TSP_QEI2_GetCount            0x2e9d   0x10  Code  Gb  tsp_qei.o [3]
UART0_IRQHandler             0x130b    0x2  Code  Wk  startup_mspm0g351x_iar.o [5]
UART1_IRQHandler             0x130b    0x2  Code  Wk  startup_mspm0g351x_iar.o [5]
UART3_IRQHandler             0x130b    0x2  Code  Wk  startup_mspm0g351x_iar.o [5]
UART4_IRQHandler             0x130b    0x2  Code  Wk  startup_mspm0g351x_iar.o [5]
UART5_IRQHandler             0x130b    0x2  Code  Wk  startup_mspm0g351x_iar.o [5]
UART6_IRQHandler             0x1f15   0x4a  Code  Gb  tsp_isr.o [1]
UART7_IRQHandler             0x130b    0x2  Code  Wk  startup_mspm0g351x_iar.o [5]
_LC                          0x37e9    0x8  Code  Lc  xprintffull_nomb.o [6]
_LitobFullNoMb               0x45c9  0x124  Code  Lc  xprintffull_nomb.o [6]
_Locale_lconv           0x2020'00c8   0x38  Data  Lc  xlocale_c.o [6]
_PrintfFullNoMb              0x37f1  0xdd8  Code  Gb  xprintffull_nomb.o [6]
_PutcharsFullNoMb            0x4739   0x36  Code  Lc  xprintffull_nomb.o [6]
_SProut                      0x190f    0xa  Code  Gb  xsprout.o [6]
__NVIC_EnableIRQ             0x2815   0x12  Code  Lc  TSP_CCD.o [3]
__NVIC_EnableIRQ             0x18ed   0x12  Code  Lc  tsp_gpio.o [3]
__NVIC_SetPriority            0x7c9   0x44  Code  Lc  ti_msp_dl_config.o [2]
__aeabi_cdcmple              0x486d         Code  Gb  DblCmpLe.o [8]
__aeabi_cdrcmple             0x489f         Code  Gb  DblCmpGe.o [8]
__aeabi_cfcmple              0x3709         Code  Gb  FltCmpLe.o [8]
__aeabi_cfrcmple             0x34c9         Code  Gb  FltCmpGe.o [8]
__aeabi_d2f                  0x36a5         Code  Gb  DblToFlt.o [8]
__aeabi_d2iz                 0x4941         Code  Gb  DblToI32.o [8]
__aeabi_d2uiz                0x4965         Code  Gb  DblToI32.o [8]
__aeabi_dadd                 0x34f1         Code  Gb  DblAddSub.o [8]
__aeabi_ddiv                 0x49c9         Code  Gb  DblDiv.o [8]
__aeabi_dmul                 0x4a8b         Code  Gb  DblMul.o [8]
__aeabi_dsub                 0x35b7         Code  Gb  DblAddSub.o [8]
__aeabi_f2d                  0x3455         Code  Gb  FltToDbl.o [8]
__aeabi_fadd                 0x3253         Code  Gb  FltAddSub.o [8]
__aeabi_fdiv                 0x3373         Code  Gb  FltDiv.o [8]
__aeabi_fsub                 0x32c3         Code  Gb  FltAddSub.o [8]
__aeabi_i2d                  0x49b5         Code  Gb  IxxToDbl.o [8]
__aeabi_i2f                  0x323d         Code  Gb  IxxToFlt.o [8]
__aeabi_idiv                 0x2dd1         Code  Gb  I32DivModFast.o [9]
__aeabi_idiv0                0x37e5         Code  Gb  IntDivZer.o [9]
__aeabi_idivmod              0x2dd1         Code  Gb  I32DivModFast.o [9]
__aeabi_ldiv0                0x4ca5         Code  Gb  I64DivZer.o [9]
__aeabi_memcpy               0x4829         Code  Gb  ABImemcpy.o [9]
__aeabi_memcpy4              0x47f5         Code  Gb  ABImemcpy.o [9]
__aeabi_memcpy8              0x47f5         Code  Gb  ABImemcpy.o [9]
__aeabi_ui2d                 0x4995         Code  Gb  IxxToDbl.o [8]
__aeabi_ui2f                 0x321d         Code  Gb  IxxToFlt.o [8]
__aeabi_uidiv                0x2dd7         Code  Gb  I32DivModFast.o [9]
__aeabi_uidivmod             0x2dd7         Code  Gb  I32DivModFast.o [9]
__aeabi_uldivmod             0x4c1d         Code  Gb  I64DivMod.o [9]
__cmain                      0x4cd9         Code  Gb  cmain.o [9]
__exit                       0x4ca9   0x14  Code  Gb  exit.o [10]
__iar_Fail_s                 0x4785   0x22  Code  Gb  xfail_s.o [6]
__iar_Memchr                 0x47dd         Code  Gb  memchr.o [9]
__iar_Memcpy                 0x4835         Code  Gb  ABImemcpy.o [9]
__iar_Strchr                 0x4771         Code  Gb  strchr.o [9]
__iar_d2uiz                  0x4969         Code  Gb  DblToI32.o [8]
__iar_data_init3             0x4cfd   0x28  Code  Gb  data_init.o [9]
__iar_frexp                  0x484f         Code  Gb  frexp.o [8]
__iar_frexp64                0x4843         Code  Gb  frexp.o [8]
__iar_frexpl                 0x484f         Code  Gb  frexp.o [8]
__iar_ldexp64                0x48d1         Code  Gb  ldexp.o [8]
__iar_packbits_init_single3
                             0x3417   0x3e  Code  Gb  packbits_init_single.o [9]
__iar_program_start          0x4cbd         Code  Gb  cstartup_M.o [9]
__iar_scalbln64              0x48d1         Code  Gb  ldexp.o [8]
__iar_scalbn64               0x48d1         Code  Gb  ldexp.o [8]
__iar_zero_init3             0x4d3f   0x3c  Code  Gb  zero_init3.o [9]
__low_level_init             0x4cf7    0x4  Code  Gb  low_level_init.o [6]
__vector_table                  0x0   0xc0  Data  Gb  startup_mspm0g351x_iar.o [5]
_call_main                   0x4ce5         Code  Gb  cmain.o [9]
_exit                        0x4d2d         Code  Gb  cexit.o [9]
abort                        0x4c99    0xa  Code  Gb  abort.o [6]
ccd_data_binary         0x2020'0200  0x100  Data  Gb  tsp_ccd_image.o [1]
ccd_data_gray           0x2020'0100  0x100  Data  Gb  tsp_ccd_image.o [1]
ccd_data_old            0x2020'0828  0x100  Data  Gb  TSP_CCD.o [3]
ccd_data_raw            0x2020'0728  0x100  Data  Gb  TSP_CCD.o [3]
ccd_data_show           0x2020'0300  0x100  Data  Gb  tsp_ccd_image.o [1]
ccd_data_temp           0x2020'0400  0x100  Data  Gb  tsp_ccd_image.o [1]
ccd_index               0x2020'0724    0x1  Data  Gb  TSP_CCD.o [3]
change                  0x2020'0005    0x1  Data  Gb  tsp_menu.o [1]
delay                   0x2020'09fc    0x4  Data  Lc  tsp_isr.o [1]
delay_1ms                    0x1e99    0xc  Code  Gb  tsp_isr.o [1]
encoder_pulse_qei1      0x2020'0a12    0x2  Data  Gb  TSP3519.o [4]
encoder_pulse_qei2      0x2020'0a14    0x2  Data  Gb  TSP3519.o [4]
encoder_speed_qei1      0x2020'0a16    0x2  Data  Gb  TSP3519.o [4]
encoder_speed_qei2      0x2020'0a18    0x2  Data  Gb  TSP3519.o [4]
exit                         0x4d25    0x8  Code  Gb  exit.o [6]
flag_20_ms              0x2020'0a1c    0x1  Data  Gb  TSP3519.o [4]
frexp                        0x4843         Code  Gb  frexp.o [8]
frexpl                       0x4843         Code  Gb  frexp.o [8]
gCCDClockConfig               0x128    0x8  Data  Lc  ti_msp_dl_config.o [2]
gK230ClockConfig              0x10a    0x2  Data  Lc  ti_msp_dl_config.o [2]
gK230Config                   0x10c    0xc  Data  Lc  ti_msp_dl_config.o [2]
gLCDBackup              0x2020'06fc   0x28  Data  Gb  ti_msp_dl_config.o [2]
gLCD_clockConfig              0x124    0x2  Data  Lc  ti_msp_dl_config.o [2]
gLCD_config                   0x118    0xc  Data  Lc  ti_msp_dl_config.o [2]
gMPU6050ClockConfig           0x108    0x2  Data  Lc  ti_msp_dl_config.o [2]
gMotorBackup            0x2020'0500   0xbc  Data  Gb  ti_msp_dl_config.o [2]
gMotorClockConfig              0xf4    0x4  Data  Lc  ti_msp_dl_config.o [2]
gMotorConfig                   0xf8    0x8  Data  Lc  ti_msp_dl_config.o [2]
gQEI_1ClockConfig             0x100    0x4  Data  Lc  ti_msp_dl_config.o [2]
gQEI_2Backup            0x2020'065c   0xa0  Data  Gb  ti_msp_dl_config.o [2]
gQEI_2ClockConfig             0x104    0x4  Data  Lc  ti_msp_dl_config.o [2]
gSYSPLLConfig                  0xc0   0x28  Data  Lc  ti_msp_dl_config.o [2]
gServoBackup            0x2020'05bc   0xa0  Data  Gb  ti_msp_dl_config.o [2]
gServoClockConfig              0xe8    0x4  Data  Lc  ti_msp_dl_config.o [2]
gServoConfig                   0xec    0x8  Data  Lc  ti_msp_dl_config.o [2]
gyro_bias               0x2020'00a8    0xc  Data  Lc  TSP_MPU6050.o [3]
gyro_bias_update             0x2113   0x64  Code  Gb  TSP_MPU6050.o [3]
gz_filtered             0x2020'00c0    0x4  Data  Gb  TSP_MPU6050.o [3]
kd_motor                0x2020'0a04    0x4  Data  Gb  TSP3519.o [4]
ki_motor                0x2020'0a00    0x4  Data  Gb  TSP3519.o [4]
kp_motor                0x2020'0000    0x4  Data  Gb  TSP3519.o [4]
ldexp                        0x48d1         Code  Gb  ldexp.o [8]
ldexpl                       0x48d1         Code  Gb  ldexp.o [8]
localeconv                   0x4c11    0x4  Code  Gb  xlocale_c.o [6]
main                         0x1869   0x5e  Code  Gb  TSP3519.o [4]
memchr                       0x47dd         Code  Gb  memchr.o [9]
menu_id                 0x2020'0a1a    0x1  Data  Gb  TSP3519.o [4]
menu_item0              0x2020'0008   0xa0  Data  Gb  tsp_menu.o [1]
mspm0_get_clock_ms           0x1f03   0x12  Code  Gb  tsp_isr.o [1]
mspm0_i2c_disable            0x2fad   0x3a  Code  Gb  tsp_i2c.o [3]
mspm0_i2c_enable             0x2fe7   0x4c  Code  Gb  tsp_i2c.o [3]
mspm0_i2c_read               0x3105   0xce  Code  Gb  tsp_i2c.o [3]
mspm0_i2c_sda_unlock         0x3033   0x46  Code  Gb  tsp_i2c.o [3]
mspm0_i2c_write              0x3079   0x84  Code  Gb  tsp_i2c.o [3]
para_set                     0x2375  0x44c  Code  Gb  tsp_menu.o [1]
pitch                   0x2020'00b8    0x4  Data  Lc  TSP_MPU6050.o [3]
qei1_direction          0x2020'09ec    0x1  Data  Lc  tsp_qei.o [3]
qei1_last_count         0x2020'09f0    0x4  Data  Lc  tsp_qei.o [3]
qei2_direction          0x2020'09ed    0x1  Data  Lc  tsp_qei.o [3]
qei2_last_count         0x2020'09f4    0x4  Data  Lc  tsp_qei.o [3]
roll                    0x2020'00bc    0x4  Data  Lc  TSP_MPU6050.o [3]
rx_buffer               0x2020'0928   0x80  Data  Gb  TSP3519.o [4]
rx_flag                 0x2020'0a1b    0x1  Data  Gb  TSP3519.o [4]
rx_idx                  0x2020'0a10    0x2  Data  Gb  TSP3519.o [4]
scalbln                      0x48d1         Code  Gb  ldexp.o [8]
scalblnl                     0x48d1         Code  Gb  ldexp.o [8]
scalbn                       0x48d1         Code  Gb  ldexp.o [8]
scalbnl                      0x48d1         Code  Gb  ldexp.o [8]
scale                        0x46ed   0x44  Code  Lc  xprintffull_nomb.o [6]
sec_hand                0x2020'0a0c    0x4  Data  Lc  xfail_s.o [6]
show_menu_cursor             0x22c9   0x8c  Code  Gb  tsp_menu.o [1]
speed                   0x2020'0a08    0x4  Data  Gb  TSP3519.o [4]
sprintf                      0x3489   0x40  Code  Gb  sprintf.o [6]
strchr                       0x4771         Code  Gb  strchr.o [9]
strlen                       0x47cd         Code  Gb  strlen.o [9]
sys_tick_counter        0x2020'09f8    0x4  Data  Gb  tsp_isr.o [1]
tft_ascii                     0x16c  0x5f0  Data  Gb  TSP_TFT18.o [3]
tsp_ccd_binary               0x2bfd   0x24  Code  Gb  tsp_ccd_image.o [1]
tsp_ccd_data2Gray            0x2bdd   0x20  Code  Gb  tsp_ccd_image.o [1]
tsp_ccd_delay_1us            0x2841   0x22  Code  Gb  TSP_CCD.o [3]
tsp_ccd_detect_scene         0x2cb9   0x62  Code  Gb  tsp_ccd_image.o [1]
tsp_ccd_flush                0x28a5   0xd0  Code  Gb  TSP_CCD.o [3]
tsp_ccd_image_dilate         0x2c83   0x36  Code  Gb  tsp_ccd_image.o [1]
tsp_ccd_image_erode          0x2c3d   0x46  Code  Gb  tsp_ccd_image.o [1]
tsp_ccd_init                 0x2863    0xa  Code  Gb  TSP_CCD.o [3]
tsp_ccd_pulse_CLK            0x286d   0x38  Code  Lc  TSP_CCD.o [3]
tsp_ccd_show                 0x2a95   0x46  Code  Gb  TSP_CCD.o [3]
tsp_ccd_snapshot             0x2975  0x120  Code  Gb  TSP_CCD.o [3]
tsp_ccd_threshold_mean       0x2c21   0x1c  Code  Gb  tsp_ccd_image.o [1]
tsp_demo_frame_ccd           0x2adb   0x22  Code  Gb  TSP_CCD.o [3]
tsp_img_test                 0x2d25   0x76  Code  Gb  tsp_ccd_image.o [1]
tsp_menu_loop                0x21a1  0x116  Code  Gb  tsp_menu.o [1]
tsp_show1_ccd_gray           0x2b8f   0x4e  Code  Gb  tsp_ccd_image.o [1]
tsp_spi_write_byte           0x1a2d   0x14  Code  Lc  TSP_TFT18.o [3]
tsp_tft18_clear              0x1ac3   0x36  Code  Gb  TSP_TFT18.o [3]
tsp_tft18_draw_block         0x1dd1   0x72  Code  Gb  TSP_TFT18.o [3]
tsp_tft18_draw_frame         0x1d6f   0x62  Code  Gb  TSP_TFT18.o [3]
tsp_tft18_draw_line_h        0x1ce9   0x44  Code  Gb  TSP_TFT18.o [3]
tsp_tft18_draw_line_v        0x1d2d   0x42  Code  Gb  TSP_TFT18.o [3]
tsp_tft18_draw_pixel         0x1b05   0x14  Code  Gb  TSP_TFT18.o [3]
tsp_tft18_init               0x1927  0x106  Code  Gb  TSP_TFT18.o [3]
tsp_tft18_set_region         0x1a8d   0x36  Code  Gb  TSP_TFT18.o [3]
tsp_tft18_set_xy             0x1af9    0xc  Code  Gb  TSP_TFT18.o [3]
tsp_tft18_show_char          0x1b19   0x5a  Code  Gb  TSP_TFT18.o [3]
tsp_tft18_show_char_color
                             0x1b73   0x72  Code  Gb  TSP_TFT18.o [3]
tsp_tft18_show_str           0x1c01   0x28  Code  Gb  TSP_TFT18.o [3]
tsp_tft18_show_str_color
                             0x1c29   0x40  Code  Gb  TSP_TFT18.o [3]
tsp_tft18_show_uint16        0x1c69   0x7a  Code  Gb  TSP_TFT18.o [3]
tsp_tft18_write_2byte        0x1a6d   0x20  Code  Gb  TSP_TFT18.o [3]
tsp_tft18_write_byte         0x1a57   0x16  Code  Gb  TSP_TFT18.o [3]
tsp_tft18_write_cmd          0x1a41   0x16  Code  Gb  TSP_TFT18.o [3]
yaw                     0x2020'00b4    0x4  Data  Lc  TSP_MPU6050.o [3]


[1] = D:\Study_resources\电赛\TSP\TSP3519\iar\Debug\Obj\NUEDU2025_11847588325976546582.dir
[2] = D:\Study_resources\电赛\TSP\TSP3519\iar\Debug\Obj\SysConfig Generated Files_5435349133262493662.dir
[3] = D:\Study_resources\电赛\TSP\TSP3519\iar\Debug\Obj\TSP3519_9401757970942732151.dir
[4] = D:\Study_resources\电赛\TSP\TSP3519\iar\Debug\Obj\empty_mspm0g3519_13168490636323535303.dir
[5] = D:\Study_resources\电赛\TSP\TSP3519\iar\Debug\Obj\iar_102420246905159791.dir
[6] = dl6M_tlf.a
[7] = driverlib.a
[8] = m6M_tl.a
[9] = rt6M_tl.a
[10] = shb_l.a

  17'841 bytes of readonly  code memory
   2'137 bytes of readonly  data memory
   3'103 bytes of readwrite data memory

Errors: none
Warnings: none
